02-04 19:17:04.408 D/NetdConnector( 1090): RCV <- {661 ReportType 0 0 0 0 0 0 0 0 0 0 0 0 0 0 0 0 0 0 0 0 0 0 0 0 0 0 0 0 0 0 0 0 0 0 0 0 0 0 0 0 0 0 0 0 0 0 0 0 0 0 0 0 0 0 0 0 0 0 0 0 0 0 0 0 0 0 0 0 0 0 0 0 0 0 0 0 0 0 0 0 0 0 0 0 0 0 0 0 0 0 0 0 0 0 0 0 0 0 0 0 0 0 0 0 0 0 0 0 0 0 0 0 0 0 0 0 0 0 0 0 0 0 0 0 0 0 0 0 0 0 0 0 0 0 0 0 0 0 0 0 0 0 0 0 0 0 0 0 0 0 0 0 0 0 0 0 0 0 0 0 0 0 0 0 0 0 0 0 0 0 0 0 0 0 0 0 0 0 0 0 0 0 0 0 0 0 0 0 0 0 0 0 0 0 0 0 0 0 0 0 0 0 0 0 0 0 0 0 0 0 0 0 ReportType 0 289 10 1 0 0 1 3 1 0 0 0 0 0 2 0 0 0 1 1 0 0 0 0 0 0 0 0 0 0 0 0 0 0 0 0 0 0 0 0 0 0 0 0 0 0 0 0 0 0 0 0 0 0 0 0 0 0 0 0 0 0 0 0 0 0 0 0 0 0 0 0 0 0 0 0 0 0 0 0 0 0 0 0 0 0 0 0 0 0 0 0 0 0 0 0 0 0 0 0 0 0 0 0 0 0 0 0 0 0 0 0 0 0 0 0 0 0 0 0 0 0 0 0 0 0 0 0 0 0 0 0 0 0 0 0 0 0 0 0 0 0 0 0 0 0 0 0 0 0 0 0 0 0 0 0 0 0 0 0 0 0 0 0 0 0 0 0 0 0 0 0 0 0 0 0 0 0 0 0 0 0 0 0 0 0 0 0 0 0 0 0 0 0 0 0 0 0 0 0 0 0 0 0 0 0 0 0 0 0 0 0}
02-04 19:17:04.410 D/NetdConnector( 1090): RCV unsolicited event from native daemon, event = 661
02-04 19:17:04.411 D/WifiP2pService( 1090): InactiveState143375
02-04 19:17:04.411 E/HwWifiP2pService( 1090): Unhandled message when=17044871 what=143375 arg1=0 arg2=0
02-04 19:17:04.412 D/WifiP2pService( 1090): P2pEnabledState when=17044871 what=143375 arg1=0 arg2=0
02-04 19:17:04.412 D/NetdConnector( 1090): RCV <- {600 Iface linkstate wlan0 up}
02-04 19:17:04.413 D/HwNetworkManagementService( 1090): onEvent receive Web Stat Report:661 ReportType 0 0 0 0 0 0 0 0 0 0 0 0 0 0 0 0 0 0 0 0 0 0 0 0 0 0 0 0 0 0 0 0 0 0 0 0 0 0 0 0 0 0 0 0 0 0 0 0 0 0 0 0 0 0 0 0 0 0 0 0 0 0 0 0 0 0 0 0 0 0 0 0 0 0 0 0 0 0 0 0 0 0 0 0 0 0 0 0 0 0 0 0 0 0 0 0 0 0 0 0 0 0 0 0 0 0 0 0 0 0 0 0 0 0 0 0 0 0 0 0 0 0 0 0 0 0 0 0 0 0 0 0 0 0 0 0 0 0 0 0 0 0 0 0 0 0 0 0 0 0 0 0 0 0 0 0 0 0 0 0 0 0 0 0 0 0 0 0 0 0 0 0 0 0 0 0 0 0 0 0 0 0 0 0 0 0 0 0 0 0 0 0 0 0 0 0 0 0 0 0 0 0 0 0 0 0 0 0 0 0 0 0 ReportType 0 289 10 1 0 0 1 3 1 0 0 0 0 0 2 0 0 0 1 1 0 0 0 0 0 0 0 0 0 0 0 0 0 0 0 0 0 0 0 0 0 0 0 0 0 0 0 0 0 0 0 0 0 0 0 0 0 0 0 0 0 0 0 0 0 0 0 0 0 0 0 0 0 0 0 0 0 0 0 0 0 0 0 0 0 0 0 0 0 0 0 0 0 0 0 0 0 0 0 0 0 0 0 0 0 0 0 0 0 0 0 0 0 0 0 0 0 0 0 0 0 0 0 0 0 0 0 0 0 0 0 0 0 0 0 0 0 0 0 0 0 0 0 0 0 0 0 0 0 0 0 0 0 0 0 0 0 0 0 0 0 0 0 0 0 0 0 0 0 0 0 0 0 0 0 0 0 0 0 0 0 0 0 0 0 0 0 0 0 0 0 0 0 0 0 0 0 0 0 0 0 0 0 0 0 0 0 0 0 0 0 0
02-04 19:17:04.413 D/NetdConnector( 1090): RCV <- {600 Iface linkstate wlan0 up}
02-04 19:17:04.413 W/ContextImpl( 1090): Calling a method in the system process without a qualified user: android.app.ContextImpl.sendBroadcast:1074 com.android.server.HwNetworkManagementService.sendWebStatMessage:1086 com.android.server.HwServiceFactoryImpl$HwNetworkManagementServiceImpl.sendWebStatMessage:701 com.android.server.NetworkManagementService$NetdCallbackReceiver.onEvent:1024 com.android.server.NativeDaemonConnector.handleMessage:163 
02-04 19:17:04.414 D/ConnectivityService( 1090): NetworkAgentInfo [WIFI () - 191] EVENT_NETWORK_INFO_CHANGED, going from CONNECTED to DISCONNECTED
02-04 19:17:04.414 D/HwConnectivityService( 1090): hintUserSwitchToMobileWhileWifiDisconnected, state=DISCONNECTED  type =1
02-04 19:17:04.414 D/HwConnectivityService( 1090): enableDefaultTypeAPN(true) in hintUserSwitchToMobileWhileWifiDisconnected
02-04 19:17:04.414 D/NetdConnector( 1090): RCV <- {600 Iface linkstate wlan0 up}
02-04 19:17:04.416 D/NetdConnector( 1090): RCV <- {600 Iface linkstate wlan0 up}
02-04 19:17:04.417 D/HwWifiP2pService( 1090): onReceive, action:android.net.wifi.STATE_CHANGE
02-04 19:17:04.418 D/WifiService( 1090): onReceive, action:android.net.wifi.STATE_CHANGE
02-04 19:17:04.418 D/HwWifiService( 1090): onReceive, action:android.net.wifi.STATE_CHANGE
02-04 19:17:04.420 D/ConnectivityService( 1090): NetworkAgentInfo [WIFI () - 191] got DISCONNECTED, was satisfying 13
02-04 19:17:04.421 D/NetdConnector( 1090): RCV unsolicited event from native daemon, event = 600
02-04 19:17:04.422 D/NetdConnector( 1090): RCV unsolicited event from native daemon, event = 600
02-04 19:17:04.434 D/NetdConnector( 1090): SND -> {2812 bandwidth gettetherstats}
02-04 19:17:04.439 D/NetdConnector( 1090): RCV <- {200 2812 Tethering stats list completed}
02-04 19:17:04.441 D/NetdConnector( 1090): RCV <- {200 2812 Tethering stats list completed}
02-04 19:17:04.442 D/HwWifiP2pService( 1090): onReceive, action:android.net.wifi.STATE_CHANGE
02-04 19:17:04.443 D/WifiService( 1090): onReceive, action:android.net.wifi.STATE_CHANGE
02-04 19:17:04.443 D/HwWifiService( 1090): onReceive, action:android.net.wifi.STATE_CHANGE
02-04 19:17:04.448 W/NetworkStatsFactory( 1090): mStatsXtProcUid: /proc/net/comm/stats does not exist!
02-04 19:17:04.448 D/HwNetworkStatsService( 1090): hwRecordUidAndProcSnapshotLocked currentTime = 1580811424423
02-04 19:17:04.455 I/NetworkStatsFactory( 1090): javaReadNetworkStatsUidAndProcDetail. cost time = 7
02-04 19:17:04.455 W/ContextImpl(10539): Calling a method in the system process without a qualified user: android.app.ContextImpl.startService:1656 android.content.ContextWrapper.startService:644 android.content.ContextWrapper.startService:644 com.android.settings.wifi.AccessPointConnectedReceiver.onReceive:28 android.app.ActivityThread.handleReceiver:3804 
02-04 19:17:04.458 I/HwAlarmManagerService( 1090): hwSetAlarm listenerTag: WriteBufferAlarm
02-04 19:17:04.461 D/ConnectivityService( 1090): notifyType LOST for NetworkAgentInfo [WIFI () - 191]
02-04 19:17:04.463 D/ConnectivityService( 1090): sending new Min Network Score(0): NetworkRequest [ REQUEST id=1, [ Capabilities: INTERNET&NOT_RESTRICTED&TRUSTED&NOT_VPN] ]
02-04 19:17:04.464 D/ConnectivityService( 1090): sending new Min Network Score(0): NetworkRequest [ TRACK_DEFAULT id=3, [ Capabilities: INTERNET&NOT_RESTRICTED&TRUSTED&NOT_VPN] ]
02-04 19:17:04.464 D/ConnectivityService( 1090): sending new Min Network Score(0): NetworkRequest [ TRACK_DEFAULT id=4, [ Capabilities: INTERNET&NOT_RESTRICTED&TRUSTED&NOT_VPN] ]
02-04 19:17:04.465 D/NetdConnector( 1090): SND -> {2813 idletimer remove wlan0 15 1}
02-04 19:17:04.477 D/NetdConnector( 1090): SND -> {2814 interface setcfg wlan0  ********  0}
02-04 19:17:04.486 I/HwAlarmManagerService( 1090): hwSetAlarm listenerTag: WifiConnectivityManager Schedule Watchdog Timer
02-04 19:17:04.487 V/BroadcastQueue( 1090): Finished with ordered broadcast BroadcastRecord{b31a96e u-1 android.net.wifi.STATE_CHANGE}
02-04 19:17:04.510 I/HwAlarmManagerService( 1090): hwSetAlarm listenerTag: WifiConnectivityManager Schedule Periodic Scan Timer
02-04 19:17:04.515 I/HwAlarmManagerService( 1090): hwSetAlarm listenerTag: WificondScannerImpl Scan Timeout
02-04 19:17:04.515 W/ContextImpl(10539): Calling a method in the system process without a qualified user: android.app.ContextImpl.startService:1656 android.content.ContextWrapper.startService:644 android.content.ContextWrapper.startService:644 com.android.settings.wifi.AccessPointConnectedReceiver.onReceive:28 android.app.ActivityThread.handleReceiver:3804 
02-04 19:17:04.529 V/BroadcastQueue( 1090): Finished with ordered broadcast BroadcastRecord{ed8d80f u-1 android.net.wifi.STATE_CHANGE}
02-04 19:17:04.534 V/BroadcastQueue( 1090): Finished with ordered broadcast BroadcastRecord{443baa5 u-1 android.net.wifi.supplicant.STATE_CHANGE}
02-04 19:17:04.550 D/NetdConnector( 1090): RCV <- {200 2813 Remove success}
02-04 19:17:04.552 W/SocketListener(  447): sending broadcast to Pid = 1090, Uid = 1000 
02-04 19:17:04.552 D/NetdConnector( 1090): RCV <- {200 2813 Remove success}
02-04 19:17:04.553 D/NetdConnector( 1090): RCV <- {200 2814 Interface configuration set}
02-04 19:17:04.555 D/NetdConnector( 1090): RCV <- {200 2814 Interface configuration set}
02-04 19:17:04.555 D/ConnectivityService( 1090): Sending DISCONNECTED broadcast for type 1 NetworkAgentInfo [WIFI () - 191] isDefaultNetwork=true
02-04 19:17:04.555 D/ConnectivityService( 1090): sendStickyBroadcast: action=android.net.conn.CONNECTIVITY_CHANGE
02-04 19:17:04.556 D/NetdConnector( 1090): RCV <- {614 Address removed  ******** /21 wlan0 128 0}
02-04 19:17:04.557 D/NetdConnector( 1090): RCV <- {614 Address removed  ******** /21 wlan0 128 0}
02-04 19:17:04.558 D/NetdConnector( 1090): SND -> {2815 interface ipv6 wlan0 disable}
02-04 19:17:04.558 D/NetdConnector( 1090): RCV unsolicited event from native daemon, event = 614
02-04 19:17:04.559 D/NetdConnector( 1090): SND -> {2816 network destroy 191}
02-04 19:17:04.560 I/HwNetworkPolicy( 1090): onTransact, code = 15
02-04 19:17:04.561 W/ContextImpl( 1698): Calling a method in the system process without a qualified user: android.app.ContextImpl.startService:1656 android.content.ContextWrapper.startService:644 com.huawei.systemmanager.rainbow.client.background.service.CloudBroadcastHandlerService$1.onReceive:69 android.app.LoadedApk$ReceiverDispatcher$Args.lambda$-android_app_LoadedApk$ReceiverDispatcher$Args_58300:1435 android.app.-$Lambda$FilBqgnXJrN9Mgyks1XHeAxzSTk.$m$0:4 
02-04 19:17:04.563 W/SocketListener(  447): sending broadcast to Pid = 1090, Uid = 1000 
02-04 19:17:04.566 V/BroadcastQueue( 1090): Finished with ordered broadcast BroadcastRecord{7117846 u-1 android.net.conn.CONNECTIVITY_CHANGE}
02-04 19:17:04.581 D/HwNetworkStatsService( 1090): hwMaybeUidAndProcPersistLocked currentTime = 1580811424581
02-04 19:17:04.581 W/SocketListener(  447): sending broadcast to Pid = 1090, Uid = 1000 
02-04 19:17:04.582 D/NetdConnector( 1090): SND -> {2817 bandwidth setglobalalert 2097152}
02-04 19:17:04.584 W/ContextImpl( 1698): Calling a method in the system process without a qualified user: android.app.ContextImpl.sendBroadcast:1095 android.content.ContextWrapper.sendBroadcast:436 com.huawei.systemmanager.service.InitValueService$ConnectivityBroadcastReceiver.onReceive:88 android.app.LoadedApk$ReceiverDispatcher$Args.lambda$-android_app_LoadedApk$ReceiverDispatcher$Args_58300:1435 android.app.-$Lambda$FilBqgnXJrN9Mgyks1XHeAxzSTk.$m$0:4 
02-04 19:17:04.585 I/GcmHeartBeatFixer( 1090): scheduleHeartbeatRequest, fromNetworkStateChange: true
02-04 19:17:04.585 D/GcmHeartBeatFixer( 1090): cancelHeartbeatRequest...
02-04 19:17:04.593 W/ContextImpl( 1698): Calling a method in the system process without a qualified user: android.app.ContextImpl.startService:1656 android.content.ContextWrapper.startService:644 com.huawei.systemmanager.service.InitValueService$ConnectivityBroadcastReceiver.onReceive:99 android.app.LoadedApk$ReceiverDispatcher$Args.lambda$-android_app_LoadedApk$ReceiverDispatcher$Args_58300:1435 android.app.-$Lambda$FilBqgnXJrN9Mgyks1XHeAxzSTk.$m$0:4 
02-04 19:17:04.593 D/NetdConnector( 1090): RCV <- {200 2815 IPv6 state changed}
02-04 19:17:04.594 D/NetdConnector( 1090): RCV <- {200 2815 IPv6 state changed}
02-04 19:17:04.595 D/NetdConnector( 1090): RCV <- {616 Route removed ****/64 dev wlan0}
02-04 19:17:04.595 D/NetdConnector( 1090): SND -> {2818 interface clearaddrs wlan0}
02-04 19:17:04.596 D/NetdConnector( 1090): RCV <- {616 Route removed ****/64 dev wlan0}
02-04 19:17:04.596 D/NetdConnector( 1090): RCV unsolicited event from native daemon, event = 616
02-04 19:17:04.598 D/NetdConnector( 1090): RCV <- {200 2816 success}
02-04 19:17:04.599 D/NetdConnector( 1090): RCV <- {200 2816 success}
02-04 19:17:04.599 D/ConnectivityService( 1090): EVENT_NETWORK_INFO_CHANGED from unknown NetworkAgent
02-04 19:17:04.600 D/NetdConnector( 1090): RCV <- {614 Address removed ****************28f4/64 wlan0 128 253}
02-04 19:17:04.600 D/NetdConnector( 1090): RCV <- {614 Address removed ****************28f4/64 wlan0 128 253}
02-04 19:17:04.601 D/NetdConnector( 1090): RCV unsolicited event from native daemon, event = 614
02-04 19:17:04.602 D/NetdConnector( 1090): RCV <- {200 2817 Bandwidth command succeeeded}
02-04 19:17:04.602 D/NetdConnector( 1090): RCV <- {200 2817 Bandwidth command succeeeded}
02-04 19:17:04.603 D/NetdConnector( 1090): RCV <- {200 2818 Interface IP addresses cleared}
02-04 19:17:04.604 D/NetdConnector( 1090): RCV <- {200 2818 Interface IP addresses cleared}
02-04 19:17:04.605 D/HwMultiNlpPolicy( 1090): receive broadcast intent, action: android.net.conn.CONNECTIVITY_CHANGE
02-04 19:17:04.606 D/HwMultiNlpPolicy( 1090): isWifiNetworkConnected: false
02-04 19:17:04.609 D/HwConnectivityService( 1090): return the background wifi network info for system manager.
02-04 19:17:04.613 D/HwConnectivityService( 1090): return the background wifi network info for system manager.
02-04 19:17:04.615 V/BroadcastQueue( 1090): Finished with ordered broadcast BroadcastRecord{4df995d u0 com.huawei.harassmentinterception.update.ALARM_TASK}
02-04 19:17:04.808 W/SocketListener(  447): sending broadcast to Pid = 1090, Uid = 1000 
02-04 19:17:04.809 D/NetdConnector( 1090): RCV <- {600 Iface linkstate wlan0 up}
02-04 19:17:04.811 D/NetdConnector( 1090): RCV <- {600 Iface linkstate wlan0 up}
02-04 19:17:04.812 D/NetdConnector( 1090): RCV unsolicited event from native daemon, event = 600
02-04 19:17:04.830 V/BroadcastQueue( 1090): Finished with ordered broadcast BroadcastRecord{4816e59 u-1 android.net.wifi.SCAN_RESULTS}
02-04 19:17:04.858 I/HwAlarmManagerService( 1090): hwSetAlarm listenerTag: WificondScannerImpl Scan Timeout
02-04 19:17:06.630 W/SocketListener(  447): sending broadcast to Pid = 1090, Uid = 1000 
02-04 19:17:06.632 D/NetdConnector( 1090): RCV <- {600 Iface linkstate wlan0 up}
02-04 19:17:06.634 D/NetdConnector( 1090): RCV <- {600 Iface linkstate wlan0 up}
02-04 19:17:06.636 D/NetdConnector( 1090): RCV unsolicited event from native daemon, event = 600
02-04 19:17:06.676 V/BroadcastQueue( 1090): Finished with ordered broadcast BroadcastRecord{c914a1e u-1 android.net.wifi.SCAN_RESULTS}
02-04 19:17:07.717 W/wificond(  651): Scan is not started. Ignore abort request
02-04 19:17:07.736 D/HwWifiP2pService( 1090): onReceive, action:android.net.wifi.STATE_CHANGE
02-04 19:17:07.740 D/WifiService( 1090): onReceive, action:android.net.wifi.STATE_CHANGE
02-04 19:17:07.741 D/HwWifiService( 1090): onReceive, action:android.net.wifi.STATE_CHANGE
02-04 19:17:07.754 W/ContextImpl(10539): Calling a method in the system process without a qualified user: android.app.ContextImpl.startService:1656 android.content.ContextWrapper.startService:644 android.content.ContextWrapper.startService:644 com.android.settings.wifi.AccessPointConnectedReceiver.onReceive:28 android.app.ActivityThread.handleReceiver:3804 
02-04 19:17:07.764 V/BroadcastQueue( 1090): Finished with ordered broadcast BroadcastRecord{fa5e2ff u-1 android.net.wifi.STATE_CHANGE}
02-04 19:17:07.767 V/BroadcastQueue( 1090): Finished with ordered broadcast BroadcastRecord{50588cc u-1 android.net.wifi.supplicant.STATE_CHANGE}
02-04 19:17:08.494 D/HwWifiP2pService( 1090): onReceive, action:android.net.wifi.STATE_CHANGE
02-04 19:17:08.494 D/WifiService( 1090): onReceive, action:android.net.wifi.STATE_CHANGE
02-04 19:17:08.494 D/HwWifiService( 1090): onReceive, action:android.net.wifi.STATE_CHANGE
02-04 19:17:08.523 W/ContextImpl(10539): Calling a method in the system process without a qualified user: android.app.ContextImpl.startService:1656 android.content.ContextWrapper.startService:644 android.content.ContextWrapper.startService:644 com.android.settings.wifi.AccessPointConnectedReceiver.onReceive:28 android.app.ActivityThread.handleReceiver:3804 
02-04 19:17:08.524 D/HwWifiP2pService( 1090): onReceive, action:android.net.wifi.STATE_CHANGE
02-04 19:17:08.524 D/WifiService( 1090): onReceive, action:android.net.wifi.STATE_CHANGE
02-04 19:17:08.524 D/HwWifiService( 1090): onReceive, action:android.net.wifi.STATE_CHANGE
02-04 19:17:08.540 V/BroadcastQueue( 1090): Finished with ordered broadcast BroadcastRecord{83ea2a u-1 android.net.wifi.STATE_CHANGE}
02-04 19:17:08.549 W/ContextImpl(10539): Calling a method in the system process without a qualified user: android.app.ContextImpl.startService:1656 android.content.ContextWrapper.startService:644 android.content.ContextWrapper.startService:644 com.android.settings.wifi.AccessPointConnectedReceiver.onReceive:28 android.app.ActivityThread.handleReceiver:3804 
02-04 19:17:08.559 V/BroadcastQueue( 1090): Finished with ordered broadcast BroadcastRecord{fffb01b u-1 android.net.wifi.STATE_CHANGE}
02-04 19:17:08.564 V/BroadcastQueue( 1090): Finished with ordered broadcast BroadcastRecord{76865b8 u-1 android.net.wifi.supplicant.STATE_CHANGE}
02-04 19:17:08.589 D/HwWifiP2pService( 1090): onReceive, action:android.net.wifi.STATE_CHANGE
02-04 19:17:08.589 D/WifiService( 1090): onReceive, action:android.net.wifi.STATE_CHANGE
02-04 19:17:08.589 D/HwWifiService( 1090): onReceive, action:android.net.wifi.STATE_CHANGE
02-04 19:17:08.600 W/ContextImpl(10539): Calling a method in the system process without a qualified user: android.app.ContextImpl.startService:1656 android.content.ContextWrapper.startService:644 android.content.ContextWrapper.startService:644 com.android.settings.wifi.AccessPointConnectedReceiver.onReceive:28 android.app.ActivityThread.handleReceiver:3804 
02-04 19:17:08.611 V/BroadcastQueue( 1090): Finished with ordered broadcast BroadcastRecord{95f32f7 u-1 android.net.wifi.STATE_CHANGE}
02-04 19:17:08.614 V/BroadcastQueue( 1090): Finished with ordered broadcast BroadcastRecord{11a2564 u-1 android.net.wifi.supplicant.STATE_CHANGE}
02-04 19:17:08.755 V/BroadcastQueue( 1090): Finished with ordered broadcast BroadcastRecord{3ca0793 u0 com.google.android.intent.action.GCM_RECONNECT}
--------- beginning of main
02-04 19:17:08.757 W/libc    (  447): Set property "hw.wifipro.dns_fail_count" to "659"
02-04 19:17:08.759 D/HwConnectivityManagerImpl( 1090):  sendIntentPsSlowDnsFail mSendDnsFailFlag = truemDnsFailQ.size() = 4
02-04 19:17:08.760 E/WakeLock(12678): GCM_HB_ALARM release without a matched acquire!
02-04 19:17:08.760 W/WakeLock(12678): GCM_HB_ALARM counter does not exist
02-04 19:17:08.931 I/OAM     ( 1052): [check_file_size:505]/data/log/hi110x/bfg_log/bfg_log_1 log file beyond size=10240Byte, creat new file
02-04 19:17:08.931 I/OAM     ( 1052): [rename_old_file:210]rename_old_file
02-04 19:17:08.931 I/OAM     ( 1052): 
02-04 19:17:09.246 E/        (  686): [E/capacity_limit_control] not demo version, not set power control prop!
02-04 19:17:09.306 I/OAM     ( 1052): [check_file_size:505]/data/log/hi110x/bfg_log/bfg_log_1 log file beyond size=10240Byte, creat new file
02-04 19:17:09.307 I/OAM     ( 1052): [rename_old_file:210]rename_old_file
02-04 19:17:09.307 I/OAM     ( 1052): 
02-04 19:17:09.316 D/Corr    (13441): nan
02-04 19:17:09.316 D/Noise   (13441): hold_noise1:17, hold_noise2:17
02-04 19:17:09.758 I/OAM     ( 1052): [check_file_size:505]/data/log/hi110x/bfg_log/bfg_log_1 log file beyond size=10240Byte, creat new file
02-04 19:17:09.758 I/OAM     ( 1052): [rename_old_file:210]rename_old_file
02-04 19:17:09.758 I/OAM     ( 1052): 
02-04 19:17:09.870 D/Corr    (13441): nan
02-04 19:17:09.870 D/Noise   (13441): hold_noise1:18, hold_noise2:18
02-04 19:17:10.026 D/HwArpVerifier( 1090): disconnected, trafficStats:
02-04 19:17:10.026 D/wifi_tcp( 1090):  CREATE SOCKET begin
02-04 19:17:10.027 D/wifi_tcp( 1090):  CREATE SOCKET SUCC
02-04 19:17:10.027 D/wifi_tcp( 1090): bind OK!
02-04 19:17:10.027 D/wifi_tcp( 1090): state_smg
02-04 19:17:10.027 D/wifi_tcp( 1090):  send msg
02-04 19:17:10.027 D/HwArpVerifier( 1090): AccessWebStatus : reset all
02-04 19:17:10.066 D/ClClient(10571): Not sending keepalive.  Current connection state=STOPPED
02-04 19:17:10.140 I/OAM     ( 1052): [check_file_size:505]/data/log/hi110x/bfg_log/bfg_log_1 log file beyond size=10240Byte, creat new file
02-04 19:17:10.140 I/OAM     ( 1052): [rename_old_file:210]rename_old_file
02-04 19:17:10.140 I/OAM     ( 1052): 
02-04 19:17:10.314 I/OAM     ( 1052): [check_file_size:505]/data/log/wifi/wifi_log_1 log file beyond size=10240Byte, creat new file
02-04 19:17:10.314 I/OAM     ( 1052): [rename_old_file:210]rename_old_file
02-04 19:17:10.314 I/OAM     ( 1052): 
02-04 19:17:10.315 D/wpa_supplicant( 7995): nl80211: Event message available
02-04 19:17:10.315 D/wpa_supplicant( 7995): nl80211: Drv Event 34 (NL80211_CMD_NEW_SCAN_RESULTS) received for wlan0
02-04 19:17:10.315 D/wpa_supplicant( 7995): wlan0: nl80211: New scan results available
02-04 19:17:10.315 D/wpa_supplicant( 7995): nl80211: Scan probed for SSID ''
02-04 19:17:10.315 D/wpa_supplicant( 7995): nl80211: Scan included frequencies: 2412 2417 2422 2427 2432 2437 2442 2447 2452 2457 2462 2467 2472 5180 5200 5220 5240 5260 5280 5300 5320 5500 5520 5540 5560 5580 5600 5620 5640 5660 5680 5700
02-04 19:17:10.315 D/wpa_supplicant( 7995): wlan0: Event SCAN_RESULTS (3) received
02-04 19:17:10.315 D/wpa_supplicant( 7995): wlan0: Scan completed in 1.731442 seconds
02-04 19:17:10.316 W/SocketListener(  447): sending broadcast to Pid = 1090, Uid = 1000 
02-04 19:17:10.317 I/wificond(  651): Received external scan result notification from kernel, ignore this event ...
02-04 19:17:10.319 D/NetdConnector( 1090): RCV <- {600 Iface linkstate wlan0 up}
02-04 19:17:10.320 D/wpa_supplicant( 7995): nl80211: Received scan results (44 BSSes)
02-04 19:17:10.322 D/wpa_supplicant( 7995): wlan0: BSS: Start scan result update 79
02-04 19:17:10.322 D/wpa_supplicant( 7995): BSS: last_scan_res_used=44/64
02-04 19:17:10.322 D/wpa_supplicant( 7995): wlan0: New scan results available (own=1 ext=0)
02-04 19:17:10.323 D/wpa_supplicant( 7995): is_selected_pin_registrar return 0
02-04 19:17:10.323 D/wpa_supplicant( 7995): wlan0: Radio work 'scan'@0x7d33230300 done in 1.739947 seconds
02-04 19:17:10.323 D/wpa_supplicant( 7995): wlan0: radio_work_free('scan'@0x7d33230300: num_active_works --> 0
02-04 19:17:10.324 D/NetdConnector( 1090): RCV unsolicited event from native daemon, event = 600
02-04 19:17:10.325 D/wpa_supplicant( 7995): wlan0: Selecting BSS from priority group 0, ssid: at_STARBUCKS_Wi2
02-04 19:17:10.327 D/wpa_supplicant( 7995): wlan0:    skip - blacklisted (count=1 limit=0)
02-04 19:17:10.327 D/wpa_supplicant( 7995): wlan0:    allow in non-WPA/WPA2
02-04 19:17:10.328 D/wpa_supplicant( 7995): wlan0:    selected BSS c0:**:**:**:60:ec ssid='at_STARBUCKS_Wi2'
02-04 19:17:10.328 D/wpa_supplicant( 7995): wlan0: Considering connect request: reassociate: 0  selected: c0:**:**:**:60:ec  bssid: 00:**:**:**:00:00  pending: 00:**:**:**:00:00  wpa_state: SCANNING  ssid=0x7d33278400  current_ssid=0x0
02-04 19:17:10.328 D/wpa_supplicant( 7995): wlan0: Request association with c0:**:**:**:60:ec
02-04 19:17:10.328 D/wpa_supplicant( 7995): wlan0: Re-association to the same ESS
02-04 19:17:10.328 D/wpa_supplicant( 7995): set wlan mtu to 1500
02-04 19:17:10.328 D/wpa_supplicant( 7995): wlan0: No ongoing scan/p2p-scan found to abort
02-04 19:17:10.328 D/wpa_supplicant( 7995): p2p0: Updating scan results from sibling
02-04 19:17:10.329 D/wpa_supplicant( 7995): nl80211: Received scan results (44 BSSes)
02-04 19:17:10.331 D/wpa_supplicant( 7995): p2p0: BSS: Start scan result update 79
02-04 19:17:10.331 D/wpa_supplicant( 7995): BSS: last_scan_res_used=44/64
02-04 19:17:10.332 D/wpa_supplicant( 7995): wlan0: Starting radio work 'connect'@0x7d33230300 after 0.003380 second wait
02-04 19:17:10.332 I/wpa_supplicant( 7995): wlan0: Trying to associate with SSID 'at_STARBUCKS_Wi2'
02-04 19:17:10.332 D/wpa_supplicant( 7995): wlan0: Cancelling scan request
02-04 19:17:10.332 D/wpa_supplicant( 7995): wlan0: Automatic auth_alg selection: 0x1
02-04 19:17:10.332 D/wpa_supplicant( 7995): wlan0: Overriding auth_alg selection: 0x1
02-04 19:17:10.332 D/wpa_supplicant( 7995): wlan0: WPA: clearing AP WPA IE
02-04 19:17:10.332 D/wpa_supplicant( 7995): wlan0: WPA: clearing AP RSN IE
02-04 19:17:10.332 D/wpa_supplicant( 7995): Added supported operating classes IE - hexdump(len=18): 3b 10 76 51 53 54 73 74 75 76 77 78 79 7a 7b 80 81 82
02-04 19:17:10.332 D/wpa_supplicant( 7995): wlan0: State: SCANNING -> ASSOCIATING
02-04 19:17:10.332 D/wpa_supplicant( 7995): hw_wpa_bss_get_vendor_specific_ies match bssid
02-04 19:17:10.332 D/wpa_supplicant( 7995): WPS: AP vendor specific ies from wpa_bss
02-04 19:17:10.332 D/wpa_supplicant( 7995): id=-1 new_state=5 BSSID=c0:**:**:**:60:ec SSID=
02-04 19:17:10.332 D/wpa_supplicant( 7995): Notifying state change event to hidl control: 5
02-04 19:17:10.333 E/wpa_supplicant( 7995): P2P: just 2.4g for p2p channels in JP
02-04 19:17:10.333 D/wpa_supplicant( 7995): P2P: channels: 81:1,2,3,4,5,6,7,8,9,10,11,12,13
02-04 19:17:10.333 D/wpa_supplicant( 7995): bss->freq (5280)
02-04 19:17:10.333 D/wpa_supplicant( 7995): nl80211: Set mode ifindex 5 iftype 2 (STATION)
02-04 19:17:10.333 D/wpa_supplicant( 7995): nl80211: Unsubscribe mgmt frames handle 0x888888f5bbabb0c9 (mode change)
02-04 19:17:10.333 D/wpa_supplicant( 7995): nl80211: Subscribe to mgmt frames with non-AP handle 0x7d33233840
02-04 19:17:10.334 D/wpa_supplicant( 7995): nl80211: Connect (ifindex=5)
02-04 19:17:10.334 W/WifiConfigManager( 1090): Looking up network with invalid networkId -1
02-04 19:17:10.334 D/wpa_supplicant( 7995):   * bssid_hint=c0:**:**:**:60:ec
02-04 19:17:10.334 D/wpa_supplicant( 7995):   * freq=5280
02-04 19:17:10.334 D/HwWifiStateMachine( 1090): isWifiProEvaluatingAP, connectedConfig = null
02-04 19:17:10.334 D/wpa_supplicant( 7995):   * freq_hint=5280
02-04 19:17:10.335 D/wpa_supplicant( 7995):   * SSID - hexdump(len=16): 61 74 5f 53 54 41 52 42 55 43 4b 53 5f 57 69 32
02-04 19:17:10.335 D/HwWifiStateMachine( 1090): isWifiProEvaluatingAP = false, mSelectedConfig isTempCreated = false
02-04 19:17:10.335 D/wpa_supplicant( 7995):   * IEs - hexdump(len=24): 7f 04 00 00 0a 02 3b 10 76 51 53 54 73 74 75 76 77 78 79 7a 7b 80 81 82
02-04 19:17:10.335 I/WifiStateMachine( 1090): NetworkStateChange CONNECTING/CONNECTING
02-04 19:17:10.335 D/wpa_supplicant( 7995):   * Auth Type 0
02-04 19:17:10.335 D/wpa_supplicant( 7995):   * WPS:0, privacy:0
02-04 19:17:10.335 D/wpa_supplicant( 7995): nl80211: Connect request send successfully
02-04 19:17:10.335 D/wpa_supplicant( 7995): wlan0: Setting authentication timeout: 10 sec 0 usec
02-04 19:17:10.337 D/HwWifiCHRStateManager( 1090): handleMessage : 1007
02-04 19:17:10.337 D/HwWifiCHRStateManager( 1090): Update AP_MAC
02-04 19:17:10.337 D/HwWifiCHRService( 1090): ssid: ,configssid: null
02-04 19:17:10.342 D/HwWifiCHRStateManager( 1090): updateApMessage strAP_key_mgmtNONE, strAP_eapNONE
02-04 19:17:10.342 D/HwWifiCHRStateManager( 1090): isWifiProEvaluate flag is 0
02-04 19:17:10.342 W/WifiConfigManager( 1090): Looking up network with invalid networkId -1
02-04 19:17:10.342 D/HwWifiStatStore( 1090): handleSupplicantChange SupplicantState is: ASSOCIATING wifi pro?: false
02-04 19:17:10.342 D/HwWifiStateMachine( 1090): isWifiProEvaluatingAP, connectedConfig = null
02-04 19:17:10.342 D/HwWifiStateMachine( 1090): isWifiProEvaluatingAP = false, mSelectedConfig isTempCreated = false
02-04 19:17:10.342 D/HwWifiStatStore( 1090): addReConnectCnt return disConnectSSID="at_STARBUCKS_Wi2", isAbnormalDisconnect=true
02-04 19:17:10.342 D/HwWifiCHRStateManager( 1090): handleMessage : 1017
02-04 19:17:10.343 D/HwInnerWifiManagerImpl( 1090): SupplicantState = ASSOCIATING
02-04 19:17:10.343 D/HwWifiP2pService( 1090): onReceive, action:android.net.wifi.STATE_CHANGE
02-04 19:17:10.343 I/HwDubaiService( 1090): BroadcastReceiver android.net.wifi.STATE_CHANGE
02-04 19:17:10.343 D/WifiService( 1090): onReceive, action:android.net.wifi.STATE_CHANGE
02-04 19:17:10.343 D/HwWifiService( 1090): onReceive, action:android.net.wifi.STATE_CHANGE
02-04 19:17:10.348 D/HwChrManagerImpl( 1615): onReceive: action=android.net.wifi.STATE_CHANGE
02-04 19:17:10.349 D/HwChrManagerImpl( 1615): mIsWifiConnected = false
02-04 19:17:10.352 D/HwWifiCHRStateManager( 1090): errorcode 101
02-04 19:17:10.353 D/HwWifiCHRStateManager( 1090): type:101, writeNETInfo begin
02-04 19:17:10.353 D/HwWifiCHRStateManager( 1090): isNeedTriggerDFTEvent type is -1
02-04 19:17:10.353 D/HwWifiCHRStateManager( 1090): exceed max upload CHR count
02-04 19:17:10.353 I/OAM     ( 1052): [check_file_size:505]/data/log/wifi/wifi_log_1 log file beyond size=10240Byte, creat new file
02-04 19:17:10.353 I/OAM     ( 1052): [rename_old_file:210]rename_old_file
02-04 19:17:10.353 I/OAM     ( 1052): 
02-04 19:17:10.354 I/NetworkSpeedManagerEx( 1366): mIsNetworkSpeedEnabled = false, mIsAirplaneMode = false, mIsWifiConnected = false, mIsHasIccCard = false, mIsNetworkValid = false, mIsDataSwitchEnabled = true, mIsVsimEnable = false
02-04 19:17:10.360 D/HwWifiStatStore( 1090): updateCHRConnectFailedCount mConnectTotalCnt is 19, mConnectType FIRST_CONNECT
02-04 19:17:10.361 D/HwWifiCHRStateManager( 1090): errorcode 214
02-04 19:17:10.361 D/HwWifiCHRStateManager( 1090): type:214, writeNETInfo begin
02-04 19:17:10.361 D/HwWifiCHRStateManager( 1090): isNeedTriggerDFTEvent type is 909002023
02-04 19:17:10.361 D/HwWifiCHRStateManager( 1090): clearHwCHRAccessNetworkEventInfoList
02-04 19:17:10.361 D/HwWifiCHRStateManager( 1090): exceed max upload CHR count
02-04 19:17:10.362 D/WiFi_PRO( 1090): action received = android.net.wifi.STATE_CHANGE, mBroadcastNotified = false, mTcpRxRequestedViaBroadcast = false
02-04 19:17:10.362 E/hwintelligencewifi( 1090): NetworkInfo.State.CONNECTING
02-04 19:17:10.362 I/HuaweiWifiWatchdogStateMachine( 1090): nw state change to: CONNECTING
02-04 19:17:10.362 I/HuaweiWifiWatchdogStateMachine( 1090): Update current BSSID to null
02-04 19:17:10.363 D/AccessPointConnectedReceiver(10539): onReceive() begin
02-04 19:17:10.366 I/NetworkSpeedManagerEx( 1366): mIsNetworkSpeedEnabled = false, mIsAirplaneMode = false, mIsWifiConnected = false, mIsHasIccCard = false, mIsNetworkValid = false, mIsDataSwitchEnabled = true, mIsVsimEnable = false
02-04 19:17:10.366 W/ContextImpl(10539): Calling a method in the system process without a qualified user: android.app.ContextImpl.startService:1656 android.content.ContextWrapper.startService:644 android.content.ContextWrapper.startService:644 com.android.settings.wifi.AccessPointConnectedReceiver.onReceive:28 android.app.ActivityThread.handleReceiver:3804 
02-04 19:17:10.366 D/HwMSSHandler( 1090): WifiStateReceiver:android.net.wifi.supplicant.STATE_CHANGE SupplicantState:ASSOCIATING
02-04 19:17:10.367 E/hwintelligencewifi( 1090): auto open connect failed
02-04 19:17:10.367 E/hwintelligencewifi( 1090): DISABLED_ASSOCIATION_REJECT
02-04 19:17:10.367 E/hwintelligencewifi( 1090): MSG_CONNECT_FAILED ssid = <unknown ssid> mConnectFailedReason = 4
02-04 19:17:10.368 D/HwInnerWifiManagerImpl( 1366): SupplicantState = ASSOCIATING
02-04 19:17:10.369 D/AccessPointConnectedReceiver(10539): onReceive() consumed 6 ms
02-04 19:17:10.371 D/UpdateWiFiStateIntenService(10539): handleEvent() begin
02-04 19:17:10.371 D/UpdateWiFiStateIntenService(10539): action: android.net.wifi.STATE_CHANGE
02-04 19:17:10.371 D/UpdateWiFiStateIntenService(10539): handleEvent consumed 0 ms
02-04 19:17:10.372 D/ConnectSwitchReceiver(10539): onReceive() begin
02-04 19:17:10.372 D/ConnectSwitchReceiver(10539): is not CMCC
02-04 19:17:10.374 V/BroadcastQueue( 1090): Finished with ordered broadcast BroadcastRecord{b4d9fc9 u-1 android.net.wifi.STATE_CHANGE}
02-04 19:17:10.376 D/ConnectSwitchReceiver(10539): onReceive() begin
02-04 19:17:10.376 D/ConnectSwitchReceiver(10539): is not CMCC
02-04 19:17:10.377 V/BroadcastQueue( 1090): Finished with ordered broadcast BroadcastRecord{53276ce u-1 android.net.wifi.supplicant.STATE_CHANGE}
02-04 19:17:10.382 D/wpa_supplicant( 7995): nl80211: Event message available
02-04 19:17:10.382 D/wpa_supplicant( 7995): nl80211: Drv Event 46 (NL80211_CMD_CONNECT) received for wlan0
02-04 19:17:10.382 D/wpa_supplicant( 7995): nl80211: Connect event (status=0 ignore_next_local_disconnect=0)
02-04 19:17:10.382 D/wpa_supplicant( 7995): nl80211: current bssid 00:**:**:**:00:00
02-04 19:17:10.382 D/wpa_supplicant( 7995): nl80211: Associated on 5280 MHz
02-04 19:17:10.382 D/wpa_supplicant( 7995): nl80211: Associated with c0:**:**:**:60:ec
02-04 19:17:10.382 D/wpa_supplicant( 7995): nl80211: Operating frequency for the associated BSS from scan results: 5280 MHz
02-04 19:17:10.382 D/wpa_supplicant( 7995): nl80211: Associated on 5280 MHz
02-04 19:17:10.382 D/wpa_supplicant( 7995): nl80211: Associated with c0:**:**:**:60:ec
02-04 19:17:10.382 D/wpa_supplicant( 7995): nl80211: Set drv->ssid based on scan res info to 'at_STARBUCKS_Wi2'
02-04 19:17:10.382 D/wpa_supplicant( 7995): wlan0: Event ASSOC (0) received
02-04 19:17:10.383 D/wpa_supplicant( 7995): wlan0: Association info event
02-04 19:17:10.383 D/wpa_supplicant( 7995): req_ies - hexdump(len=107): 00 10 61 74 5f 53 54 41 52 42 55 43 4b 53 5f 57 69 32 01 04 b0 48 60 6c 21 02 03 17 24 02 24 13 ...
02-04 19:17:10.383 D/wpa_supplicant( 7995): resp_ies - hexdump(len=154): 01 04 b0 48 60 6c dd 18 00 50 f2 02 01 01 8e 00 07 a4 00 00 23 a4 00 00 42 43 5e 00 62 32 2f 00 ...
02-04 19:17:10.383 D/wpa_supplicant( 7995): wlan0: freq=5280 MHz
02-04 19:17:10.383 D/wpa_supplicant( 7995): FT: Stored MDIE and FTIE from (Re)Association Response - hexdump(len=0):
02-04 19:17:10.383 D/wpa_supplicant( 7995): wlan0: State: ASSOCIATING -> ASSOCIATED
02-04 19:17:10.383 D/wpa_supplicant( 7995): id=0 new_state=6 BSSID=c0:**:**:**:60:ec SSID=at_STARBUCKS_Wi2
02-04 19:17:10.383 D/wpa_supplicant( 7995): Notifying state change event to hidl control: 6
02-04 19:17:10.383 D/wpa_supplicant( 7995): wlan0: freq[0]: 5280, flags=0x1
02-04 19:17:10.383 E/wpa_supplicant( 7995): P2P: just 2.4g for p2p channels in JP
02-04 19:17:10.383 D/wpa_supplicant( 7995): P2P: channels: 81:1,2,3,4,5,6,7,8,9,10,11,12,13
02-04 19:17:10.383 D/wpa_supplicant( 7995): wlan0: Associated to a new BSS: BSSID=c0:**:**:**:60:ec
02-04 19:17:10.383 D/wpa_supplicant( 7995): Notifying bssid changed to hidl control
02-04 19:17:10.383 I/wpa_supplicant( 7995): wlan0: Associated with c0:**:**:**:60:ec
02-04 19:17:10.383 D/wpa_supplicant( 7995): wlan0: WPA: Association event - clear replay counter
02-04 19:17:10.383 D/wpa_supplicant( 7995): wlan0: WPA: Clear old PTK
02-04 19:17:10.383 D/wpa_supplicant( 7995): TDLS: Remove peers on association
02-04 19:17:10.383 D/wpa_supplicant( 7995): wlan0: Cancelling authentication timeout
02-04 19:17:10.383 D/wpa_supplicant( 7995): wlan0: State: ASSOCIATED -> COMPLETED
02-04 19:17:10.383 D/wpa_supplicant( 7995): wlan0: Radio work 'connect'@0x7d33230300 done in 0.051740 seconds
02-04 19:17:10.383 D/wpa_supplicant( 7995): wlan0: radio_work_free('connect'@0x7d33230300: num_active_works --> 0
02-04 19:17:10.383 I/wpa_supplicant( 7995): wlan0: CTRL-EVENT-CONNECTED - Connection to c0:**:**:**:60:ec completed [id=0 id_str=%7B%22configKey%22%3A%22%5C%22at_STARBUCKS_Wi2%5C%22NONE%22%2C%22creatorUid%22%3A%221000%22%7D]
02-04 19:17:10.383 D/wpa_supplicant( 7995): Removed BSSID 50:**:**:**:21:ec from blacklist (clear)
02-04 19:17:10.383 D/wpa_supplicant( 7995): wpas_p2p_completed p2p_in_provisioning=0,reset p2p_in_provisioning to 0.
02-04 19:17:10.384 D/wpa_supplicant( 7995): id=0 new_state=9 BSSID=c0:**:**:**:60:ec SSID=at_STARBUCKS_Wi2
02-04 19:17:10.384 D/wpa_supplicant( 7995): Notifying state change event to hidl control: 9
02-04 19:17:10.384 D/wpa_supplicant( 7995): wlan0: freq[0]: 5280, flags=0x1
02-04 19:17:10.384 E/wpa_supplicant( 7995): P2P: just 2.4g for p2p channels in JP
02-04 19:17:10.384 D/wpa_supplicant( 7995): P2P: channels: 81:1,2,3,4,5,6,7,8,9,10,11,12,13
02-04 19:17:10.384 D/wpa_supplicant( 7995): wpa_driver_nl80211_driver_cmd:cmd = SETBLOCKFRAME 0 0
02-04 19:17:10.384 D/wpa_supplicant( 7995): wpa_driver_nl80211_driver_cmd: 1:ifr_name= wlan0,buf:SETBLOCKFRAME 0 0 ,len = 17
02-04 19:17:10.384 D/wpa_supplicant( 7995): wpa_driver_nl80211_driver_cmd SETBLOCKFRAME 0 0 len = 0, 17
02-04 19:17:10.384 D/wpa_supplicant( 7995): drv_cmd: SETBLOCKFRAME 0 0, ret=3
02-04 19:17:10.384 D/wpa_supplicant( 7995): wlan0: Cancelling scan request
02-04 19:17:10.384 D/wpa_supplicant( 7995): WMM AC: Missing U-APSD configuration
02-04 19:17:10.384 I/wpa_supplicant( 7995): wlan0: CTRL-EVENT-SUBNET-STATUS-UPDATE status=0
02-04 19:17:10.384 W/SocketListener(  447): sending broadcast to Pid = 1090, Uid = 1000 
02-04 19:17:10.384 I/chatty  (  447): uid=0(root) /system/bin/netd identical 2 lines
02-04 19:17:10.384 W/SocketListener(  447): sending broadcast to Pid = 1090, Uid = 1000 
02-04 19:17:10.385 D/NetdConnector( 1090): RCV <- {600 Iface linkstate wlan0 up}
02-04 19:17:10.386 D/HwWifiCHRStateManager( 1090): handleMessage : 1007
02-04 19:17:10.386 D/HwWifiCHRStateManager( 1090): Update AP_MAC
02-04 19:17:10.386 D/HwWifiCHRService( 1090): ssid: ,configssid: null
02-04 19:17:10.386 I/chatty  ( 1090): uid=1000(system) NetdConnector identical 1 line
02-04 19:17:10.388 D/NetdConnector( 1090): RCV <- {600 Iface linkstate wlan0 up}
02-04 19:17:10.388 D/NetdConnector( 1090): RCV unsolicited event from native daemon, event = 600
02-04 19:17:10.389 D/NetdConnector( 1090): RCV <- {600 Iface linkstate wlan0 up}
02-04 19:17:10.390 D/NetdConnector( 1090): RCV <- {600 Iface linkstate wlan0 up}
02-04 19:17:10.390 D/NetdConnector( 1090): RCV unsolicited event from native daemon, event = 600
02-04 19:17:10.391 D/NetdConnector( 1090): RCV <- {600 Iface linkstate wlan0 up}
02-04 19:17:10.392 D/NetdConnector( 1090): RCV <- {600 Iface linkstate wlan0 up}
02-04 19:17:10.392 D/NetdConnector( 1090): RCV unsolicited event from native daemon, event = 600
02-04 19:17:10.393 D/NetdConnector( 1090): RCV <- {600 Iface linkstate wlan0 up}
02-04 19:17:10.394 D/NetdConnector( 1090): RCV unsolicited event from native daemon, event = 600
02-04 19:17:10.410 E/wificond(  651): Failed to get NL80211_RATE_INFO_NOISE
02-04 19:17:10.410 E/wificond(  651): Failed to get NL80211_RATE_INFO_SNR
02-04 19:17:10.410 E/wificond(  651): Failed to get NL80211_STA_INFO_CNAHLOAD
02-04 19:17:10.411 E/WificondControl( 1090): Noise: 0, Snr: -1, Chload: -1
02-04 19:17:10.412 D/HwWifiStateMachine( 1090): sendStaFrequency 5280
02-04 19:17:10.413 W/ContextImpl( 1090): Calling a method in the system process without a qualified user: android.app.ContextImpl.sendBroadcast:1074 com.android.server.wifi.HwWifiStateMachine.sendStaFrequency:2689 com.android.server.wifi.WifiStateMachine.fetchRssiLinkSpeedAndFrequencyNative:3668 com.android.server.wifi.WifiStateMachine.handleSupplicantStateChange:3999 com.android.server.wifi.WifiStateMachine.-wrap1:0 
02-04 19:17:10.413 I/HwDubaiService( 1090): BroadcastReceiver android.net.wifi.RSSI_CHANGED
02-04 19:17:10.414 D/DataUploader( 1090): eventID=54 eventMsg={RT:6,SPEED:6}
02-04 19:17:10.414 E/ReportTools( 1090): This is not beta user build
02-04 19:17:10.414 D/HwWifiStateMachine( 1090): isWifiProEvaluatingAP, connectedConfig = "at_STARBUCKS_Wi2"
02-04 19:17:10.414 D/HwQoEUtils( 1090): HwQoEService: QOE_MSG_WIFI_RSSI_CHANGED mDsKOGRTT = 0 rssiLevel = 3
02-04 19:17:10.414 D/HwWifiStateMachine( 1090): isWifiProEvaluatingAP, isTempCreated = false, evaluating = false, wifiConnectedBackgroundReason = 0
02-04 19:17:10.414 I/WifiStateMachine( 1090): NetworkStateChange CONNECTING/CONNECTING
02-04 19:17:10.415 D/HuaweiWifiWatchdogStateMachine( 1090): DefaultState ignore cmd: 136172
02-04 19:17:10.416 D/HwWifiStateMachine( 1090): ConnectModeState, case WifiMonitor.NETWORK_CONNECTION_EVENT, go to mObtainingIpState
02-04 19:17:10.416 I/HwWifiStateMachine( 1090): transition to ObtainingIpState begining.
02-04 19:17:10.416 D/HwWifiConnectivityManager( 1090): handleScanCounterChanged,reason: 2, mHwSingleScanCounter: 0
02-04 19:17:10.417 D/HwInnerWifiManagerImpl( 1090): SupplicantState = ASSOCIATED
02-04 19:17:10.418 D/HwWifiP2pService( 1090): onReceive, action:android.net.wifi.STATE_CHANGE
02-04 19:17:10.418 I/HwDubaiService( 1090): BroadcastReceiver android.net.wifi.STATE_CHANGE
02-04 19:17:10.418 D/WifiService( 1090): onReceive, action:android.net.wifi.STATE_CHANGE
02-04 19:17:10.418 D/HwWifiService( 1090): onReceive, action:android.net.wifi.STATE_CHANGE
02-04 19:17:10.418 D/WiFi_PRO( 1090): action received = android.net.wifi.STATE_CHANGE, mBroadcastNotified = false, mTcpRxRequestedViaBroadcast = false
02-04 19:17:10.419 E/hwintelligencewifi( 1090): NetworkInfo.State.CONNECTING
02-04 19:17:10.419 I/HuaweiWifiWatchdogStateMachine( 1090): nw state change to: CONNECTING
02-04 19:17:10.419 D/HwWifiStateMachine( 1090): isWifiProEvaluatingAP, connectedConfig = "at_STARBUCKS_Wi2"
02-04 19:17:10.419 D/HwWifiStateMachine( 1090): isWifiProEvaluatingAP, isTempCreated = false, evaluating = false, wifiConnectedBackgroundReason = 0
02-04 19:17:10.419 I/WifiStateMachine( 1090): NetworkStateChange CONNECTING/CONNECTING
02-04 19:17:10.420 D/HwChrManagerImpl( 1615): onReceive: action=android.net.wifi.STATE_CHANGE
02-04 19:17:10.420 D/HwChrManagerImpl( 1615): mIsWifiConnected = false
02-04 19:17:10.426 I/NetworkSpeedManagerEx( 1366): mIsNetworkSpeedEnabled = false, mIsAirplaneMode = false, mIsWifiConnected = false, mIsHasIccCard = false, mIsNetworkValid = false, mIsDataSwitchEnabled = true, mIsVsimEnable = false
02-04 19:17:10.426 I/NetworkSpeedManagerEx( 1366): mIsNetworkSpeedEnabled = false, mIsAirplaneMode = false, mIsWifiConnected = false, mIsHasIccCard = false, mIsNetworkValid = false, mIsDataSwitchEnabled = true, mIsVsimEnable = false
02-04 19:17:10.426 I/HuaweiWifiWatchdogStateMachine( 1090): Update current BSSID to null
02-04 19:17:10.430 D/HwChrManagerImpl( 1615): onReceive: action=android.net.wifi.STATE_CHANGE
02-04 19:17:10.430 D/HwChrManagerImpl( 1615): mIsWifiConnected = false
02-04 19:17:10.432 D/ConnectivityService( 1090): registerNetworkAgent NetworkAgentInfo{ ni{[type: WIFI[], state: CONNECTING/CONNECTING, reason: (unspecified), extra: "at_STARBUCKS_Wi2", failover: false, available: true, roaming: false, metered: false]}  network{192}  nethandle{824650156766}  nc{[ Transports: WIFI Capabilities: NOT_METERED&INTERNET&NOT_RESTRICTED&TRUSTED&NOT_VPN LinkUpBandwidth>=1048576Kbps LinkDnBandwidth>=1048576Kbps]}  Score{60}  everValidated{false}  lastValidated{false}  created{false} lingering{false} explicitlySelected{false} acceptUnvalidated{false} everCaptivePortalDetected{false} lastCaptivePortalDetected{false} }
02-04 19:17:10.432 W/BroadcastQueue( 1090): Permission Denial: broadcasting Intent { act=android.net.wifi.STATE_CHANGE flg=0x4000010 (has extras) } from null (pid=-1, uid=-1) requires com.huawei.wifipro.permission.RECV.NETWORK_CHECKER due to registered receiver BroadcastFilter{1363100 u0 ReceiverList{ed3fb83 1090 system/1000/u0 local:9a62232}}
02-04 19:17:10.432 D/ConnectivityService( 1090): Got NetworkAgent Messenger
02-04 19:17:10.432 D/ConnectivityService( 1090): NetworkAgentInfo [WIFI () - 192] EVENT_NETWORK_INFO_CHANGED, going from null to CONNECTING
02-04 19:17:10.432 D/HwConnectivityService( 1090): hintUserSwitchToMobileWhileWifiDisconnected, state=CONNECTING  type =1
02-04 19:17:10.432 D/HwConnectivityService( 1090): [enter]handleLteMobileDataStateChange type=1,subType=0
02-04 19:17:10.432 D/ConnectivityService( 1090): NetworkAgent connected
02-04 19:17:10.432 D/wpa_supplicant( 7995): BSSID any
02-04 19:17:10.434 D/HwWifiStateMachine( 1090): isWifiProEvaluatingAP, connectedConfig = "at_STARBUCKS_Wi2"
02-04 19:17:10.434 D/HwWifiStateMachine( 1090): isWifiProEvaluatingAP, isTempCreated = false, evaluating = false, wifiConnectedBackgroundReason = 0
02-04 19:17:10.434 I/WifiStateMachine( 1090): NetworkStateChange CONNECTING/OBTAINING_IPADDR
02-04 19:17:10.435 D/AccessPointConnectedReceiver(10539): onReceive() begin
02-04 19:17:10.435 I/NetworkSpeedManagerEx( 1366): mIsNetworkSpeedEnabled = false, mIsAirplaneMode = false, mIsWifiConnected = false, mIsHasIccCard = false, mIsNetworkValid = false, mIsDataSwitchEnabled = true, mIsVsimEnable = false
02-04 19:17:10.435 W/ContextImpl(10539): Calling a method in the system process without a qualified user: android.app.ContextImpl.startService:1656 android.content.ContextWrapper.startService:644 android.content.ContextWrapper.startService:644 com.android.settings.wifi.AccessPointConnectedReceiver.onReceive:28 android.app.ActivityThread.handleReceiver:3804 
02-04 19:17:10.437 D/HwInnerWifiManagerImpl( 1366): SupplicantState = ASSOCIATED
02-04 19:17:10.437 D/wpa_supplicant( 7995): BSSID any
02-04 19:17:10.438 D/wpa_supplicant( 7995): nl80211: set_p2p_powersave (legacy_ps=1 opp_ps=-1 ctwindow=-1)
02-04 19:17:10.439 D/wpa_supplicant( 7995): wpa_driver_nl80211_driver_cmd:cmd = BTCOEXMODE 2
02-04 19:17:10.439 D/WifiP2pService( 1090): InactiveState143375
02-04 19:17:10.439 D/wpa_supplicant( 7995): wpa_driver_nl80211_driver_cmd: 1:ifr_name= wlan0,buf:BTCOEXMODE 2 ,len = 12
02-04 19:17:10.439 E/HwWifiP2pService( 1090): Unhandled message when=17050898 what=143375 arg1=0 arg2=0
02-04 19:17:10.439 D/wpa_supplicant( 7995): wpa_driver_nl80211_driver_cmd BTCOEXMODE 2 len = 0, 12
02-04 19:17:10.439 D/WifiP2pService( 1090): P2pEnabledState when=17050898 what=143375 arg1=0 arg2=0
02-04 19:17:10.440 D/HwWifiStateMachine( 1090): isWifiProEvaluatingAP, connectedConfig = "at_STARBUCKS_Wi2"
02-04 19:17:10.440 D/HwWifiStateMachine( 1090): isWifiProEvaluatingAP, isTempCreated = false, evaluating = false, wifiConnectedBackgroundReason = 0
02-04 19:17:10.440 D/HwChrManagerImpl( 1615): onReceive: action=android.net.wifi.STATE_CHANGE
02-04 19:17:10.440 D/HwChrManagerImpl( 1615): mIsWifiConnected = false
02-04 19:17:10.441 D/WifiVendorHal( 1090): getApfCapabilities:(version:0, maxLength:0, 1)
02-04 19:17:10.444 E/WifiHAL (  542): enter wifi_get_link_stats
02-04 19:17:10.445 I/HwWifiStateMachine( 1090): transition to ObtainingIpState finished.
02-04 19:17:10.446 D/AccessPointConnectedReceiver(10539): onReceive() consumed 11 ms
02-04 19:17:10.446 D/HwWifiCHRStateManager( 1090): updateApMessage strAP_key_mgmtNONE, strAP_eapNONE
02-04 19:17:10.446 D/HwWifiStatStore( 1090): handleSupplicantChange SupplicantState is: ASSOCIATED wifi pro?: false
02-04 19:17:10.446 D/HwWifiStateMachine( 1090): isWifiProEvaluatingAP, connectedConfig = "at_STARBUCKS_Wi2"
02-04 19:17:10.446 D/HwWifiStateMachine( 1090): isWifiProEvaluatingAP, isTempCreated = false, evaluating = false, wifiConnectedBackgroundReason = 0
02-04 19:17:10.447 D/HwWifiCHRStateManager( 1090): handleMessage : 1007
02-04 19:17:10.447 D/HwWifiCHRStateManager( 1090): Update AP_MAC
02-04 19:17:10.447 D/HwWifiCHRStateManager( 1090): errorcode 101
02-04 19:17:10.447 D/HwWifiCHRStateManager( 1090): type:101, writeNETInfo begin
02-04 19:17:10.447 D/HwWifiCHRService( 1090): ssid: ,configssid: null
02-04 19:17:10.447 D/HwWifiCHRStateManager( 1090): isNeedTriggerDFTEvent type is -1
02-04 19:17:10.447 D/HwWifiCHRStateManager( 1090): exceed max upload CHR count
02-04 19:17:10.447 I/NetworkSpeedManagerEx( 1366): mIsNetworkSpeedEnabled = false, mIsAirplaneMode = false, mIsWifiConnected = false, mIsHasIccCard = false, mIsNetworkValid = false, mIsDataSwitchEnabled = true, mIsVsimEnable = false
02-04 19:17:10.448 I/HwAlarmManagerService( 1090): hwSetAlarm listenerTag: IpManager.wlan0.EVENT_PROVISIONING_TIMEOUT
02-04 19:17:10.449 I/NetworkSpeedManagerEx( 1366): mIsNetworkSpeedEnabled = false, mIsAirplaneMode = false, mIsWifiConnected = false, mIsHasIccCard = false, mIsNetworkValid = false, mIsDataSwitchEnabled = true, mIsVsimEnable = false
02-04 19:17:10.450 E/WifiHAL (  542): enter wifi_get_link_stats
02-04 19:17:10.451 E/wificond(  651): Failed to get NL80211_RATE_INFO_NOISE
02-04 19:17:10.451 D/NetdConnector( 1090): SND -> {2819 interface ipv6privacyextensions wlan0 enable}
02-04 19:17:10.451 E/wificond(  651): Failed to get NL80211_RATE_INFO_SNR
02-04 19:17:10.451 E/wificond(  651): Failed to get NL80211_STA_INFO_CNAHLOAD
02-04 19:17:10.452 E/WificondControl( 1090): Noise: 0, Snr: -1, Chload: -1
02-04 19:17:10.452 D/Corr    (13441): nan
02-04 19:17:10.452 D/Noise   (13441): hold_noise1:19, hold_noise2:19
02-04 19:17:10.453 D/NetdConnector( 1090): RCV <- {200 2819 IPv6 privacy extensions changed}
02-04 19:17:10.453 D/HwCustWifiStateMachineReferenceImpl( 1090): checkRssiOverThreshold newRssi = -70
02-04 19:17:10.453 D/UpdateWiFiStateIntenService(10539): handleEvent() begin
02-04 19:17:10.453 D/UpdateWiFiStateIntenService(10539): action: android.net.wifi.STATE_CHANGE
02-04 19:17:10.453 D/WifiScoreReport( 1090): Score = 98, wifiConnectivityManagerEnabled = true, lowScoreCount = 0
02-04 19:17:10.453 D/UpdateWiFiStateIntenService(10539): handleEvent consumed 0 ms
02-04 19:17:10.454 D/NetdConnector( 1090): RCV <- {200 2819 IPv6 privacy extensions changed}
02-04 19:17:10.454 D/ConnectivityService( 1090): ignoring duplicate network state non-change
02-04 19:17:10.455 D/ConnectSwitchReceiver(10539): onReceive() begin
02-04 19:17:10.455 D/ConnectSwitchReceiver(10539): is not CMCC
02-04 19:17:10.455 D/HwWifiStateMachine( 1090): isWifiProEvaluatingAP, connectedConfig = "at_STARBUCKS_Wi2"
02-04 19:17:10.455 D/HwWifiStateMachine( 1090): isWifiProEvaluatingAP, isTempCreated = false, evaluating = false, wifiConnectedBackgroundReason = 0
02-04 19:17:10.455 I/NetworkSpeedManagerEx( 1366): mIsNetworkSpeedEnabled = false, mIsAirplaneMode = false, mIsWifiConnected = false, mIsHasIccCard = false, mIsNetworkValid = false, mIsDataSwitchEnabled = true, mIsVsimEnable = false
02-04 19:17:10.456 V/BroadcastQueue( 1090): Finished with ordered broadcast BroadcastRecord{b62bcfc u-1 android.net.wifi.STATE_CHANGE}
02-04 19:17:10.457 D/HwInnerWifiManagerImpl( 1090): SupplicantState = COMPLETED
02-04 19:17:10.457 D/HwInnerWifiManagerImpl( 1090): isPhoneAP = false
02-04 19:17:10.457 D/HwWifiP2pService( 1090): onReceive, action:android.net.wifi.STATE_CHANGE
02-04 19:17:10.458 I/HwDubaiService( 1090): BroadcastReceiver android.net.wifi.STATE_CHANGE
02-04 19:17:10.458 D/WifiService( 1090): onReceive, action:android.net.wifi.STATE_CHANGE
02-04 19:17:10.458 D/HwWifiService( 1090): onReceive, action:android.net.wifi.STATE_CHANGE
02-04 19:17:10.459 D/WiFi_PRO( 1090): action received = android.net.wifi.STATE_CHANGE, mBroadcastNotified = false, mTcpRxRequestedViaBroadcast = false
02-04 19:17:10.459 I/HuaweiWifiWatchdogStateMachine( 1090): nw state change to: CONNECTING
02-04 19:17:10.459 I/HuaweiWifiWatchdogStateMachine( 1090): Update current BSSID to null
