02-04 19:06:40.820 E/wificond(  651): Failed to get NL80211_STA_INFO_CNAHLOAD
02-04 19:06:41.828 D/ActivityThread(11328): ActivityThread,attachApplication
02-04 19:06:41.878 I/chatty  ( 1090): uid=1000(system) Binder:1090_1B expire 30 lines
02-04 19:06:41.878 I/HwNetworkPolicyManager( 1698): getHwUidPolicy uid = 10129 policy = 0
02-04 19:06:41.971 V/ActivityThread(11328): ActivityThread,callActivityOnCreate
02-04 19:06:42.335 D/ActivityThread(11328): add activity client record, r= ActivityRecord{7b5db48 token=android.os.BinderProxy@aa3ae09 {com.jam.dentsu.noupathyproto/com.jam.dentsu.noupathyproto.MainActivity}} token= android.os.BinderProxy@aa3ae09
02-04 19:06:42.431 I/CommandQueue( 1366): updateBarBgColor
02-04 19:06:42.431 D/CommandQueue( 1366): CommandQueue, setBarBackgroundColor
02-04 19:06:43.317 V/ActivityThread(11328): ActivityThread,callActivityOnCreate
02-04 19:06:43.800 E/AndroidRuntime(11328): FATAL EXCEPTION: main
02-04 19:06:43.800 E/AndroidRuntime(11328): Process: com.jam.dentsu.noupathyproto, PID: 11328
02-04 19:06:43.800 E/AndroidRuntime(11328): java.lang.RuntimeException: Unable to start activity ComponentInfo{com.jam.dentsu.noupathyproto/com.jam.dentsu.noupathyproto.RecordActivity}: org.json.JSONException: No value for Soundset
02-04 19:06:43.800 E/AndroidRuntime(11328): 	at android.app.ActivityThread.performLaunchActivity(ActivityThread.java:3303)
02-04 19:06:43.800 E/AndroidRuntime(11328): 	at android.app.ActivityThread.handleLaunchActivity(ActivityThread.java:3411)
02-04 19:06:43.800 E/AndroidRuntime(11328): 	at android.app.ActivityThread.-wrap12(Unknown Source:0)
02-04 19:06:43.800 E/AndroidRuntime(11328): 	at android.app.ActivityThread$H.handleMessage(ActivityThread.java:1994)
02-04 19:06:43.800 E/AndroidRuntime(11328): 	at android.os.Handler.dispatchMessage(Handler.java:108)
02-04 19:06:43.800 E/AndroidRuntime(11328): 	at android.os.Looper.loop(Looper.java:166)
02-04 19:06:43.800 E/AndroidRuntime(11328): 	at android.app.ActivityThread.main(ActivityThread.java:7529)
02-04 19:06:43.800 E/AndroidRuntime(11328): 	at java.lang.reflect.Method.invoke(Native Method)
02-04 19:06:43.800 E/AndroidRuntime(11328): 	at com.android.internal.os.Zygote$MethodAndArgsCaller.run(Zygote.java:245)
02-04 19:06:43.800 E/AndroidRuntime(11328): 	at com.android.internal.os.ZygoteInit.main(ZygoteInit.java:921)
02-04 19:06:43.800 E/AndroidRuntime(11328): Caused by: org.json.JSONException: No value for Soundset
02-04 19:06:43.800 E/AndroidRuntime(11328): 	at org.json.JSONObject.get(JSONObject.java:392)
02-04 19:06:43.800 E/AndroidRuntime(11328): 	at org.json.JSONObject.getInt(JSONObject.java:481)
02-04 19:06:43.800 E/AndroidRuntime(11328): 	at com.jam.dentsu.noupathyproto.FileUtilKt.getSoundSetID(FileUtil.kt:166)
02-04 19:06:43.800 E/AndroidRuntime(11328): 	at com.jam.dentsu.noupathyproto.RecordActivity.onCreate(RecordActivity.kt:95)
02-04 19:06:43.800 E/AndroidRuntime(11328): 	at android.app.Activity.performCreate(Activity.java:7383)
02-04 19:06:43.800 E/AndroidRuntime(11328): 	at android.app.Instrumentation.callActivityOnCreate(Instrumentation.java:1218)
02-04 19:06:43.800 E/AndroidRuntime(11328): 	at android.app.ActivityThread.performLaunchActivity(ActivityThread.java:3256)
02-04 19:06:43.800 E/AndroidRuntime(11328): 	... 9 more
02-04 19:06:43.833 E/wificond(  651): Failed to get NL80211_RATE_INFO_NOISE
02-04 19:06:43.833 E/wificond(  651): Failed to get NL80211_RATE_INFO_SNR
02-04 19:06:43.833 E/wificond(  651): Failed to get NL80211_STA_INFO_CNAHLOAD
02-04 19:06:43.875 I/HwNetworkPolicyManager( 1698): getHwUidPolicy uid = 10068 policy = 0
02-04 19:06:44.035 I/chatty  ( 1090): uid=1000(system) Binder:1090_B expire 34 lines
02-04 19:06:44.054 I/CommandQueue( 1366): updateBarBgColor
02-04 19:06:44.054 D/CommandQueue( 1366): CommandQueue, setBarBackgroundColor
02-04 19:06:45.207 D/ActivityThread(11408): ActivityThread,attachApplication
02-04 19:06:45.237 I/chatty  ( 1090): uid=1000(system) android.ui expire 3 lines
02-04 19:06:45.248 I/HwNetworkPolicyManager( 1698): getHwUidPolicy uid = 10129 policy = 0
02-04 19:06:45.293 I/chatty  ( 1090): uid=1000(system) Binder:1090_11 expire 64 lines
02-04 19:06:45.351 V/ActivityThread(11408): ActivityThread,callActivityOnCreate
02-04 19:06:45.358 I/chatty  ( 1090): uid=1000(system) android.anim expire 74 lines
02-04 19:06:45.429 E/wificond(  651): Failed to get NL80211_RATE_INFO_NOISE
02-04 19:06:45.429 E/wificond(  651): Failed to get NL80211_RATE_INFO_SNR
02-04 19:06:45.429 E/wificond(  651): Failed to get NL80211_STA_INFO_CNAHLOAD
02-04 19:06:45.431 E/wificond(  651): Failed to get NL80211_RATE_INFO_NOISE
02-04 19:06:45.431 E/wificond(  651): Failed to get NL80211_RATE_INFO_SNR
02-04 19:06:45.431 E/wificond(  651): Failed to get NL80211_STA_INFO_CNAHLOAD
02-04 19:06:45.717 D/ActivityThread(11408): add activity client record, r= ActivityRecord{7b5db48 token=android.os.BinderProxy@aa3ae09 {com.jam.dentsu.noupathyproto/com.jam.dentsu.noupathyproto.MainActivity}} token= android.os.BinderProxy@aa3ae09
02-04 19:06:45.812 I/CommandQueue( 1366): updateBarBgColor
02-04 19:06:45.813 D/CommandQueue( 1366): CommandQueue, setBarBackgroundColor
02-04 19:06:46.664 V/ActivityThread(11408): ActivityThread,callActivityOnCreate
02-04 19:06:46.847 E/wificond(  651): Failed to get NL80211_RATE_INFO_NOISE
02-04 19:06:46.847 E/wificond(  651): Failed to get NL80211_RATE_INFO_SNR
02-04 19:06:46.847 E/wificond(  651): Failed to get NL80211_STA_INFO_CNAHLOAD
02-04 19:06:47.138 E/AndroidRuntime(11408): FATAL EXCEPTION: main
02-04 19:06:47.138 E/AndroidRuntime(11408): Process: com.jam.dentsu.noupathyproto, PID: 11408
02-04 19:06:47.138 E/AndroidRuntime(11408): java.lang.RuntimeException: Unable to start activity ComponentInfo{com.jam.dentsu.noupathyproto/com.jam.dentsu.noupathyproto.RecordActivity}: org.json.JSONException: No value for Soundset
02-04 19:06:47.138 E/AndroidRuntime(11408): 	at android.app.ActivityThread.performLaunchActivity(ActivityThread.java:3303)
02-04 19:06:47.138 E/AndroidRuntime(11408): 	at android.app.ActivityThread.handleLaunchActivity(ActivityThread.java:3411)
02-04 19:06:47.138 E/AndroidRuntime(11408): 	at android.app.ActivityThread.-wrap12(Unknown Source:0)
02-04 19:06:47.138 E/AndroidRuntime(11408): 	at android.app.ActivityThread$H.handleMessage(ActivityThread.java:1994)
02-04 19:06:47.138 E/AndroidRuntime(11408): 	at android.os.Handler.dispatchMessage(Handler.java:108)
02-04 19:06:47.138 E/AndroidRuntime(11408): 	at android.os.Looper.loop(Looper.java:166)
02-04 19:06:47.138 E/AndroidRuntime(11408): 	at android.app.ActivityThread.main(ActivityThread.java:7529)
02-04 19:06:47.138 E/AndroidRuntime(11408): 	at java.lang.reflect.Method.invoke(Native Method)
02-04 19:06:47.138 E/AndroidRuntime(11408): 	at com.android.internal.os.Zygote$MethodAndArgsCaller.run(Zygote.java:245)
02-04 19:06:47.138 E/AndroidRuntime(11408): 	at com.android.internal.os.ZygoteInit.main(ZygoteInit.java:921)
02-04 19:06:47.138 E/AndroidRuntime(11408): Caused by: org.json.JSONException: No value for Soundset
02-04 19:06:47.138 E/AndroidRuntime(11408): 	at org.json.JSONObject.get(JSONObject.java:392)
02-04 19:06:47.138 E/AndroidRuntime(11408): 	at org.json.JSONObject.getInt(JSONObject.java:481)
02-04 19:06:47.138 E/AndroidRuntime(11408): 	at com.jam.dentsu.noupathyproto.FileUtilKt.getSoundSetID(FileUtil.kt:166)
02-04 19:06:47.138 E/AndroidRuntime(11408): 	at com.jam.dentsu.noupathyproto.RecordActivity.onCreate(RecordActivity.kt:95)
02-04 19:06:47.138 E/AndroidRuntime(11408): 	at android.app.Activity.performCreate(Activity.java:7383)
02-04 19:06:47.138 E/AndroidRuntime(11408): 	at android.app.Instrumentation.callActivityOnCreate(Instrumentation.java:1218)
02-04 19:06:47.138 E/AndroidRuntime(11408): 	at android.app.ActivityThread.performLaunchActivity(ActivityThread.java:3256)
02-04 19:06:47.138 E/AndroidRuntime(11408): 	... 9 more
02-04 19:06:47.189 I/chatty  ( 1090): uid=1000(system) Binder:1090_18 expire 3 lines
02-04 19:06:47.217 I/chatty  ( 1090): uid=1000(system) Binder:1090_D expire 1 line
02-04 19:06:47.217 I/HwNetworkPolicyManager( 1698): getHwUidPolicy uid = 10068 policy = 0
02-04 19:06:47.316 I/chatty  ( 1090): uid=1000(system) Binder:1090_9 expire 10 lines
02-04 19:06:47.401 I/CommandQueue( 1366): updateBarBgColor
02-04 19:06:47.401 D/CommandQueue( 1366): CommandQueue, setBarBackgroundColor
02-04 19:06:47.557 I/chatty  ( 1090): uid=1000 system_server expire 10 lines
02-04 19:06:49.856 E/wificond(  651): Failed to get NL80211_RATE_INFO_NOISE
02-04 19:06:49.856 E/wificond(  651): Failed to get NL80211_RATE_INFO_SNR
02-04 19:06:49.856 E/wificond(  651): Failed to get NL80211_STA_INFO_CNAHLOAD
02-04 19:06:51.402 I/chatty  ( 1090): uid=1000(system) watchdog expire 2 lines
02-04 19:06:51.518 I/chatty  ( 1090): uid=1000(system) ActivityManager expire 5 lines
02-04 19:06:52.865 E/wificond(  651): Failed to get NL80211_RATE_INFO_NOISE
02-04 19:06:52.865 E/wificond(  651): Failed to get NL80211_RATE_INFO_SNR
02-04 19:06:52.865 E/wificond(  651): Failed to get NL80211_STA_INFO_CNAHLOAD
02-04 19:06:52.867 I/chatty  ( 1090): uid=1000(system) ConnectivitySer expire 14 lines
02-04 19:06:53.421 E/wificond(  651): Failed to get NL80211_RATE_INFO_NOISE
02-04 19:06:53.422 E/wificond(  651): Failed to get NL80211_RATE_INFO_SNR
02-04 19:06:53.422 E/wificond(  651): Failed to get NL80211_STA_INFO_CNAHLOAD
02-04 19:06:53.424 E/wificond(  651): Failed to get NL80211_RATE_INFO_NOISE
02-04 19:06:53.424 E/wificond(  651): Failed to get NL80211_RATE_INFO_SNR
02-04 19:06:53.424 E/wificond(  651): Failed to get NL80211_STA_INFO_CNAHLOAD
02-04 19:06:55.883 E/wificond(  651): Failed to get NL80211_RATE_INFO_NOISE
02-04 19:06:55.883 E/wificond(  651): Failed to get NL80211_RATE_INFO_SNR
02-04 19:06:55.883 E/wificond(  651): Failed to get NL80211_STA_INFO_CNAHLOAD
02-04 19:06:58.897 E/wificond(  651): Failed to get NL80211_RATE_INFO_NOISE
02-04 19:06:58.897 E/wificond(  651): Failed to get NL80211_RATE_INFO_SNR
02-04 19:06:58.897 E/wificond(  651): Failed to get NL80211_STA_INFO_CNAHLOAD
02-04 19:06:59.069 I/chatty  ( 1090): uid=1000(system) Binder:1090_20 expire 2 lines
02-04 19:07:00.007 I/chatty  ( 1090): uid=1000 system_server expire 10 lines
02-04 19:07:00.132 I/chatty  ( 1090): uid=1000(system) Binder:1090_11 expire 2 lines
02-04 19:07:00.823 W/SocketListener(  447): sending broadcast to Pid = 1090, Uid = 1000 
02-04 19:07:00.826 I/chatty  ( 1090): uid=1000(system) NetdConnector expire 12 lines
02-04 19:07:00.828 I/chatty  ( 1090): uid=1000(system) android.fg expire 19 lines
02-04 19:07:01.428 E/wificond(  651): Failed to get NL80211_RATE_INFO_NOISE
02-04 19:07:01.429 E/wificond(  651): Failed to get NL80211_RATE_INFO_SNR
02-04 19:07:01.429 E/wificond(  651): Failed to get NL80211_STA_INFO_CNAHLOAD
02-04 19:07:01.435 E/wificond(  651): Failed to get NL80211_RATE_INFO_NOISE
02-04 19:07:01.435 E/wificond(  651): Failed to get NL80211_RATE_INFO_SNR
02-04 19:07:01.435 E/wificond(  651): Failed to get NL80211_STA_INFO_CNAHLOAD
02-04 19:07:01.908 E/wificond(  651): Failed to get NL80211_RATE_INFO_NOISE
02-04 19:07:01.908 E/wificond(  651): Failed to get NL80211_RATE_INFO_SNR
02-04 19:07:01.908 E/wificond(  651): Failed to get NL80211_STA_INFO_CNAHLOAD
02-04 19:07:04.927 E/wificond(  651): Failed to get NL80211_RATE_INFO_NOISE
02-04 19:07:04.927 E/wificond(  651): Failed to get NL80211_RATE_INFO_SNR
02-04 19:07:04.927 E/wificond(  651): Failed to get NL80211_STA_INFO_CNAHLOAD
02-04 19:07:07.948 E/wificond(  651): Failed to get NL80211_RATE_INFO_NOISE
02-04 19:07:07.948 E/wificond(  651): Failed to get NL80211_RATE_INFO_SNR
02-04 19:07:07.948 E/wificond(  651): Failed to get NL80211_STA_INFO_CNAHLOAD
02-04 19:07:09.435 E/wificond(  651): Failed to get NL80211_RATE_INFO_NOISE
02-04 19:07:09.435 E/wificond(  651): Failed to get NL80211_RATE_INFO_SNR
02-04 19:07:09.435 E/wificond(  651): Failed to get NL80211_STA_INFO_CNAHLOAD
02-04 19:07:09.442 E/wificond(  651): Failed to get NL80211_RATE_INFO_NOISE
02-04 19:07:09.442 E/wificond(  651): Failed to get NL80211_RATE_INFO_SNR
02-04 19:07:09.442 E/wificond(  651): Failed to get NL80211_STA_INFO_CNAHLOAD
02-04 19:07:10.966 E/wificond(  651): Failed to get NL80211_RATE_INFO_NOISE
02-04 19:07:10.966 E/wificond(  651): Failed to get NL80211_RATE_INFO_SNR
02-04 19:07:10.966 E/wificond(  651): Failed to get NL80211_STA_INFO_CNAHLOAD
02-04 19:07:13.982 E/wificond(  651): Failed to get NL80211_RATE_INFO_NOISE
02-04 19:07:13.982 E/wificond(  651): Failed to get NL80211_RATE_INFO_SNR
02-04 19:07:13.982 E/wificond(  651): Failed to get NL80211_STA_INFO_CNAHLOAD
02-04 19:07:17.000 E/wificond(  651): Failed to get NL80211_RATE_INFO_NOISE
02-04 19:07:17.000 E/wificond(  651): Failed to get NL80211_RATE_INFO_SNR
02-04 19:07:17.000 E/wificond(  651): Failed to get NL80211_STA_INFO_CNAHLOAD
02-04 19:07:17.435 E/wificond(  651): Failed to get NL80211_RATE_INFO_NOISE
02-04 19:07:17.435 E/wificond(  651): Failed to get NL80211_RATE_INFO_SNR
02-04 19:07:17.435 E/wificond(  651): Failed to get NL80211_STA_INFO_CNAHLOAD
02-04 19:07:17.443 E/wificond(  651): Failed to get NL80211_RATE_INFO_NOISE
02-04 19:07:17.444 E/wificond(  651): Failed to get NL80211_RATE_INFO_SNR
02-04 19:07:17.444 E/wificond(  651): Failed to get NL80211_STA_INFO_CNAHLOAD
02-04 19:07:20.020 E/wificond(  651): Failed to get NL80211_RATE_INFO_NOISE
02-04 19:07:20.020 E/wificond(  651): Failed to get NL80211_RATE_INFO_SNR
02-04 19:07:20.020 E/wificond(  651): Failed to get NL80211_STA_INFO_CNAHLOAD
02-04 19:07:23.040 E/wificond(  651): Failed to get NL80211_RATE_INFO_NOISE
02-04 19:07:23.040 E/wificond(  651): Failed to get NL80211_RATE_INFO_SNR
02-04 19:07:23.040 E/wificond(  651): Failed to get NL80211_STA_INFO_CNAHLOAD
02-04 19:07:25.452 E/wificond(  651): Failed to get NL80211_RATE_INFO_NOISE
02-04 19:07:25.452 E/wificond(  651): Failed to get NL80211_RATE_INFO_SNR
02-04 19:07:25.452 E/wificond(  651): Failed to get NL80211_STA_INFO_CNAHLOAD
02-04 19:07:25.456 E/wificond(  651): Failed to get NL80211_RATE_INFO_NOISE
02-04 19:07:25.456 E/wificond(  651): Failed to get NL80211_RATE_INFO_SNR
02-04 19:07:25.456 E/wificond(  651): Failed to get NL80211_STA_INFO_CNAHLOAD
02-04 19:07:25.621 W/SocketListener(  447): sending broadcast to Pid = 1090, Uid = 1000 
02-04 19:07:25.642 W/SocketListener(  447): sending broadcast to Pid = 1090, Uid = 1000 
02-04 19:07:25.652 W/SocketListener(  447): sending broadcast to Pid = 1090, Uid = 1000 
02-04 19:07:25.657 I/chatty  ( 1090): uid=1000(system) WifiP2pService expire 12 lines
02-04 19:07:25.667 I/chatty  ( 1090): uid=1000(system) ConnectivitySer expire 74 lines
02-04 19:07:25.671 W/SocketListener(  447): sending broadcast to Pid = 1090, Uid = 1000 
02-04 19:07:25.697 I/chatty  ( 1090): uid=1000(system) WifiStateMachin expire 9 lines
02-04 19:07:25.710 I/chatty  ( 1090): uid=1000(system) IpManager.wlan0 expire 8 lines
02-04 19:07:25.725 I/chatty  ( 1090): uid=1000(system) Binder:1090_B expire 2 lines
02-04 19:07:25.756 I/chatty  ( 1090): uid=1000(system) WifiScanningSer expire 1 line
02-04 19:07:25.764 I/chatty  ( 1090): uid=1000(system) Binder:1090_9 expire 1 line
02-04 19:07:25.790 I/chatty  ( 1090): uid=1000(system) NetdConnector expire 62 lines
02-04 19:07:25.791 W/SocketListener(  447): sending broadcast to Pid = 1090, Uid = 1000 
02-04 19:07:25.800 W/ContextImpl( 1698): Calling a method in the system process without a qualified user: android.app.ContextImpl.startService:1656 android.content.ContextWrapper.startService:644 com.huawei.systemmanager.rainbow.client.background.service.CloudBroadcastHandlerService$1.onReceive:69 android.app.LoadedApk$ReceiverDispatcher$Args.lambda$-android_app_LoadedApk$ReceiverDispatcher$Args_58300:1435 android.app.-$Lambda$FilBqgnXJrN9Mgyks1XHeAxzSTk.$m$0:4 
02-04 19:07:25.817 W/ContextImpl( 1698): Calling a method in the system process without a qualified user: android.app.ContextImpl.sendBroadcast:1095 android.content.ContextWrapper.sendBroadcast:436 com.huawei.systemmanager.service.InitValueService$ConnectivityBroadcastReceiver.onReceive:88 android.app.LoadedApk$ReceiverDispatcher$Args.lambda$-android_app_LoadedApk$ReceiverDispatcher$Args_58300:1435 android.app.-$Lambda$FilBqgnXJrN9Mgyks1XHeAxzSTk.$m$0:4 
02-04 19:07:25.819 I/chatty  ( 1090): uid=1000 system_server expire 34 lines
02-04 19:07:25.830 W/ContextImpl( 1698): Calling a method in the system process without a qualified user: android.app.ContextImpl.startService:1656 android.content.ContextWrapper.startService:644 com.huawei.systemmanager.service.InitValueService$ConnectivityBroadcastReceiver.onReceive:99 android.app.LoadedApk$ReceiverDispatcher$Args.lambda$-android_app_LoadedApk$ReceiverDispatcher$Args_58300:1435 android.app.-$Lambda$FilBqgnXJrN9Mgyks1XHeAxzSTk.$m$0:4 
02-04 19:07:25.835 W/SocketListener(  447): sending broadcast to Pid = 1090, Uid = 1000 
02-04 19:07:25.835 W/SocketListener(  447): sending broadcast to Pid = 1090, Uid = 1000 
02-04 19:07:25.848 I/chatty  ( 1090): uid=1000(system) NetworkPolicy expire 4 lines
02-04 19:07:25.851 I/chatty  ( 1090): uid=1000(system) Binder:1090_7 expire 4 lines
02-04 19:07:25.855 I/chatty  ( 1090): uid=1000(system) Binder:1090_13 expire 4 lines
02-04 19:07:25.857 I/chatty  ( 1090): uid=1000(system) Binder:1090_4 expire 2 lines
02-04 19:07:26.055 W/SocketListener(  447): sending broadcast to Pid = 1090, Uid = 1000 
02-04 19:07:26.104 W/wificond(  651): Scan is not started. Ignore abort request
02-04 19:07:26.150 W/SocketListener(  447): sending broadcast to Pid = 1090, Uid = 1000 
02-04 19:07:26.150 I/chatty  (  447): uid=0(root) /system/bin/netd identical 2 lines
02-04 19:07:26.150 W/SocketListener(  447): sending broadcast to Pid = 1090, Uid = 1000 
02-04 19:07:26.173 E/wificond(  651): Failed to get NL80211_RATE_INFO_NOISE
02-04 19:07:26.173 E/wificond(  651): Failed to get NL80211_RATE_INFO_SNR
02-04 19:07:26.173 E/wificond(  651): Failed to get NL80211_STA_INFO_CNAHLOAD
02-04 19:07:26.211 E/wificond(  651): Failed to get NL80211_RATE_INFO_NOISE
02-04 19:07:26.212 E/wificond(  651): Failed to get NL80211_RATE_INFO_SNR
02-04 19:07:26.212 E/wificond(  651): Failed to get NL80211_STA_INFO_CNAHLOAD
02-04 19:07:26.224 I/chatty  ( 1090): uid=1000(system) Binder:1090_F expire 16 lines
02-04 19:07:26.228 W/SocketListener(  447): sending broadcast to Pid = 1090, Uid = 1000 
02-04 19:07:26.229 W/SocketListener(  447): sending broadcast to Pid = 1090, Uid = 1000 
02-04 19:07:26.309 I/chatty  ( 1090): uid=1000 system_server expire 10 lines
02-04 19:07:26.517 W/SocketListener(  447): sending broadcast to Pid = 1090, Uid = 1000 
02-04 19:07:26.527 E/wificond(  651): Failed to get NL80211_RATE_INFO_NOISE
02-04 19:07:26.527 E/wificond(  651): Failed to get NL80211_RATE_INFO_SNR
02-04 19:07:26.527 E/wificond(  651): Failed to get NL80211_STA_INFO_CNAHLOAD
02-04 19:07:26.553 I/chatty  (10539): uid=1000(system) com.android.settings expire 11 lines
02-04 19:07:26.553 E/wificond(  651): Failed to get NL80211_RATE_INFO_NOISE
02-04 19:07:26.553 E/wificond(  651): Failed to get NL80211_RATE_INFO_SNR
02-04 19:07:26.553 E/wificond(  651): Failed to get NL80211_STA_INFO_CNAHLOAD
02-04 19:07:26.602 I/chatty  ( 1090): uid=1000(system) Binder:1090_15 expire 6 lines
02-04 19:07:26.712 W/ContextImpl( 1698): Calling a method in the system process without a qualified user: android.app.ContextImpl.startService:1656 android.content.ContextWrapper.startService:644 com.huawei.systemmanager.rainbow.client.background.service.CloudBroadcastHandlerService$1.onReceive:69 android.app.LoadedApk$ReceiverDispatcher$Args.lambda$-android_app_LoadedApk$ReceiverDispatcher$Args_58300:1435 android.app.-$Lambda$FilBqgnXJrN9Mgyks1XHeAxzSTk.$m$0:4 
02-04 19:07:26.726 W/ContextImpl( 1698): Calling a method in the system process without a qualified user: android.app.ContextImpl.sendBroadcast:1095 android.content.ContextWrapper.sendBroadcast:436 com.huawei.systemmanager.service.InitValueService$ConnectivityBroadcastReceiver.onReceive:88 android.app.LoadedApk$ReceiverDispatcher$Args.lambda$-android_app_LoadedApk$ReceiverDispatcher$Args_58300:1435 android.app.-$Lambda$FilBqgnXJrN9Mgyks1XHeAxzSTk.$m$0:4 
02-04 19:07:26.729 W/ContextImpl( 1698): Calling a method in the system process without a qualified user: android.app.ContextImpl.startService:1656 android.content.ContextWrapper.startService:644 com.huawei.systemmanager.service.InitValueService$ConnectivityBroadcastReceiver.onReceive:99 android.app.LoadedApk$ReceiverDispatcher$Args.lambda$-android_app_LoadedApk$ReceiverDispatcher$Args_58300:1435 android.app.-$Lambda$FilBqgnXJrN9Mgyks1XHeAxzSTk.$m$0:4 
02-04 19:07:26.782 I/chatty  ( 1090): uid=1000(system) GpsXtraReceiver expire 1 line
02-04 19:07:26.885 I/chatty  ( 1090): uid=1000 system_server expire 2 lines
02-04 19:07:26.924 E/wificond(  651): Failed to get NL80211_RATE_INFO_NOISE
02-04 19:07:26.924 E/wificond(  651): Failed to get NL80211_RATE_INFO_SNR
02-04 19:07:26.924 E/wificond(  651): Failed to get NL80211_STA_INFO_CNAHLOAD
02-04 19:07:26.926 E/wificond(  651): Failed to get NL80211_RATE_INFO_NOISE
02-04 19:07:26.926 E/wificond(  651): Failed to get NL80211_RATE_INFO_SNR
02-04 19:07:26.926 E/wificond(  651): Failed to get NL80211_STA_INFO_CNAHLOAD
02-04 19:07:27.221 W/SocketListener(  447): sending broadcast to Pid = 1090, Uid = 1000 
02-04 19:07:27.627 W/ContextImpl( 4643): Calling a method in the system process without a qualified user: android.app.ContextImpl.sendBroadcast:1074 android.content.ContextWrapper.sendBroadcast:431 com.huawei.android.pushagent.model.channel.entity.a.c.sd:472 com.huawei.android.pushagent.model.channel.entity.a.c.rp:438 com.huawei.android.pushagent.model.channel.entity.a.sh:50 
02-04 19:07:29.227 E/wificond(  651): Failed to get NL80211_RATE_INFO_NOISE
02-04 19:07:29.228 E/wificond(  651): Failed to get NL80211_RATE_INFO_SNR
02-04 19:07:29.228 E/wificond(  651): Failed to get NL80211_STA_INFO_CNAHLOAD
02-04 19:07:32.244 E/wificond(  651): Failed to get NL80211_RATE_INFO_NOISE
02-04 19:07:32.244 E/wificond(  651): Failed to get NL80211_RATE_INFO_SNR
02-04 19:07:32.244 E/wificond(  651): Failed to get NL80211_STA_INFO_CNAHLOAD
02-04 19:07:34.922 E/wificond(  651): Failed to get NL80211_RATE_INFO_NOISE
02-04 19:07:34.922 E/wificond(  651): Failed to get NL80211_RATE_INFO_SNR
02-04 19:07:34.922 E/wificond(  651): Failed to get NL80211_STA_INFO_CNAHLOAD
02-04 19:07:34.926 E/wificond(  651): Failed to get NL80211_RATE_INFO_NOISE
02-04 19:07:34.926 E/wificond(  651): Failed to get NL80211_RATE_INFO_SNR
02-04 19:07:34.927 E/wificond(  651): Failed to get NL80211_STA_INFO_CNAHLOAD
02-04 19:07:35.254 E/wificond(  651): Failed to get NL80211_RATE_INFO_NOISE
02-04 19:07:35.254 E/wificond(  651): Failed to get NL80211_RATE_INFO_SNR
02-04 19:07:35.254 E/wificond(  651): Failed to get NL80211_STA_INFO_CNAHLOAD
02-04 19:07:38.269 E/wificond(  651): Failed to get NL80211_RATE_INFO_NOISE
02-04 19:07:38.269 E/wificond(  651): Failed to get NL80211_RATE_INFO_SNR
02-04 19:07:38.269 E/wificond(  651): Failed to get NL80211_STA_INFO_CNAHLOAD
02-04 19:07:39.669 I/chatty  ( 1090): uid=1000(system) UEventObserver expire 18 lines
02-04 19:07:39.694 I/chatty  ( 1090): uid=1000 system_server expire 13 lines
02-04 19:07:41.286 E/wificond(  651): Failed to get NL80211_RATE_INFO_NOISE
02-04 19:07:41.287 E/wificond(  651): Failed to get NL80211_RATE_INFO_SNR
02-04 19:07:41.287 E/wificond(  651): Failed to get NL80211_STA_INFO_CNAHLOAD
02-04 19:07:42.937 E/wificond(  651): Failed to get NL80211_RATE_INFO_NOISE
02-04 19:07:42.938 E/wificond(  651): Failed to get NL80211_RATE_INFO_SNR
02-04 19:07:42.938 E/wificond(  651): Failed to get NL80211_STA_INFO_CNAHLOAD
02-04 19:07:42.942 E/wificond(  651): Failed to get NL80211_RATE_INFO_NOISE
02-04 19:07:42.942 E/wificond(  651): Failed to get NL80211_RATE_INFO_SNR
02-04 19:07:42.942 E/wificond(  651): Failed to get NL80211_STA_INFO_CNAHLOAD
02-04 19:07:44.305 E/wificond(  651): Failed to get NL80211_RATE_INFO_NOISE
02-04 19:07:44.305 E/wificond(  651): Failed to get NL80211_RATE_INFO_SNR
02-04 19:07:44.305 E/wificond(  651): Failed to get NL80211_STA_INFO_CNAHLOAD
02-04 19:07:47.319 E/wificond(  651): Failed to get NL80211_RATE_INFO_NOISE
02-04 19:07:47.319 E/wificond(  651): Failed to get NL80211_RATE_INFO_SNR
02-04 19:07:47.319 E/wificond(  651): Failed to get NL80211_STA_INFO_CNAHLOAD
02-04 19:07:50.340 E/wificond(  651): Failed to get NL80211_RATE_INFO_NOISE
02-04 19:07:50.340 E/wificond(  651): Failed to get NL80211_RATE_INFO_SNR
02-04 19:07:50.340 E/wificond(  651): Failed to get NL80211_STA_INFO_CNAHLOAD
02-04 19:07:50.388 I/chatty  ( 1090): uid=1000(system) Binder:1090_3 expire 18 lines
02-04 19:07:50.396 I/chatty  ( 1090): uid=1000(system) android.anim expire 96 lines
02-04 19:07:50.452 D/ActivityThread(11554): ActivityThread,attachApplication
02-04 19:07:50.474 I/chatty  ( 1090): uid=1000(system) Binder:1090_F expire 8 lines
02-04 19:07:50.482 I/chatty  ( 1090): uid=1000(system) android.ui expire 11 lines
02-04 19:07:50.489 I/HwNetworkPolicyManager( 1698): getHwUidPolicy uid = 10129 policy = 0
02-04 19:07:50.490 I/chatty  ( 1090): uid=1000(system) Binder:1090_7 expire 3 lines
02-04 19:07:50.503 I/chatty  ( 1090): uid=1000(system) Binder:1090_12 expire 26 lines
02-04 19:07:50.521 I/chatty  ( 1090): uid=1000(system) Binder:1090_11 expire 33 lines
02-04 19:07:50.523 I/chatty  ( 1090): uid=1000(system) Binder:1090_D expire 10 lines
02-04 19:07:50.588 V/ActivityThread(11554): ActivityThread,callActivityOnCreate
02-04 19:07:50.930 E/wificond(  651): Failed to get NL80211_RATE_INFO_NOISE
02-04 19:07:50.930 E/wificond(  651): Failed to get NL80211_RATE_INFO_SNR
02-04 19:07:50.930 E/wificond(  651): Failed to get NL80211_STA_INFO_CNAHLOAD
02-04 19:07:50.931 E/wificond(  651): Failed to get NL80211_RATE_INFO_NOISE
02-04 19:07:50.931 E/wificond(  651): Failed to get NL80211_RATE_INFO_SNR
02-04 19:07:50.931 E/wificond(  651): Failed to get NL80211_STA_INFO_CNAHLOAD
02-04 19:07:50.937 D/ActivityThread(11554): add activity client record, r= ActivityRecord{e8a41eb token=android.os.BinderProxy@24e9310 {com.jam.dentsu.noupathyproto/com.jam.dentsu.noupathyproto.MainActivity}} token= android.os.BinderProxy@24e9310
02-04 19:07:51.019 I/CommandQueue( 1366): updateBarBgColor
02-04 19:07:51.019 D/CommandQueue( 1366): CommandQueue, setBarBackgroundColor
02-04 19:07:51.405 I/chatty  ( 1090): uid=1000(system) watchdog expire 10 lines
02-04 19:07:51.769 V/ActivityThread(11554): ActivityThread,callActivityOnCreate
02-04 19:07:52.250 E/AndroidRuntime(11554): FATAL EXCEPTION: main
02-04 19:07:52.250 E/AndroidRuntime(11554): Process: com.jam.dentsu.noupathyproto, PID: 11554
02-04 19:07:52.250 E/AndroidRuntime(11554): java.lang.RuntimeException: Unable to start activity ComponentInfo{com.jam.dentsu.noupathyproto/com.jam.dentsu.noupathyproto.RecordActivity}: org.json.JSONException: No value for Soundset
02-04 19:07:52.250 E/AndroidRuntime(11554): 	at android.app.ActivityThread.performLaunchActivity(ActivityThread.java:3303)
02-04 19:07:52.250 E/AndroidRuntime(11554): 	at android.app.ActivityThread.handleLaunchActivity(ActivityThread.java:3411)
02-04 19:07:52.250 E/AndroidRuntime(11554): 	at android.app.ActivityThread.-wrap12(Unknown Source:0)
02-04 19:07:52.250 E/AndroidRuntime(11554): 	at android.app.ActivityThread$H.handleMessage(ActivityThread.java:1994)
02-04 19:07:52.250 E/AndroidRuntime(11554): 	at android.os.Handler.dispatchMessage(Handler.java:108)
02-04 19:07:52.250 E/AndroidRuntime(11554): 	at android.os.Looper.loop(Looper.java:166)
02-04 19:07:52.250 E/AndroidRuntime(11554): 	at android.app.ActivityThread.main(ActivityThread.java:7529)
02-04 19:07:52.250 E/AndroidRuntime(11554): 	at java.lang.reflect.Method.invoke(Native Method)
02-04 19:07:52.250 E/AndroidRuntime(11554): 	at com.android.internal.os.Zygote$MethodAndArgsCaller.run(Zygote.java:245)
02-04 19:07:52.250 E/AndroidRuntime(11554): 	at com.android.internal.os.ZygoteInit.main(ZygoteInit.java:921)
02-04 19:07:52.250 E/AndroidRuntime(11554): Caused by: org.json.JSONException: No value for Soundset
02-04 19:07:52.250 E/AndroidRuntime(11554): 	at org.json.JSONObject.get(JSONObject.java:392)
02-04 19:07:52.250 E/AndroidRuntime(11554): 	at org.json.JSONObject.getInt(JSONObject.java:481)
02-04 19:07:52.250 E/AndroidRuntime(11554): 	at com.jam.dentsu.noupathyproto.FileUtilKt.getSoundSetID(FileUtil.kt:166)
02-04 19:07:52.250 E/AndroidRuntime(11554): 	at com.jam.dentsu.noupathyproto.RecordActivity.onCreate(RecordActivity.kt:95)
02-04 19:07:52.250 E/AndroidRuntime(11554): 	at android.app.Activity.performCreate(Activity.java:7383)
02-04 19:07:52.250 E/AndroidRuntime(11554): 	at android.app.Instrumentation.callActivityOnCreate(Instrumentation.java:1218)
02-04 19:07:52.250 E/AndroidRuntime(11554): 	at android.app.ActivityThread.performLaunchActivity(ActivityThread.java:3256)
02-04 19:07:52.250 E/AndroidRuntime(11554): 	... 9 more
02-04 19:07:52.254 I/chatty  ( 1090): uid=1000(system) Binder:1090_1B expire 9 lines
02-04 19:07:52.308 I/HwNetworkPolicyManager( 1698): getHwUidPolicy uid = 10068 policy = 0
02-04 19:07:52.344 I/chatty  ( 1090): uid=1000(system) Binder:1090_1 expire 20 lines
02-04 19:07:52.377 I/chatty  ( 1090): uid=1000(system) android.display expire 2 lines
02-04 19:07:52.378 I/chatty  ( 1090): uid=1000(system) Binder:1090_5 expire 43 lines
02-04 19:07:52.432 I/CommandQueue( 1366): updateBarBgColor
02-04 19:07:52.432 D/CommandQueue( 1366): CommandQueue, setBarBackgroundColor
02-04 19:07:53.350 E/wificond(  651): Failed to get NL80211_RATE_INFO_NOISE
02-04 19:07:53.350 E/wificond(  651): Failed to get NL80211_RATE_INFO_SNR
02-04 19:07:53.350 E/wificond(  651): Failed to get NL80211_STA_INFO_CNAHLOAD
02-04 19:07:56.366 E/wificond(  651): Failed to get NL80211_RATE_INFO_NOISE
02-04 19:07:56.367 E/wificond(  651): Failed to get NL80211_RATE_INFO_SNR
02-04 19:07:56.367 E/wificond(  651): Failed to get NL80211_STA_INFO_CNAHLOAD
02-04 19:07:58.942 E/wificond(  651): Failed to get NL80211_RATE_INFO_NOISE
02-04 19:07:58.942 E/wificond(  651): Failed to get NL80211_RATE_INFO_SNR
02-04 19:07:58.942 E/wificond(  651): Failed to get NL80211_STA_INFO_CNAHLOAD
02-04 19:07:58.945 E/wificond(  651): Failed to get NL80211_RATE_INFO_NOISE
02-04 19:07:58.945 E/wificond(  651): Failed to get NL80211_RATE_INFO_SNR
02-04 19:07:58.945 E/wificond(  651): Failed to get NL80211_STA_INFO_CNAHLOAD
02-04 19:07:59.372 E/wificond(  651): Failed to get NL80211_RATE_INFO_NOISE
02-04 19:07:59.372 E/wificond(  651): Failed to get NL80211_RATE_INFO_SNR
02-04 19:07:59.372 E/wificond(  651): Failed to get NL80211_STA_INFO_CNAHLOAD
02-04 19:08:02.384 E/wificond(  651): Failed to get NL80211_RATE_INFO_NOISE
02-04 19:08:02.384 E/wificond(  651): Failed to get NL80211_RATE_INFO_SNR
02-04 19:08:02.384 E/wificond(  651): Failed to get NL80211_STA_INFO_CNAHLOAD
02-04 19:08:05.396 E/wificond(  651): Failed to get NL80211_RATE_INFO_NOISE
02-04 19:08:05.397 E/wificond(  651): Failed to get NL80211_RATE_INFO_SNR
02-04 19:08:05.397 E/wificond(  651): Failed to get NL80211_STA_INFO_CNAHLOAD
02-04 19:08:06.953 E/wificond(  651): Failed to get NL80211_RATE_INFO_NOISE
02-04 19:08:06.953 E/wificond(  651): Failed to get NL80211_RATE_INFO_SNR
02-04 19:08:06.953 E/wificond(  651): Failed to get NL80211_STA_INFO_CNAHLOAD
02-04 19:08:06.957 E/wificond(  651): Failed to get NL80211_RATE_INFO_NOISE
02-04 19:08:06.957 E/wificond(  651): Failed to get NL80211_RATE_INFO_SNR
02-04 19:08:06.957 E/wificond(  651): Failed to get NL80211_STA_INFO_CNAHLOAD
02-04 19:08:08.411 E/wificond(  651): Failed to get NL80211_RATE_INFO_NOISE
02-04 19:08:08.411 E/wificond(  651): Failed to get NL80211_RATE_INFO_SNR
02-04 19:08:08.411 E/wificond(  651): Failed to get NL80211_STA_INFO_CNAHLOAD
02-04 19:08:11.431 E/wificond(  651): Failed to get NL80211_RATE_INFO_NOISE
02-04 19:08:11.432 E/wificond(  651): Failed to get NL80211_RATE_INFO_SNR
02-04 19:08:11.432 E/wificond(  651): Failed to get NL80211_STA_INFO_CNAHLOAD
02-04 19:08:12.302 W/SocketListener(  447): sending broadcast to Pid = 1090, Uid = 1000 
02-04 19:08:12.307 I/chatty  ( 1090): uid=1000(system) NetdConnector expire 26 lines
02-04 19:08:12.312 I/chatty  ( 1090): uid=1000(system) android.fg expire 13 lines
02-04 19:08:14.445 E/wificond(  651): Failed to get NL80211_RATE_INFO_NOISE
02-04 19:08:14.445 E/wificond(  651): Failed to get NL80211_RATE_INFO_SNR
02-04 19:08:14.445 E/wificond(  651): Failed to get NL80211_STA_INFO_CNAHLOAD
02-04 19:08:14.957 E/wificond(  651): Failed to get NL80211_RATE_INFO_NOISE
02-04 19:08:14.957 E/wificond(  651): Failed to get NL80211_RATE_INFO_SNR
02-04 19:08:14.958 E/wificond(  651): Failed to get NL80211_STA_INFO_CNAHLOAD
02-04 19:08:14.962 E/wificond(  651): Failed to get NL80211_RATE_INFO_NOISE
02-04 19:08:14.962 E/wificond(  651): Failed to get NL80211_RATE_INFO_SNR
02-04 19:08:14.963 E/wificond(  651): Failed to get NL80211_STA_INFO_CNAHLOAD
02-04 19:08:17.458 E/wificond(  651): Failed to get NL80211_RATE_INFO_NOISE
02-04 19:08:17.458 E/wificond(  651): Failed to get NL80211_RATE_INFO_SNR
02-04 19:08:17.458 E/wificond(  651): Failed to get NL80211_STA_INFO_CNAHLOAD
02-04 19:08:20.472 E/wificond(  651): Failed to get NL80211_RATE_INFO_NOISE
02-04 19:08:20.472 E/wificond(  651): Failed to get NL80211_RATE_INFO_SNR
02-04 19:08:20.472 E/wificond(  651): Failed to get NL80211_STA_INFO_CNAHLOAD
02-04 19:08:21.781 W/SocketListener(  447): sending broadcast to Pid = 1090, Uid = 1000 
02-04 19:08:22.968 E/wificond(  651): Failed to get NL80211_RATE_INFO_NOISE
02-04 19:08:22.968 E/wificond(  651): Failed to get NL80211_RATE_INFO_SNR
02-04 19:08:22.968 E/wificond(  651): Failed to get NL80211_STA_INFO_CNAHLOAD
02-04 19:08:22.971 E/wificond(  651): Failed to get NL80211_RATE_INFO_NOISE
02-04 19:08:22.971 E/wificond(  651): Failed to get NL80211_RATE_INFO_SNR
02-04 19:08:22.971 E/wificond(  651): Failed to get NL80211_STA_INFO_CNAHLOAD
02-04 19:08:23.481 E/wificond(  651): Failed to get NL80211_RATE_INFO_NOISE
02-04 19:08:23.481 E/wificond(  651): Failed to get NL80211_RATE_INFO_SNR
02-04 19:08:23.481 E/wificond(  651): Failed to get NL80211_STA_INFO_CNAHLOAD
02-04 19:08:26.492 E/wificond(  651): Failed to get NL80211_RATE_INFO_NOISE
02-04 19:08:26.492 E/wificond(  651): Failed to get NL80211_RATE_INFO_SNR
02-04 19:08:26.492 E/wificond(  651): Failed to get NL80211_STA_INFO_CNAHLOAD
02-04 19:08:29.512 E/wificond(  651): Failed to get NL80211_RATE_INFO_NOISE
02-04 19:08:29.512 E/wificond(  651): Failed to get NL80211_RATE_INFO_SNR
02-04 19:08:29.512 E/wificond(  651): Failed to get NL80211_STA_INFO_CNAHLOAD
02-04 19:08:30.984 E/wificond(  651): Failed to get NL80211_RATE_INFO_NOISE
02-04 19:08:30.985 E/wificond(  651): Failed to get NL80211_RATE_INFO_SNR
02-04 19:08:30.985 E/wificond(  651): Failed to get NL80211_STA_INFO_CNAHLOAD
02-04 19:08:30.989 E/wificond(  651): Failed to get NL80211_RATE_INFO_NOISE
02-04 19:08:30.989 E/wificond(  651): Failed to get NL80211_RATE_INFO_SNR
02-04 19:08:30.989 E/wificond(  651): Failed to get NL80211_STA_INFO_CNAHLOAD
02-04 19:08:32.532 E/wificond(  651): Failed to get NL80211_RATE_INFO_NOISE
02-04 19:08:32.532 E/wificond(  651): Failed to get NL80211_RATE_INFO_SNR
02-04 19:08:32.532 E/wificond(  651): Failed to get NL80211_STA_INFO_CNAHLOAD
02-04 19:08:35.546 E/wificond(  651): Failed to get NL80211_RATE_INFO_NOISE
02-04 19:08:35.547 E/wificond(  651): Failed to get NL80211_RATE_INFO_SNR
02-04 19:08:35.547 E/wificond(  651): Failed to get NL80211_STA_INFO_CNAHLOAD
02-04 19:08:36.823 W/SocketListener(  447): sending broadcast to Pid = 1090, Uid = 1000 
02-04 19:08:38.561 E/wificond(  651): Failed to get NL80211_RATE_INFO_NOISE
02-04 19:08:38.561 E/wificond(  651): Failed to get NL80211_RATE_INFO_SNR
02-04 19:08:38.561 E/wificond(  651): Failed to get NL80211_STA_INFO_CNAHLOAD
02-04 19:08:38.981 E/wificond(  651): Failed to get NL80211_RATE_INFO_NOISE
02-04 19:08:38.982 E/wificond(  651): Failed to get NL80211_RATE_INFO_SNR
02-04 19:08:38.982 E/wificond(  651): Failed to get NL80211_STA_INFO_CNAHLOAD
02-04 19:08:38.985 E/wificond(  651): Failed to get NL80211_RATE_INFO_NOISE
02-04 19:08:38.985 E/wificond(  651): Failed to get NL80211_RATE_INFO_SNR
02-04 19:08:38.985 E/wificond(  651): Failed to get NL80211_STA_INFO_CNAHLOAD
02-04 19:08:41.575 E/wificond(  651): Failed to get NL80211_RATE_INFO_NOISE
02-04 19:08:41.575 E/wificond(  651): Failed to get NL80211_RATE_INFO_SNR
02-04 19:08:41.575 E/wificond(  651): Failed to get NL80211_STA_INFO_CNAHLOAD
02-04 19:08:43.612 I/chatty  ( 1090): uid=1000 system_server expire 11 lines
02-04 19:08:43.630 W/SocketListener(  447): sending broadcast to Pid = 1090, Uid = 1000 
02-04 19:08:43.644 I/chatty  ( 1090): uid=1000(system) Binder:1090_3 expire 11 lines
02-04 19:08:44.590 E/wificond(  651): Failed to get NL80211_RATE_INFO_NOISE
02-04 19:08:44.591 E/wificond(  651): Failed to get NL80211_RATE_INFO_SNR
02-04 19:08:44.591 E/wificond(  651): Failed to get NL80211_STA_INFO_CNAHLOAD
02-04 19:08:47.000 E/wificond(  651): Failed to get NL80211_RATE_INFO_NOISE
02-04 19:08:47.000 E/wificond(  651): Failed to get NL80211_RATE_INFO_SNR
02-04 19:08:47.000 E/wificond(  651): Failed to get NL80211_STA_INFO_CNAHLOAD
02-04 19:08:47.004 E/wificond(  651): Failed to get NL80211_RATE_INFO_NOISE
02-04 19:08:47.004 E/wificond(  651): Failed to get NL80211_RATE_INFO_SNR
02-04 19:08:47.004 E/wificond(  651): Failed to get NL80211_STA_INFO_CNAHLOAD
02-04 19:08:47.599 E/wificond(  651): Failed to get NL80211_RATE_INFO_NOISE
02-04 19:08:47.599 E/wificond(  651): Failed to get NL80211_RATE_INFO_SNR
02-04 19:08:47.599 E/wificond(  651): Failed to get NL80211_STA_INFO_CNAHLOAD
02-04 19:08:50.618 E/wificond(  651): Failed to get NL80211_RATE_INFO_NOISE
02-04 19:08:50.618 E/wificond(  651): Failed to get NL80211_RATE_INFO_SNR
02-04 19:08:50.618 E/wificond(  651): Failed to get NL80211_STA_INFO_CNAHLOAD
02-04 19:08:51.217 I/chatty  ( 1090): uid=1000(system) Binder:1090_1 expire 21 lines
02-04 19:08:51.289 I/HwNetworkPolicyManager( 1698): getHwUidPolicy uid = 10058 policy = 0
02-04 19:08:51.295 I/chatty  ( 1090): uid=1000(system) Binder:1090_D expire 14 lines
02-04 19:08:51.319 I/CommandQueue( 1366): updateBarBgColor
02-04 19:08:51.319 D/CommandQueue( 1366): CommandQueue, setBarBackgroundColor
02-04 19:08:51.362 I/chatty  ( 1090): uid=1000(system) Binder:1090_1A expire 3 lines
02-04 19:08:51.380 I/chatty  ( 1090): uid=1000(system) android.anim expire 141 lines
02-04 19:08:51.553 I/chatty  ( 1090): uid=1000(system) Binder:1090_2 expire 31 lines
02-04 19:08:53.631 E/wificond(  651): Failed to get NL80211_RATE_INFO_NOISE
02-04 19:08:53.631 E/wificond(  651): Failed to get NL80211_RATE_INFO_SNR
02-04 19:08:53.631 E/wificond(  651): Failed to get NL80211_STA_INFO_CNAHLOAD
02-04 19:08:54.997 E/wificond(  651): Failed to get NL80211_RATE_INFO_NOISE
02-04 19:08:54.997 E/wificond(  651): Failed to get NL80211_RATE_INFO_SNR
02-04 19:08:54.997 E/wificond(  651): Failed to get NL80211_STA_INFO_CNAHLOAD
02-04 19:08:55.000 E/wificond(  651): Failed to get NL80211_RATE_INFO_NOISE
02-04 19:08:55.000 E/wificond(  651): Failed to get NL80211_RATE_INFO_SNR
02-04 19:08:55.000 E/wificond(  651): Failed to get NL80211_STA_INFO_CNAHLOAD
02-04 19:08:56.640 E/wificond(  651): Failed to get NL80211_RATE_INFO_NOISE
02-04 19:08:56.640 E/wificond(  651): Failed to get NL80211_RATE_INFO_SNR
02-04 19:08:56.640 E/wificond(  651): Failed to get NL80211_STA_INFO_CNAHLOAD
02-04 19:08:56.643 V/ActivityThread(25613): ActivityThread,callActivityOnCreate
02-04 19:08:56.655 D/ActivityThread(25613): add activity client record, r= ActivityRecord{1dabd token=android.os.BinderProxy@7c4b687 {com.google.android.apps.docs/com.google.android.apps.docs.doclist.documentopener.DocumentOpenerActivity}} token= android.os.BinderProxy@7c4b687
02-04 19:08:56.676 I/CommandQueue( 1366): updateBarBgColor
02-04 19:08:56.676 D/CommandQueue( 1366): CommandQueue, setBarBackgroundColor
02-04 19:08:56.772 V/ActivityThread(25613): ActivityThread,callActivityOnCreate
02-04 19:08:56.784 D/ActivityThread(25613): add activity client record, r= ActivityRecord{32be3d3 token=android.os.BinderProxy@fd5ec7b {com.google.android.apps.docs/com.google.android.apps.docs.doclist.documentopener.DocumentOpenerActivityDelegate}} token= android.os.BinderProxy@fd5ec7b
02-04 19:08:56.852 I/chatty  ( 1090): uid=1000(system) Binder:1090_3 expire 25 lines
02-04 19:08:56.919 D/ActivityThread(25613): Remove activity client record, r= ActivityRecord{1dabd token=android.os.BinderProxy@7c4b687 {com.google.android.apps.docs/com.google.android.apps.docs.doclist.documentopener.DocumentOpenerActivity}} token= android.os.BinderProxy@7c4b687
02-04 19:08:56.927 I/chatty  ( 1090): uid=1000(system) Binder:1090_11 expire 34 lines
02-04 19:08:59.656 E/wificond(  651): Failed to get NL80211_RATE_INFO_NOISE
02-04 19:08:59.656 E/wificond(  651): Failed to get NL80211_RATE_INFO_SNR
02-04 19:08:59.657 E/wificond(  651): Failed to get NL80211_STA_INFO_CNAHLOAD
02-04 19:09:00.002 I/chatty  ( 1090): uid=1000 system_server expire 17 lines
02-04 19:09:00.526 W/SocketListener(  447): sending broadcast to Pid = 1090, Uid = 1000 
02-04 19:09:00.537 I/chatty  ( 1090): uid=1000(system) NetworkStats expire 15 lines
02-04 19:09:02.530 W/SocketListener(  447): sending broadcast to Pid = 1090, Uid = 1000 
02-04 19:09:02.662 E/wificond(  651): Failed to get NL80211_RATE_INFO_NOISE
02-04 19:09:02.662 E/wificond(  651): Failed to get NL80211_RATE_INFO_SNR
02-04 19:09:02.662 E/wificond(  651): Failed to get NL80211_STA_INFO_CNAHLOAD
02-04 19:09:03.000 E/wificond(  651): Failed to get NL80211_RATE_INFO_NOISE
02-04 19:09:03.000 E/wificond(  651): Failed to get NL80211_RATE_INFO_SNR
02-04 19:09:03.000 E/wificond(  651): Failed to get NL80211_STA_INFO_CNAHLOAD
02-04 19:09:03.002 E/wificond(  651): Failed to get NL80211_RATE_INFO_NOISE
02-04 19:09:03.003 E/wificond(  651): Failed to get NL80211_RATE_INFO_SNR
02-04 19:09:03.003 E/wificond(  651): Failed to get NL80211_STA_INFO_CNAHLOAD
02-04 19:09:04.218 V/ActivityThread( 7509): ActivityThread,callActivityOnCreate
02-04 19:09:04.223 I/chatty  ( 1090): uid=1000(system) Binder:1090_2 expire 56 lines
02-04 19:09:04.226 I/HwNetworkPolicyManager( 1698): getHwUidPolicy uid = 10025 policy = 0
02-04 19:09:04.231 I/chatty  ( 1090): uid=1000(system) Binder:1090_1 expire 46 lines
02-04 19:09:04.264 D/ActivityThread( 7509): add activity client record, r= ActivityRecord{3cfc689 token=android.os.BinderProxy@6a3bfb7 {com.google.android.packageinstaller/com.android.packageinstaller.InstallStart}} token= android.os.BinderProxy@6a3bfb7
02-04 19:09:04.284 V/ActivityThread( 7509): ActivityThread,callActivityOnCreate
02-04 19:09:04.301 D/ActivityThread( 7509): add activity client record, r= ActivityRecord{78b6597 token=android.os.BinderProxy@4eb768e {com.google.android.packageinstaller/com.android.packageinstaller.InstallStaging}} token= android.os.BinderProxy@4eb768e
02-04 19:09:04.332 I/CommandQueue( 1366): updateBarBgColor
02-04 19:09:04.332 D/CommandQueue( 1366): CommandQueue, setBarBackgroundColor
02-04 19:09:04.564 D/ActivityThread( 7509): Remove activity client record, r= ActivityRecord{3cfc689 token=android.os.BinderProxy@6a3bfb7 {com.google.android.packageinstaller/com.android.packageinstaller.InstallStart}} token= android.os.BinderProxy@6a3bfb7
02-04 19:09:04.762 W/SocketListener(  447): sending broadcast to Pid = 1090, Uid = 1000 
02-04 19:09:04.906 V/ActivityThread( 7509): ActivityThread,callActivityOnCreate
02-04 19:09:04.927 D/ActivityThread( 7509): add activity client record, r= ActivityRecord{f454725 token=android.os.BinderProxy@f6b43f0 {com.google.android.packageinstaller/com.android.packageinstaller.DeleteStagedFileOnResult}} token= android.os.BinderProxy@f6b43f0
02-04 19:09:04.955 V/ActivityThread( 7509): ActivityThread,callActivityOnCreate
02-04 19:09:05.016 D/ActivityThread( 7509): add activity client record, r= ActivityRecord{1244c26 token=android.os.BinderProxy@7cac0fa {com.google.android.packageinstaller/com.android.packageinstaller.PackageInstallerActivity}} token= android.os.BinderProxy@7cac0fa
02-04 19:09:05.330 D/ActivityThread( 7509): Remove activity client record, r= ActivityRecord{78b6597 token=android.os.BinderProxy@4eb768e {com.google.android.packageinstaller/com.android.packageinstaller.InstallStaging}} token= android.os.BinderProxy@4eb768e
02-04 19:09:05.671 E/wificond(  651): Failed to get NL80211_RATE_INFO_NOISE
02-04 19:09:05.671 E/wificond(  651): Failed to get NL80211_RATE_INFO_SNR
02-04 19:09:05.671 E/wificond(  651): Failed to get NL80211_STA_INFO_CNAHLOAD
02-04 19:09:05.724 V/ActivityThread( 7509): ActivityThread,callActivityOnCreate
02-04 19:09:05.756 D/ActivityThread( 7509): add activity client record, r= ActivityRecord{1af4444 token=android.os.BinderProxy@87904b2 {com.google.android.packageinstaller/com.android.packageinstaller.InstallInstalling}} token= android.os.BinderProxy@87904b2
02-04 19:09:05.982 D/ActivityThread( 7509): Remove activity client record, r= ActivityRecord{1244c26 token=android.os.BinderProxy@7cac0fa {com.google.android.packageinstaller/com.android.packageinstaller.PackageInstallerActivity}} token= android.os.BinderProxy@7cac0fa
02-04 19:09:06.540 I/chatty  ( 1090): uid=1000(system) PackageManager expire 14 lines
02-04 19:09:07.361 I/chatty  ( 1090): uid=1000(system) ActivityManager expire 13 lines
02-04 19:09:08.309 I/chatty  ( 1090): uid=1000(system) Binder:1090_12 expire 25 lines
02-04 19:09:08.333 V/ActivityThread( 7509): ActivityThread,callActivityOnCreate
02-04 19:09:08.415 D/ActivityThread( 7509): add activity client record, r= ActivityRecord{5d60099 token=android.os.BinderProxy@a64fb29 {com.google.android.packageinstaller/com.android.packageinstaller.InstallSuccess}} token= android.os.BinderProxy@a64fb29
02-04 19:09:08.444 I/chatty  ( 1090): uid=1000(system) android.bg expire 1 line
02-04 19:09:08.445 I/chatty  ( 1090): uid=1000(system) Binder:1090_C expire 6 lines
02-04 19:09:08.516 I/chatty  ( 1090): uid=1000(system) android.anim expire 119 lines
02-04 19:09:08.582 I/chatty  ( 1090): uid=1000(system) Binder:1090_18 expire 4 lines
02-04 19:09:08.585 I/chatty  ( 1090): uid=1000(system) Binder:1090_14 expire 31 lines
02-04 19:09:08.671 D/ActivityThread( 7509): Remove activity client record, r= ActivityRecord{1af4444 token=android.os.BinderProxy@87904b2 {com.google.android.packageinstaller/com.android.packageinstaller.InstallInstalling}} token= android.os.BinderProxy@87904b2
02-04 19:09:08.674 I/chatty  ( 1090): uid=1000(system) Binder:1090_4 expire 11 lines
02-04 19:09:08.680 E/wificond(  651): Failed to get NL80211_RATE_INFO_NOISE
02-04 19:09:08.680 E/wificond(  651): Failed to get NL80211_RATE_INFO_SNR
02-04 19:09:08.680 E/wificond(  651): Failed to get NL80211_STA_INFO_CNAHLOAD
02-04 19:09:08.949 W/ContextImpl(19807): Calling a method in the system process without a qualified user: android.app.ContextImpl.startService:1656 android.content.ContextWrapper.startService:644 android.content.ContextWrapper.startService:644 com.huawei.systemmanager.antivirus.utils.AntiVirusTools.deleteVirusApk:638 com.huawei.systemmanager.antivirus.AntiVirusReceiver.handlerPackageRemoved:52 
02-04 19:09:08.961 W/ContextImpl(19807): Calling a method in the system process without a qualified user: android.app.ContextImpl.startService:1656 android.content.ContextWrapper.startService:644 com.huawei.systemmanager.spacecleanner.receiver.SpaceCleanReceiver.checkRarelyUsedApp:87 com.huawei.systemmanager.spacecleanner.receiver.SpaceCleanReceiver.doInBackground:39 java.lang.reflect.Method.invoke:-2 
02-04 19:09:09.157 W/ContextImpl(19807): Calling a method in the system process without a qualified user: android.app.ContextImpl.startService:1656 android.content.ContextWrapper.startService:644 android.content.ContextWrapper.startService:644 com.huawei.systemmanager.antivirus.utils.AntiVirusTools.checkVirusForNewInstalledApk:626 com.huawei.systemmanager.antivirus.AntiVirusReceiver.onReceive:36 
02-04 19:09:09.199 W/ContextImpl(19807): Calling a method in the system process without a qualified user: android.app.ContextImpl.startService:1656 android.content.ContextWrapper.startService:644 com.huawei.systemmanager.spacecleanner.receiver.SpaceCleanReceiver.checkRarelyUsedApp:87 com.huawei.systemmanager.spacecleanner.receiver.SpaceCleanReceiver.doInBackground:39 java.lang.reflect.Method.invoke:-2 
02-04 19:09:09.330 D/ActivityThread(11768): ActivityThread,attachApplication
02-04 19:09:09.390 I/HwNetworkPolicyManager( 1698): getHwUidPolicy uid = 10129 policy = 0
02-04 19:09:09.436 I/chatty  ( 1090): uid=1000(system) Binder:1090_1D expire 50 lines
02-04 19:09:09.496 V/ActivityThread(11768): ActivityThread,callActivityOnCreate
02-04 19:09:09.878 D/ActivityThread(11768): add activity client record, r= ActivityRecord{e8a41eb token=android.os.BinderProxy@24e9310 {com.jam.dentsu.noupathyproto/com.jam.dentsu.noupathyproto.MainActivity}} token= android.os.BinderProxy@24e9310
02-04 19:09:09.972 I/CommandQueue( 1366): updateBarBgColor
02-04 19:09:09.972 D/CommandQueue( 1366): CommandQueue, setBarBackgroundColor
02-04 19:09:10.083 D/ActivityThread( 7509): Remove activity client record, r= ActivityRecord{5d60099 token=android.os.BinderProxy@a64fb29 {com.google.android.packageinstaller/com.android.packageinstaller.InstallSuccess}} token= android.os.BinderProxy@a64fb29
02-04 19:09:10.831 V/ActivityThread(11768): ActivityThread,callActivityOnCreate
02-04 19:09:11.007 E/wificond(  651): Failed to get NL80211_RATE_INFO_NOISE
02-04 19:09:11.007 E/wificond(  651): Failed to get NL80211_RATE_INFO_SNR
02-04 19:09:11.008 E/wificond(  651): Failed to get NL80211_STA_INFO_CNAHLOAD
02-04 19:09:11.009 E/wificond(  651): Failed to get NL80211_RATE_INFO_NOISE
02-04 19:09:11.009 E/wificond(  651): Failed to get NL80211_RATE_INFO_SNR
