02-04 19:16:13.772 W/ContextImpl(10539): Calling a method in the system process without a qualified user: android.app.ContextImpl.startService:1656 android.content.ContextWrapper.startService:644 android.content.ContextWrapper.startService:644 com.android.settings.wifi.AccessPointConnectedReceiver.onReceive:28 android.app.ActivityThread.handleReceiver:3804 
02-04 19:16:13.814 W/ContextImpl(10539): Calling a method in the system process without a qualified user: android.app.ContextImpl.startService:1656 android.content.ContextWrapper.startService:644 android.content.ContextWrapper.startService:644 com.android.settings.wifi.AccessPointConnectedReceiver.onReceive:28 android.app.ActivityThread.handleReceiver:3804 
02-04 19:16:13.822 I/chatty  ( 1090): uid=1000(system) Binder:1090_2 expire 3 lines
02-04 19:16:13.934 I/chatty  ( 1090): uid=1000 system_server expire 2 lines
02-04 19:16:13.982 I/chatty  ( 1090): uid=1000(system) GpsXtraReceiver expire 2 lines
02-04 19:16:14.049 I/chatty  ( 1090): uid=1000(system) Binder:1090_8 expire 1 line
02-04 19:16:14.055 E/wificond(  651): Failed to get NL80211_RATE_INFO_NOISE
02-04 19:16:14.055 E/wificond(  651): Failed to get NL80211_RATE_INFO_SNR
02-04 19:16:14.055 E/wificond(  651): Failed to get NL80211_STA_INFO_CNAHLOAD
02-04 19:16:14.057 E/wificond(  651): Failed to get NL80211_RATE_INFO_NOISE
02-04 19:16:14.058 E/wificond(  651): Failed to get NL80211_RATE_INFO_SNR
02-04 19:16:14.058 E/wificond(  651): Failed to get NL80211_STA_INFO_CNAHLOAD
02-04 19:16:14.421 W/SocketListener(  447): sending broadcast to Pid = 1090, Uid = 1000 
02-04 19:16:14.535 W/SocketListener(  447): sending broadcast to Pid = 1090, Uid = 1000 
02-04 19:16:14.544 W/SocketListener(  447): sending broadcast to Pid = 1090, Uid = 1000 
02-04 19:16:14.544 W/SocketListener(  447): sending broadcast to Pid = 1090, Uid = 1000 
02-04 19:16:14.585 W/ContextImpl(10539): Calling a method in the system process without a qualified user: android.app.ContextImpl.startService:1656 android.content.ContextWrapper.startService:644 android.content.ContextWrapper.startService:644 com.android.settings.wifi.AccessPointConnectedReceiver.onReceive:28 android.app.ActivityThread.handleReceiver:3804 
02-04 19:16:14.629 W/ContextImpl(10539): Calling a method in the system process without a qualified user: android.app.ContextImpl.startService:1656 android.content.ContextWrapper.startService:644 android.content.ContextWrapper.startService:644 com.android.settings.wifi.AccessPointConnectedReceiver.onReceive:28 android.app.ActivityThread.handleReceiver:3804 
02-04 19:16:14.680 W/SocketListener(  447): sending broadcast to Pid = 1090, Uid = 1000 
02-04 19:16:14.734 I/chatty  ( 1090): uid=1000(system) Binder:1090_11 expire 3 lines
02-04 19:16:14.965 W/SocketListener(  447): sending broadcast to Pid = 1090, Uid = 1000 
02-04 19:16:16.264 W/SocketListener(  447): sending broadcast to Pid = 1090, Uid = 1000 
02-04 19:16:16.269 W/SocketListener(  447): sending broadcast to Pid = 1090, Uid = 1000 
02-04 19:16:16.777 W/SocketListener(  447): sending broadcast to Pid = 1090, Uid = 1000 
02-04 19:16:17.859 W/wificond(  651): Scan is not started. Ignore abort request
02-04 19:16:17.893 W/ContextImpl(10539): Calling a method in the system process without a qualified user: android.app.ContextImpl.startService:1656 android.content.ContextWrapper.startService:644 android.content.ContextWrapper.startService:644 com.android.settings.wifi.AccessPointConnectedReceiver.onReceive:28 android.app.ActivityThread.handleReceiver:3804 
02-04 19:16:17.902 I/chatty  ( 1090): uid=1000(system) Binder:1090_B expire 5 lines
02-04 19:16:18.652 W/ContextImpl(10539): Calling a method in the system process without a qualified user: android.app.ContextImpl.startService:1656 android.content.ContextWrapper.startService:644 android.content.ContextWrapper.startService:644 com.android.settings.wifi.AccessPointConnectedReceiver.onReceive:28 android.app.ActivityThread.handleReceiver:3804 
02-04 19:16:18.662 I/chatty  ( 1090): uid=1000(system) Binder:1090_10 expire 4 lines
02-04 19:16:18.673 W/ContextImpl(10539): Calling a method in the system process without a qualified user: android.app.ContextImpl.startService:1656 android.content.ContextWrapper.startService:644 android.content.ContextWrapper.startService:644 com.android.settings.wifi.AccessPointConnectedReceiver.onReceive:28 android.app.ActivityThread.handleReceiver:3804 
02-04 19:16:18.738 W/ContextImpl(10539): Calling a method in the system process without a qualified user: android.app.ContextImpl.startService:1656 android.content.ContextWrapper.startService:644 android.content.ContextWrapper.startService:644 com.android.settings.wifi.AccessPointConnectedReceiver.onReceive:28 android.app.ActivityThread.handleReceiver:3804 
02-04 19:16:20.481 I/wificond(  651): Received external scan result notification from kernel, ignore this event ...
02-04 19:16:20.483 W/SocketListener(  447): sending broadcast to Pid = 1090, Uid = 1000 
02-04 19:16:20.511 W/ContextImpl(10539): Calling a method in the system process without a qualified user: android.app.ContextImpl.startService:1656 android.content.ContextWrapper.startService:644 android.content.ContextWrapper.startService:644 com.android.settings.wifi.AccessPointConnectedReceiver.onReceive:28 android.app.ActivityThread.handleReceiver:3804 
02-04 19:16:20.531 W/SocketListener(  447): sending broadcast to Pid = 1090, Uid = 1000 
02-04 19:16:20.531 W/SocketListener(  447): sending broadcast to Pid = 1090, Uid = 1000 
02-04 19:16:20.535 W/SocketListener(  447): sending broadcast to Pid = 1090, Uid = 1000 
02-04 19:16:20.557 E/wificond(  651): Failed to get NL80211_RATE_INFO_NOISE
02-04 19:16:20.557 E/wificond(  651): Failed to get NL80211_RATE_INFO_SNR
02-04 19:16:20.557 E/wificond(  651): Failed to get NL80211_STA_INFO_CNAHLOAD
02-04 19:16:20.580 W/ContextImpl(10539): Calling a method in the system process without a qualified user: android.app.ContextImpl.startService:1656 android.content.ContextWrapper.startService:644 android.content.ContextWrapper.startService:644 com.android.settings.wifi.AccessPointConnectedReceiver.onReceive:28 android.app.ActivityThread.handleReceiver:3804 
02-04 19:16:20.603 E/wificond(  651): Failed to get NL80211_RATE_INFO_NOISE
02-04 19:16:20.603 E/wificond(  651): Failed to get NL80211_RATE_INFO_SNR
02-04 19:16:20.603 E/wificond(  651): Failed to get NL80211_STA_INFO_CNAHLOAD
02-04 19:16:20.614 W/ContextImpl(10539): Calling a method in the system process without a qualified user: android.app.ContextImpl.startService:1656 android.content.ContextWrapper.startService:644 android.content.ContextWrapper.startService:644 com.android.settings.wifi.AccessPointConnectedReceiver.onReceive:28 android.app.ActivityThread.handleReceiver:3804 
02-04 19:16:20.616 W/SocketListener(  447): sending broadcast to Pid = 1090, Uid = 1000 
02-04 19:16:20.616 W/SocketListener(  447): sending broadcast to Pid = 1090, Uid = 1000 
02-04 19:16:20.639 W/ContextImpl(10539): Calling a method in the system process without a qualified user: android.app.ContextImpl.startService:1656 android.content.ContextWrapper.startService:644 android.content.ContextWrapper.startService:644 com.android.settings.wifi.AccessPointConnectedReceiver.onReceive:28 android.app.ActivityThread.handleReceiver:3804 
02-04 19:16:20.710 I/chatty  ( 1090): uid=1000 system_server expire 10 lines
02-04 19:16:20.782 W/ContextImpl(10539): Calling a method in the system process without a qualified user: android.app.ContextImpl.startService:1656 android.content.ContextWrapper.startService:644 android.content.ContextWrapper.startService:644 com.android.settings.wifi.AccessPointConnectedReceiver.onReceive:28 android.app.ActivityThread.handleReceiver:3804 
02-04 19:16:20.908 W/SocketListener(  447): sending broadcast to Pid = 1090, Uid = 1000 
02-04 19:16:20.919 E/wificond(  651): Failed to get NL80211_RATE_INFO_NOISE
02-04 19:16:20.919 E/wificond(  651): Failed to get NL80211_RATE_INFO_SNR
02-04 19:16:20.919 E/wificond(  651): Failed to get NL80211_STA_INFO_CNAHLOAD
02-04 19:16:20.940 E/wificond(  651): Failed to get NL80211_RATE_INFO_NOISE
02-04 19:16:20.940 E/wificond(  651): Failed to get NL80211_RATE_INFO_SNR
02-04 19:16:20.940 E/wificond(  651): Failed to get NL80211_STA_INFO_CNAHLOAD
02-04 19:16:20.961 W/ContextImpl(10539): Calling a method in the system process without a qualified user: android.app.ContextImpl.startService:1656 android.content.ContextWrapper.startService:644 android.content.ContextWrapper.startService:644 com.android.settings.wifi.AccessPointConnectedReceiver.onReceive:28 android.app.ActivityThread.handleReceiver:3804 
02-04 19:16:21.015 W/ContextImpl(10539): Calling a method in the system process without a qualified user: android.app.ContextImpl.startService:1656 android.content.ContextWrapper.startService:644 android.content.ContextWrapper.startService:644 com.android.settings.wifi.AccessPointConnectedReceiver.onReceive:28 android.app.ActivityThread.handleReceiver:3804 
02-04 19:16:21.093 I/chatty  ( 1090): uid=1000 system_server expire 2 lines
02-04 19:16:21.095 W/SocketListener(  447): sending broadcast to Pid = 1090, Uid = 1000 
02-04 19:16:21.097 W/SocketListener(  447): sending broadcast to Pid = 1090, Uid = 1000 
02-04 19:16:21.101 W/SocketListener(  447): sending broadcast to Pid = 1090, Uid = 1000 
02-04 19:16:21.115 I/chatty  ( 1090): uid=1000 system_server expire 37 lines
02-04 19:16:21.179 W/ContextImpl(10539): Calling a method in the system process without a qualified user: android.app.ContextImpl.startService:1656 android.content.ContextWrapper.startService:644 android.content.ContextWrapper.startService:644 com.android.settings.wifi.AccessPointConnectedReceiver.onReceive:28 android.app.ActivityThread.handleReceiver:3804 
02-04 19:16:21.186 I/chatty  ( 1090): uid=1000(system) NetdConnector expire 38 lines
02-04 19:16:21.188 I/chatty  ( 1698): uid=1000(system) com.huawei.systemmanager:service expire 6 lines
02-04 19:16:21.192 I/chatty  ( 1090): uid=1000(system) ConnectivitySer expire 86 lines
02-04 19:16:21.221 I/chatty  ( 1090): uid=1000(system) WifiStateMachin expire 11 lines
02-04 19:16:21.233 I/chatty  ( 1090): uid=1000(system) Binder:1090_5 expire 2 lines
02-04 19:16:21.247 W/ContextImpl(10539): Calling a method in the system process without a qualified user: android.app.ContextImpl.startService:1656 android.content.ContextWrapper.startService:644 android.content.ContextWrapper.startService:644 com.android.settings.wifi.AccessPointConnectedReceiver.onReceive:28 android.app.ActivityThread.handleReceiver:3804 
02-04 19:16:21.308 W/SocketListener(  447): sending broadcast to Pid = 1090, Uid = 1000 
02-04 19:16:21.312 I/chatty  ( 1090): uid=1000(system) android.fg expire 14 lines
02-04 19:16:21.337 I/chatty  ( 1090): uid=1000(system) Binder:1090_7 expire 3 lines
02-04 19:16:21.348 I/chatty  ( 1090): uid=1000(system) Binder:1090_F expire 6 lines
02-04 19:16:21.439 I/chatty  ( 1090): uid=1000(system) watchdog expire 1 line
02-04 19:16:21.547 W/SocketListener(  447): sending broadcast to Pid = 1090, Uid = 1000 
02-04 19:16:21.570 I/chatty  ( 1090): uid=1000(system) Binder:1090_18 expire 7 lines
02-04 19:16:21.610 W/SocketListener(  447): sending broadcast to Pid = 1090, Uid = 1000 
02-04 19:16:23.336 W/SocketListener(  447): sending broadcast to Pid = 1090, Uid = 1000 
02-04 19:16:23.416 I/chatty  ( 1090): uid=1000(system) IpManager.wlan0 expire 8 lines
02-04 19:16:23.421 W/SocketListener(  447): sending broadcast to Pid = 1090, Uid = 1000 
02-04 19:16:23.425 W/SocketListener(  447): sending broadcast to Pid = 1090, Uid = 1000 
02-04 19:16:24.390 W/wificond(  651): Scan is not started. Ignore abort request
02-04 19:16:24.435 W/ContextImpl(10539): Calling a method in the system process without a qualified user: android.app.ContextImpl.startService:1656 android.content.ContextWrapper.startService:644 android.content.ContextWrapper.startService:644 com.android.settings.wifi.AccessPointConnectedReceiver.onReceive:28 android.app.ActivityThread.handleReceiver:3804 
02-04 19:16:24.448 I/chatty  ( 1090): uid=1000(system) Binder:1090_D expire 5 lines
02-04 19:16:25.200 W/ContextImpl(10539): Calling a method in the system process without a qualified user: android.app.ContextImpl.startService:1656 android.content.ContextWrapper.startService:644 android.content.ContextWrapper.startService:644 com.android.settings.wifi.AccessPointConnectedReceiver.onReceive:28 android.app.ActivityThread.handleReceiver:3804 
02-04 19:16:25.224 W/ContextImpl(10539): Calling a method in the system process without a qualified user: android.app.ContextImpl.startService:1656 android.content.ContextWrapper.startService:644 android.content.ContextWrapper.startService:644 com.android.settings.wifi.AccessPointConnectedReceiver.onReceive:28 android.app.ActivityThread.handleReceiver:3804 
02-04 19:16:25.273 W/ContextImpl(10539): Calling a method in the system process without a qualified user: android.app.ContextImpl.startService:1656 android.content.ContextWrapper.startService:644 android.content.ContextWrapper.startService:644 com.android.settings.wifi.AccessPointConnectedReceiver.onReceive:28 android.app.ActivityThread.handleReceiver:3804 
02-04 19:16:27.013 I/wificond(  651): Received external scan result notification from kernel, ignore this event ...
02-04 19:16:27.015 W/SocketListener(  447): sending broadcast to Pid = 1090, Uid = 1000 
02-04 19:16:27.054 W/ContextImpl(10539): Calling a method in the system process without a qualified user: android.app.ContextImpl.startService:1656 android.content.ContextWrapper.startService:644 android.content.ContextWrapper.startService:644 com.android.settings.wifi.AccessPointConnectedReceiver.onReceive:28 android.app.ActivityThread.handleReceiver:3804 
02-04 19:16:27.062 W/SocketListener(  447): sending broadcast to Pid = 1090, Uid = 1000 
02-04 19:16:27.062 W/SocketListener(  447): sending broadcast to Pid = 1090, Uid = 1000 
02-04 19:16:27.076 W/SocketListener(  447): sending broadcast to Pid = 1090, Uid = 1000 
02-04 19:16:27.084 E/wificond(  651): Failed to get NL80211_RATE_INFO_NOISE
02-04 19:16:27.084 E/wificond(  651): Failed to get NL80211_RATE_INFO_SNR
02-04 19:16:27.084 E/wificond(  651): Failed to get NL80211_STA_INFO_CNAHLOAD
02-04 19:16:27.112 I/chatty  ( 1090): uid=1000(system) WifiP2pService expire 9 lines
02-04 19:16:27.114 W/ContextImpl(10539): Calling a method in the system process without a qualified user: android.app.ContextImpl.startService:1656 android.content.ContextWrapper.startService:644 android.content.ContextWrapper.startService:644 com.android.settings.wifi.AccessPointConnectedReceiver.onReceive:28 android.app.ActivityThread.handleReceiver:3804 
02-04 19:16:27.120 E/wificond(  651): Failed to get NL80211_RATE_INFO_NOISE
02-04 19:16:27.120 E/wificond(  651): Failed to get NL80211_RATE_INFO_SNR
02-04 19:16:27.120 E/wificond(  651): Failed to get NL80211_STA_INFO_CNAHLOAD
02-04 19:16:27.125 I/chatty  ( 1090): uid=1000(system) NetdConnector expire 64 lines
02-04 19:16:27.130 I/chatty  ( 1090): uid=1000 system_server expire 42 lines
02-04 19:16:27.132 W/SocketListener(  447): sending broadcast to Pid = 1090, Uid = 1000 
02-04 19:16:27.133 W/SocketListener(  447): sending broadcast to Pid = 1090, Uid = 1000 
02-04 19:16:27.147 W/ContextImpl(10539): Calling a method in the system process without a qualified user: android.app.ContextImpl.startService:1656 android.content.ContextWrapper.startService:644 android.content.ContextWrapper.startService:644 com.android.settings.wifi.AccessPointConnectedReceiver.onReceive:28 android.app.ActivityThread.handleReceiver:3804 
02-04 19:16:27.166 W/ContextImpl(10539): Calling a method in the system process without a qualified user: android.app.ContextImpl.startService:1656 android.content.ContextWrapper.startService:644 android.content.ContextWrapper.startService:644 com.android.settings.wifi.AccessPointConnectedReceiver.onReceive:28 android.app.ActivityThread.handleReceiver:3804 
02-04 19:16:27.186 I/chatty  ( 1090): uid=1000 system_server expire 6 lines
02-04 19:16:27.281 W/ContextImpl(10539): Calling a method in the system process without a qualified user: android.app.ContextImpl.startService:1656 android.content.ContextWrapper.startService:644 android.content.ContextWrapper.startService:644 com.android.settings.wifi.AccessPointConnectedReceiver.onReceive:28 android.app.ActivityThread.handleReceiver:3804 
02-04 19:16:27.452 W/SocketListener(  447): sending broadcast to Pid = 1090, Uid = 1000 
02-04 19:16:27.463 E/wificond(  651): Failed to get NL80211_RATE_INFO_NOISE
02-04 19:16:27.463 E/wificond(  651): Failed to get NL80211_RATE_INFO_SNR
02-04 19:16:27.463 E/wificond(  651): Failed to get NL80211_STA_INFO_CNAHLOAD
02-04 19:16:27.484 E/wificond(  651): Failed to get NL80211_RATE_INFO_NOISE
02-04 19:16:27.484 E/wificond(  651): Failed to get NL80211_RATE_INFO_SNR
02-04 19:16:27.484 E/wificond(  651): Failed to get NL80211_STA_INFO_CNAHLOAD
02-04 19:16:27.485 W/ContextImpl(10539): Calling a method in the system process without a qualified user: android.app.ContextImpl.startService:1656 android.content.ContextWrapper.startService:644 android.content.ContextWrapper.startService:644 com.android.settings.wifi.AccessPointConnectedReceiver.onReceive:28 android.app.ActivityThread.handleReceiver:3804 
02-04 19:16:27.514 I/chatty  ( 1090): uid=1000(system) Binder:1090_1F expire 2 lines
02-04 19:16:27.536 W/ContextImpl(10539): Calling a method in the system process without a qualified user: android.app.ContextImpl.startService:1656 android.content.ContextWrapper.startService:644 android.content.ContextWrapper.startService:644 com.android.settings.wifi.AccessPointConnectedReceiver.onReceive:28 android.app.ActivityThread.handleReceiver:3804 
02-04 19:16:27.618 I/chatty  ( 1090): uid=1000 system_server expire 2 lines
02-04 19:16:27.647 E/wificond(  651): Failed to get NL80211_RATE_INFO_NOISE
02-04 19:16:27.648 E/wificond(  651): Failed to get NL80211_RATE_INFO_SNR
02-04 19:16:27.648 E/wificond(  651): Failed to get NL80211_STA_INFO_CNAHLOAD
02-04 19:16:27.649 E/wificond(  651): Failed to get NL80211_RATE_INFO_NOISE
02-04 19:16:27.649 E/wificond(  651): Failed to get NL80211_RATE_INFO_SNR
02-04 19:16:27.649 E/wificond(  651): Failed to get NL80211_STA_INFO_CNAHLOAD
02-04 19:16:27.662 I/chatty  ( 1090): uid=1000(system) NetworkPolicy expire 4 lines
02-04 19:16:27.665 I/chatty  ( 1090): uid=1000(system) ActivityManager expire 2 lines
02-04 19:16:27.685 W/ContextImpl( 1698): Calling a method in the system process without a qualified user: android.app.ContextImpl.startService:1656 android.content.ContextWrapper.startService:644 com.huawei.systemmanager.service.InitValueService$ConnectivityBroadcastReceiver.onReceive:99 android.app.LoadedApk$ReceiverDispatcher$Args.lambda$-android_app_LoadedApk$ReceiverDispatcher$Args_58300:1435 android.app.-$Lambda$FilBqgnXJrN9Mgyks1XHeAxzSTk.$m$0:4 
02-04 19:16:27.741 I/chatty  ( 1090): uid=1000(system) Binder:1090_14 expire 3 lines
02-04 19:16:27.742 I/chatty  ( 1090): uid=1000(system) GpsXtraReceiver expire 1 line
02-04 19:16:27.765 I/chatty  ( 1090): uid=1000(system) android.bg expire 3 lines
02-04 19:16:28.121 W/SocketListener(  447): sending broadcast to Pid = 1090, Uid = 1000 
02-04 19:16:28.125 I/chatty  ( 1090): uid=1000(system) android.fg expire 11 lines
02-04 19:16:28.142 W/SocketListener(  447): sending broadcast to Pid = 1090, Uid = 1000 
02-04 19:16:28.148 W/SocketListener(  447): sending broadcast to Pid = 1090, Uid = 1000 
02-04 19:16:28.148 W/SocketListener(  447): sending broadcast to Pid = 1090, Uid = 1000 
02-04 19:16:28.155 I/chatty  ( 1090): uid=1000(system) WifiP2pService expire 3 lines
02-04 19:16:28.200 W/ContextImpl(10539): Calling a method in the system process without a qualified user: android.app.ContextImpl.startService:1656 android.content.ContextWrapper.startService:644 android.content.ContextWrapper.startService:644 com.android.settings.wifi.AccessPointConnectedReceiver.onReceive:28 android.app.ActivityThread.handleReceiver:3804 
02-04 19:16:28.210 I/chatty  ( 1090): uid=1000(system) WifiScanningSer expire 2 lines
02-04 19:16:28.236 W/ContextImpl(10539): Calling a method in the system process without a qualified user: android.app.ContextImpl.startService:1656 android.content.ContextWrapper.startService:644 android.content.ContextWrapper.startService:644 com.android.settings.wifi.AccessPointConnectedReceiver.onReceive:28 android.app.ActivityThread.handleReceiver:3804 
02-04 19:16:28.244 I/chatty  ( 1090): uid=1000(system) Binder:1090_20 expire 1 line
02-04 19:16:28.277 W/SocketListener(  447): sending broadcast to Pid = 1090, Uid = 1000 
02-04 19:16:28.281 W/ContextImpl( 1698): Calling a method in the system process without a qualified user: android.app.ContextImpl.startService:1656 android.content.ContextWrapper.startService:644 com.huawei.systemmanager.rainbow.client.background.service.CloudBroadcastHandlerService$1.onReceive:69 android.app.LoadedApk$ReceiverDispatcher$Args.lambda$-android_app_LoadedApk$ReceiverDispatcher$Args_58300:1435 android.app.-$Lambda$FilBqgnXJrN9Mgyks1XHeAxzSTk.$m$0:4 
02-04 19:16:28.294 W/ContextImpl( 1698): Calling a method in the system process without a qualified user: android.app.ContextImpl.sendBroadcast:1095 android.content.ContextWrapper.sendBroadcast:436 com.huawei.systemmanager.service.InitValueService$ConnectivityBroadcastReceiver.onReceive:88 android.app.LoadedApk$ReceiverDispatcher$Args.lambda$-android_app_LoadedApk$ReceiverDispatcher$Args_58300:1435 android.app.-$Lambda$FilBqgnXJrN9Mgyks1XHeAxzSTk.$m$0:4 
02-04 19:16:28.304 W/ContextImpl( 1698): Calling a method in the system process without a qualified user: android.app.ContextImpl.startService:1656 android.content.ContextWrapper.startService:644 com.huawei.systemmanager.service.InitValueService$ConnectivityBroadcastReceiver.onReceive:99 android.app.LoadedApk$ReceiverDispatcher$Args.lambda$-android_app_LoadedApk$ReceiverDispatcher$Args_58300:1435 android.app.-$Lambda$FilBqgnXJrN9Mgyks1XHeAxzSTk.$m$0:4 
02-04 19:16:28.334 I/chatty  ( 1090): uid=1000(system) Binder:1090_1 expire 1 line
02-04 19:16:28.486 W/SocketListener(  447): sending broadcast to Pid = 1090, Uid = 1000 
02-04 19:16:28.517 I/chatty  ( 1090): uid=1000(system) Binder:1090_3 expire 2 lines
02-04 19:16:29.941 I/chatty  ( 1090): uid=1000 system_server expire 4 lines
02-04 19:16:29.961 I/chatty  ( 1090): uid=1000(system) IpManager.wlan0 expire 3 lines
02-04 19:16:29.965 W/SocketListener(  447): sending broadcast to Pid = 1090, Uid = 1000 
02-04 19:16:29.971 W/SocketListener(  447): sending broadcast to Pid = 1090, Uid = 1000 
02-04 19:16:30.308 W/SocketListener(  447): sending broadcast to Pid = 1090, Uid = 1000 
02-04 19:16:30.714 I/chatty  ( 1090): uid=1000 system_server expire 5 lines
02-04 19:16:31.364 W/wificond(  651): Scan is not started. Ignore abort request
02-04 19:16:31.398 W/ContextImpl(10539): Calling a method in the system process without a qualified user: android.app.ContextImpl.startService:1656 android.content.ContextWrapper.startService:644 android.content.ContextWrapper.startService:644 com.android.settings.wifi.AccessPointConnectedReceiver.onReceive:28 android.app.ActivityThread.handleReceiver:3804 
02-04 19:16:31.406 I/chatty  ( 1090): uid=1000(system) Binder:1090_3 expire 2 lines
02-04 19:16:32.132 I/chatty  ( 1090): uid=1000 system_server expire 56 lines
02-04 19:16:32.152 W/ContextImpl(10539): Calling a method in the system process without a qualified user: android.app.ContextImpl.startService:1656 android.content.ContextWrapper.startService:644 android.content.ContextWrapper.startService:644 com.android.settings.wifi.AccessPointConnectedReceiver.onReceive:28 android.app.ActivityThread.handleReceiver:3804 
02-04 19:16:32.161 I/chatty  ( 1090): uid=1000(system) Binder:1090_1F expire 11 lines
02-04 19:16:32.173 W/ContextImpl(10539): Calling a method in the system process without a qualified user: android.app.ContextImpl.startService:1656 android.content.ContextWrapper.startService:644 android.content.ContextWrapper.startService:644 com.android.settings.wifi.AccessPointConnectedReceiver.onReceive:28 android.app.ActivityThread.handleReceiver:3804 
02-04 19:16:32.182 I/chatty  ( 1090): uid=1000(system) Binder:1090_19 expire 11 lines
02-04 19:16:32.241 W/ContextImpl(10539): Calling a method in the system process without a qualified user: android.app.ContextImpl.startService:1656 android.content.ContextWrapper.startService:644 android.content.ContextWrapper.startService:644 com.android.settings.wifi.AccessPointConnectedReceiver.onReceive:28 android.app.ActivityThread.handleReceiver:3804 
02-04 19:16:33.949 W/SocketListener(  447): sending broadcast to Pid = 1090, Uid = 1000 
02-04 19:16:33.950 I/wificond(  651): Received external scan result notification from kernel, ignore this event ...
02-04 19:16:33.951 I/chatty  ( 1090): uid=1000(system) NetdConnector expire 52 lines
02-04 19:16:33.956 I/chatty  ( 1090): uid=1000(system) android.fg expire 14 lines
02-04 19:16:33.990 W/ContextImpl(10539): Calling a method in the system process without a qualified user: android.app.ContextImpl.startService:1656 android.content.ContextWrapper.startService:644 android.content.ContextWrapper.startService:644 com.android.settings.wifi.AccessPointConnectedReceiver.onReceive:28 android.app.ActivityThread.handleReceiver:3804 
02-04 19:16:34.732 W/ContextImpl(10539): Calling a method in the system process without a qualified user: android.app.ContextImpl.startService:1656 android.content.ContextWrapper.startService:644 android.content.ContextWrapper.startService:644 com.android.settings.wifi.AccessPointConnectedReceiver.onReceive:28 android.app.ActivityThread.handleReceiver:3804 
02-04 19:16:34.740 I/chatty  ( 1090): uid=1000(system) Binder:1090_3 expire 10 lines
02-04 19:16:34.743 I/chatty  ( 1090): uid=1000(system) Binder:1090_1 expire 2 lines
02-04 19:16:34.831 W/ContextImpl(10539): Calling a method in the system process without a qualified user: android.app.ContextImpl.startService:1656 android.content.ContextWrapper.startService:644 android.content.ContextWrapper.startService:644 com.android.settings.wifi.AccessPointConnectedReceiver.onReceive:28 android.app.ActivityThread.handleReceiver:3804 
02-04 19:16:34.853 W/ContextImpl(10539): Calling a method in the system process without a qualified user: android.app.ContextImpl.startService:1656 android.content.ContextWrapper.startService:644 android.content.ContextWrapper.startService:644 com.android.settings.wifi.AccessPointConnectedReceiver.onReceive:28 android.app.ActivityThread.handleReceiver:3804 
02-04 19:16:36.531 I/wificond(  651): Received external scan result notification from kernel, ignore this event ...
02-04 19:16:36.532 W/SocketListener(  447): sending broadcast to Pid = 1090, Uid = 1000 
02-04 19:16:36.568 W/ContextImpl(10539): Calling a method in the system process without a qualified user: android.app.ContextImpl.startService:1656 android.content.ContextWrapper.startService:644 android.content.ContextWrapper.startService:644 com.android.settings.wifi.AccessPointConnectedReceiver.onReceive:28 android.app.ActivityThread.handleReceiver:3804 
02-04 19:16:37.331 W/ContextImpl(10539): Calling a method in the system process without a qualified user: android.app.ContextImpl.startService:1656 android.content.ContextWrapper.startService:644 android.content.ContextWrapper.startService:644 com.android.settings.wifi.AccessPointConnectedReceiver.onReceive:28 android.app.ActivityThread.handleReceiver:3804 
02-04 19:16:37.415 W/ContextImpl(10539): Calling a method in the system process without a qualified user: android.app.ContextImpl.startService:1656 android.content.ContextWrapper.startService:644 android.content.ContextWrapper.startService:644 com.android.settings.wifi.AccessPointConnectedReceiver.onReceive:28 android.app.ActivityThread.handleReceiver:3804 
02-04 19:16:37.435 W/ContextImpl(10539): Calling a method in the system process without a qualified user: android.app.ContextImpl.startService:1656 android.content.ContextWrapper.startService:644 android.content.ContextWrapper.startService:644 com.android.settings.wifi.AccessPointConnectedReceiver.onReceive:28 android.app.ActivityThread.handleReceiver:3804 
02-04 19:16:38.209 I/chatty  ( 1090): uid=1000(system) WifiStateMachin expire 6 lines
02-04 19:16:38.211 E/wificond(  651): Received error messsage: Device or resource busy
02-04 19:16:38.211 E/wificond(  651): NL80211_CMD_TRIGGER_SCAN failed
02-04 19:16:39.127 I/wificond(  651): Received external scan result notification from kernel, ignore this event ...
02-04 19:16:39.128 W/SocketListener(  447): sending broadcast to Pid = 1090, Uid = 1000 
02-04 19:16:39.151 W/ContextImpl(10539): Calling a method in the system process without a qualified user: android.app.ContextImpl.startService:1656 android.content.ContextWrapper.startService:644 android.content.ContextWrapper.startService:644 com.android.settings.wifi.AccessPointConnectedReceiver.onReceive:28 android.app.ActivityThread.handleReceiver:3804 
02-04 19:16:39.913 W/ContextImpl(10539): Calling a method in the system process without a qualified user: android.app.ContextImpl.startService:1656 android.content.ContextWrapper.startService:644 android.content.ContextWrapper.startService:644 com.android.settings.wifi.AccessPointConnectedReceiver.onReceive:28 android.app.ActivityThread.handleReceiver:3804 
02-04 19:16:40.008 W/ContextImpl(10539): Calling a method in the system process without a qualified user: android.app.ContextImpl.startService:1656 android.content.ContextWrapper.startService:644 android.content.ContextWrapper.startService:644 com.android.settings.wifi.AccessPointConnectedReceiver.onReceive:28 android.app.ActivityThread.handleReceiver:3804 
02-04 19:16:40.028 W/ContextImpl(10539): Calling a method in the system process without a qualified user: android.app.ContextImpl.startService:1656 android.content.ContextWrapper.startService:644 android.content.ContextWrapper.startService:644 com.android.settings.wifi.AccessPointConnectedReceiver.onReceive:28 android.app.ActivityThread.handleReceiver:3804 
02-04 19:16:41.753 I/wificond(  651): Received external scan result notification from kernel, ignore this event ...
02-04 19:16:41.754 W/SocketListener(  447): sending broadcast to Pid = 1090, Uid = 1000 
02-04 19:16:41.796 W/ContextImpl(10539): Calling a method in the system process without a qualified user: android.app.ContextImpl.startService:1656 android.content.ContextWrapper.startService:644 android.content.ContextWrapper.startService:644 com.android.settings.wifi.AccessPointConnectedReceiver.onReceive:28 android.app.ActivityThread.handleReceiver:3804 
02-04 19:16:41.811 W/SocketListener(  447): sending broadcast to Pid = 1090, Uid = 1000 
02-04 19:16:41.811 I/chatty  (  447): uid=0(root) /system/bin/netd identical 1 line
02-04 19:16:41.812 W/SocketListener(  447): sending broadcast to Pid = 1090, Uid = 1000 
02-04 19:16:41.822 W/SocketListener(  447): sending broadcast to Pid = 1090, Uid = 1000 
02-04 19:16:41.842 E/wificond(  651): Failed to get NL80211_RATE_INFO_NOISE
02-04 19:16:41.842 E/wificond(  651): Failed to get NL80211_RATE_INFO_SNR
02-04 19:16:41.842 E/wificond(  651): Failed to get NL80211_STA_INFO_CNAHLOAD
02-04 19:16:41.866 I/chatty  ( 1090): uid=1000(system) ConnectivitySer expire 53 lines
02-04 19:16:41.866 W/ContextImpl(10539): Calling a method in the system process without a qualified user: android.app.ContextImpl.startService:1656 android.content.ContextWrapper.startService:644 android.content.ContextWrapper.startService:644 com.android.settings.wifi.AccessPointConnectedReceiver.onReceive:28 android.app.ActivityThread.handleReceiver:3804 
02-04 19:16:41.867 I/chatty  ( 1090): uid=1000(system) ActivityManager expire 1 line
02-04 19:16:41.873 I/chatty  ( 1090): uid=1000(system) WifiP2pService expire 9 lines
02-04 19:16:41.882 I/chatty  ( 1090): uid=1000(system) IpManager.wlan0 expire 5 lines
02-04 19:16:41.888 E/wificond(  651): Failed to get NL80211_RATE_INFO_NOISE
02-04 19:16:41.888 E/wificond(  651): Failed to get NL80211_RATE_INFO_SNR
02-04 19:16:41.888 E/wificond(  651): Failed to get NL80211_STA_INFO_CNAHLOAD
02-04 19:16:41.909 W/SocketListener(  447): sending broadcast to Pid = 1090, Uid = 1000 
02-04 19:16:41.909 W/SocketListener(  447): sending broadcast to Pid = 1090, Uid = 1000 
02-04 19:16:41.910 I/chatty  ( 1090): uid=1000(system) WifiScanningSer expire 3 lines
02-04 19:16:41.918 W/ContextImpl(10539): Calling a method in the system process without a qualified user: android.app.ContextImpl.startService:1656 android.content.ContextWrapper.startService:644 android.content.ContextWrapper.startService:644 com.android.settings.wifi.AccessPointConnectedReceiver.onReceive:28 android.app.ActivityThread.handleReceiver:3804 
02-04 19:16:41.941 W/ContextImpl(10539): Calling a method in the system process without a qualified user: android.app.ContextImpl.startService:1656 android.content.ContextWrapper.startService:644 android.content.ContextWrapper.startService:644 com.android.settings.wifi.AccessPointConnectedReceiver.onReceive:28 android.app.ActivityThread.handleReceiver:3804 
02-04 19:16:41.954 I/chatty  ( 1090): uid=1000(system) Binder:1090_A expire 3 lines
02-04 19:16:42.029 I/chatty  ( 1090): uid=1000 system_server expire 6 lines
02-04 19:16:42.111 W/SocketListener(  447): sending broadcast to Pid = 1090, Uid = 1000 
02-04 19:16:42.352 W/SocketListener(  447): sending broadcast to Pid = 1090, Uid = 1000 
02-04 19:16:42.838 I/chatty  ( 1090): uid=1000 system_server expire 9 lines
02-04 19:16:42.849 W/ContextImpl(10539): Calling a method in the system process without a qualified user: android.app.ContextImpl.startService:1656 android.content.ContextWrapper.startService:644 android.content.ContextWrapper.startService:644 com.android.settings.wifi.AccessPointConnectedReceiver.onReceive:28 android.app.ActivityThread.handleReceiver:3804 
02-04 19:16:42.856 I/chatty  ( 1090): uid=1000(system) Binder:1090_19 expire 1 line
02-04 19:16:42.901 W/SocketListener(  447): sending broadcast to Pid = 1090, Uid = 1000 
02-04 19:16:42.988 W/SocketListener(  447): sending broadcast to Pid = 1090, Uid = 1000 
02-04 19:16:43.004 E/wificond(  651): Failed to get NL80211_RATE_INFO_NOISE
02-04 19:16:43.004 E/wificond(  651): Failed to get NL80211_RATE_INFO_SNR
02-04 19:16:43.004 E/wificond(  651): Failed to get NL80211_STA_INFO_CNAHLOAD
02-04 19:16:43.018 E/wificond(  651): Failed to get NL80211_RATE_INFO_NOISE
02-04 19:16:43.018 E/wificond(  651): Failed to get NL80211_RATE_INFO_SNR
02-04 19:16:43.018 E/wificond(  651): Failed to get NL80211_STA_INFO_CNAHLOAD
02-04 19:16:43.036 W/ContextImpl(10539): Calling a method in the system process without a qualified user: android.app.ContextImpl.startService:1656 android.content.ContextWrapper.startService:644 android.content.ContextWrapper.startService:644 com.android.settings.wifi.AccessPointConnectedReceiver.onReceive:28 android.app.ActivityThread.handleReceiver:3804 
02-04 19:16:43.052 I/chatty  ( 1090): uid=1000(system) Binder:1090_1F expire 1 line
02-04 19:16:43.066 W/ContextImpl(10539): Calling a method in the system process without a qualified user: android.app.ContextImpl.startService:1656 android.content.ContextWrapper.startService:644 android.content.ContextWrapper.startService:644 com.android.settings.wifi.AccessPointConnectedReceiver.onReceive:28 android.app.ActivityThread.handleReceiver:3804 
02-04 19:16:43.191 I/chatty  ( 1090): uid=1000(system) ConnectivitySer expire 1 line
02-04 19:16:43.193 W/ContextImpl( 1698): Calling a method in the system process without a qualified user: android.app.ContextImpl.startService:1656 android.content.ContextWrapper.startService:644 com.huawei.systemmanager.rainbow.client.background.service.CloudBroadcastHandlerService$1.onReceive:69 android.app.LoadedApk$ReceiverDispatcher$Args.lambda$-android_app_LoadedApk$ReceiverDispatcher$Args_58300:1435 android.app.-$Lambda$FilBqgnXJrN9Mgyks1XHeAxzSTk.$m$0:4 
02-04 19:16:43.198 I/chatty  ( 1090): uid=1000(system) ActivityManager expire 1 line
02-04 19:16:43.201 I/chatty  ( 1090): uid=1000(system) NetworkPolicy expire 2 lines
02-04 19:16:43.201 I/chatty  ( 1090): uid=1000 system_server expire 19 lines
02-04 19:16:43.204 I/chatty  ( 1090): uid=1000(system) NetdConnector expire 30 lines
02-04 19:16:43.219 W/ContextImpl( 1698): Calling a method in the system process without a qualified user: android.app.ContextImpl.sendBroadcast:1095 android.content.ContextWrapper.sendBroadcast:436 com.huawei.systemmanager.service.InitValueService$ConnectivityBroadcastReceiver.onReceive:88 android.app.LoadedApk$ReceiverDispatcher$Args.lambda$-android_app_LoadedApk$ReceiverDispatcher$Args_58300:1435 android.app.-$Lambda$FilBqgnXJrN9Mgyks1XHeAxzSTk.$m$0:4 
02-04 19:16:43.223 W/ContextImpl( 1698): Calling a method in the system process without a qualified user: android.app.ContextImpl.startService:1656 android.content.ContextWrapper.startService:644 com.huawei.systemmanager.service.InitValueService$ConnectivityBroadcastReceiver.onReceive:99 android.app.LoadedApk$ReceiverDispatcher$Args.lambda$-android_app_LoadedApk$ReceiverDispatcher$Args_58300:1435 android.app.-$Lambda$FilBqgnXJrN9Mgyks1XHeAxzSTk.$m$0:4 
02-04 19:16:43.265 I/chatty  ( 1090): uid=1000(system) Binder:1090_1 expire 1 line
02-04 19:16:43.274 I/chatty  ( 1090): uid=1000(system) GpsXtraReceiver expire 1 line
02-04 19:16:43.843 I/chatty  ( 1090): uid=1000(system) UEventObserver expire 2 lines
02-04 19:16:44.007 W/SocketListener(  447): sending broadcast to Pid = 1090, Uid = 1000 
02-04 19:16:44.008 W/SocketListener(  447): sending broadcast to Pid = 1090, Uid = 1000 
02-04 19:16:44.011 W/SocketListener(  447): sending broadcast to Pid = 1090, Uid = 1000 
02-04 19:16:44.016 I/chatty  ( 1090): uid=1000(system) android.fg expire 8 lines
02-04 19:16:44.019 I/chatty  ( 1090): uid=1000(system) WifiP2pService expire 3 lines
02-04 19:16:44.021 I/chatty  ( 1090): uid=1000(system) ConnectivitySer expire 17 lines
02-04 19:16:44.056 W/ContextImpl(10539): Calling a method in the system process without a qualified user: android.app.ContextImpl.startService:1656 android.content.ContextWrapper.startService:644 android.content.ContextWrapper.startService:644 com.android.settings.wifi.AccessPointConnectedReceiver.onReceive:28 android.app.ActivityThread.handleReceiver:3804 
02-04 19:16:44.063 I/chatty  ( 1090): uid=1000(system) WifiStateMachin expire 3 lines
02-04 19:16:44.078 I/chatty  ( 1090): uid=1000(system) Binder:1090_B expire 1 line
02-04 19:16:44.101 W/ContextImpl(10539): Calling a method in the system process without a qualified user: android.app.ContextImpl.startService:1656 android.content.ContextWrapper.startService:644 android.content.ContextWrapper.startService:644 com.android.settings.wifi.AccessPointConnectedReceiver.onReceive:28 android.app.ActivityThread.handleReceiver:3804 
02-04 19:16:44.117 I/chatty  ( 1090): uid=1000(system) Binder:1090_13 expire 1 line
02-04 19:16:44.121 I/chatty  ( 1090): uid=1000(system) Binder:1090_15 expire 1 line
02-04 19:16:44.156 W/ContextImpl( 1698): Calling a method in the system process without a qualified user: android.app.ContextImpl.startService:1656 android.content.ContextWrapper.startService:644 com.huawei.systemmanager.rainbow.client.background.service.CloudBroadcastHandlerService$1.onReceive:69 android.app.LoadedApk$ReceiverDispatcher$Args.lambda$-android_app_LoadedApk$ReceiverDispatcher$Args_58300:1435 android.app.-$Lambda$FilBqgnXJrN9Mgyks1XHeAxzSTk.$m$0:4 
02-04 19:16:44.164 W/SocketListener(  447): sending broadcast to Pid = 1090, Uid = 1000 
02-04 19:16:44.170 I/chatty  ( 1090): uid=1000(system) NetworkPolicy expire 2 lines
02-04 19:16:44.170 W/ContextImpl( 1698): Calling a method in the system process without a qualified user: android.app.ContextImpl.sendBroadcast:1095 android.content.ContextWrapper.sendBroadcast:436 com.huawei.systemmanager.service.InitValueService$ConnectivityBroadcastReceiver.onReceive:88 android.app.LoadedApk$ReceiverDispatcher$Args.lambda$-android_app_LoadedApk$ReceiverDispatcher$Args_58300:1435 android.app.-$Lambda$FilBqgnXJrN9Mgyks1XHeAxzSTk.$m$0:4 
02-04 19:16:44.176 W/ContextImpl( 1698): Calling a method in the system process without a qualified user: android.app.ContextImpl.startService:1656 android.content.ContextWrapper.startService:644 com.huawei.systemmanager.service.InitValueService$ConnectivityBroadcastReceiver.onReceive:99 android.app.LoadedApk$ReceiverDispatcher$Args.lambda$-android_app_LoadedApk$ReceiverDispatcher$Args_58300:1435 android.app.-$Lambda$FilBqgnXJrN9Mgyks1XHeAxzSTk.$m$0:4 
02-04 19:16:44.188 I/chatty  ( 1090): uid=1000(system) ActivityManager expire 1 line
02-04 19:16:44.194 I/chatty  ( 1090): uid=1000(system) Binder:1090_14 expire 40 lines
02-04 19:16:44.195 I/chatty  ( 1090): uid=1000(system) Binder:1090_A expire 1 line
02-04 19:16:44.210 I/chatty  ( 1090): uid=1000(system) Binder:1090_16 expire 1 line
02-04 19:16:45.126 I/chatty  ( 1090): uid=1000(system) Binder:1090_D expire 4 lines
02-04 19:16:45.460 I/chatty  ( 1090): uid=1000 system_server expire 4 lines
02-04 19:16:45.481 I/chatty  ( 1090): uid=1000(system) IpManager.wlan0 expire 3 lines
02-04 19:16:45.484 W/SocketListener(  447): sending broadcast to Pid = 1090, Uid = 1000 
02-04 19:16:45.495 W/SocketListener(  447): sending broadcast to Pid = 1090, Uid = 1000 
02-04 19:16:47.024 I/CommandQueue( 1366): updateBarBgColor
02-04 19:16:47.025 D/CommandQueue( 1366): CommandQueue, setBarBackgroundColor
02-04 19:16:47.371 W/SocketListener(  447): sending broadcast to Pid = 1090, Uid = 1000 
02-04 19:16:47.395 I/chatty  ( 1090): uid=1000(system) WifiScanningSer expire 1 line
02-04 19:16:48.876 I/chatty  ( 1090): uid=1000(system) Binder:1090_5 expire 10 lines
02-04 19:16:48.909 I/CommandQueue( 1366): updateBarBgColor
02-04 19:16:48.909 D/CommandQueue( 1366): CommandQueue, setBarBackgroundColor
02-04 19:16:48.928 I/chatty  ( 1090): uid=1000(system) android.ui expire 1 line
02-04 19:16:48.954 I/chatty  ( 1090): uid=1000(system) android.anim expire 29 lines
02-04 19:16:48.977 I/chatty  ( 1090): uid=1000(system) Binder:1090_18 expire 5 lines
02-04 19:16:49.081 I/chatty  ( 1090): uid=1000(system) android.anim expire 38 lines
02-04 19:16:49.140 W/SocketListener(  447): sending broadcast to Pid = 1090, Uid = 1000 
02-04 19:16:49.141 I/chatty  ( 1090): uid=1000(system) NetdConnector expire 40 lines
02-04 19:16:49.143 I/chatty  ( 1090): uid=1000(system) android.fg expire 8 lines
02-04 19:16:49.162 I/chatty  ( 1090): uid=1000(system) Binder:1090_5 expire 26 lines
02-04 19:16:49.667 I/chatty  ( 1090): uid=1000(system) Binder:1090_14 expire 19 lines
02-04 19:16:49.704 I/chatty  ( 1090): uid=1000(system) android.ui expire 1 line
02-04 19:16:49.714 I/HwNetworkPolicyManager( 1698): getHwUidPolicy uid = 10129 policy = 0
02-04 19:16:49.738 I/CommandQueue( 1366): updateBarBgColor
02-04 19:16:49.738 D/CommandQueue( 1366): CommandQueue, setBarBackgroundColor
02-04 19:16:50.190 W/wificond(  651): Scan is not started. Ignore abort request
02-04 19:16:50.205 I/chatty  ( 1090): uid=1000 system_server expire 21 lines
02-04 19:16:50.216 W/ContextImpl(10539): Calling a method in the system process without a qualified user: android.app.ContextImpl.startService:1656 android.content.ContextWrapper.startService:644 android.content.ContextWrapper.startService:644 com.android.settings.wifi.AccessPointConnectedReceiver.onReceive:28 android.app.ActivityThread.handleReceiver:3804 
02-04 19:16:50.230 I/chatty  ( 1090): uid=1000(system) Binder:1090_16 expire 1 line
02-04 19:16:50.235 W/SocketListener(  447): sending broadcast to Pid = 1090, Uid = 1000 
02-04 19:16:50.235 I/chatty  (  447): uid=0(root) /system/bin/netd identical 2 lines
02-04 19:16:50.240 W/SocketListener(  447): sending broadcast to Pid = 1090, Uid = 1000 
02-04 19:16:50.263 W/ContextImpl(10539): Calling a method in the system process without a qualified user: android.app.ContextImpl.startService:1656 android.content.ContextWrapper.startService:644 android.content.ContextWrapper.startService:644 com.android.settings.wifi.AccessPointConnectedReceiver.onReceive:28 android.app.ActivityThread.handleReceiver:3804 
02-04 19:16:50.270 E/wificond(  651): Failed to get NL80211_RATE_INFO_NOISE
02-04 19:16:50.270 E/wificond(  651): Failed to get NL80211_RATE_INFO_SNR
02-04 19:16:50.270 E/wificond(  651): Failed to get NL80211_STA_INFO_CNAHLOAD
02-04 19:16:50.272 I/chatty  ( 1090): uid=1000(system) WifiStateMachin expire 5 lines
02-04 19:16:50.287 I/chatty  ( 1090): uid=1000(system) ActivityManager expire 1 line
02-04 19:16:50.288 I/chatty  ( 1090): uid=1000(system) ConnectivitySer expire 52 lines
02-04 19:16:50.294 W/ContextImpl(10539): Calling a method in the system process without a qualified user: android.app.ContextImpl.startService:1656 android.content.ContextWrapper.startService:644 android.content.ContextWrapper.startService:644 com.android.settings.wifi.AccessPointConnectedReceiver.onReceive:28 android.app.ActivityThread.handleReceiver:3804 
02-04 19:16:50.295 I/chatty  ( 1090): uid=1000(system) WifiP2pService expire 9 lines
02-04 19:16:50.307 E/wificond(  651): Failed to get NL80211_RATE_INFO_NOISE
02-04 19:16:50.307 E/wificond(  651): Failed to get NL80211_RATE_INFO_SNR
02-04 19:16:50.307 E/wificond(  651): Failed to get NL80211_STA_INFO_CNAHLOAD
02-04 19:16:50.307 I/chatty  ( 1090): uid=1000(system) IpManager.wlan0 expire 5 lines
02-04 19:16:50.332 W/SocketListener(  447): sending broadcast to Pid = 1090, Uid = 1000 
02-04 19:16:50.335 W/SocketListener(  447): sending broadcast to Pid = 1090, Uid = 1000 
02-04 19:16:50.336 W/ContextImpl(10539): Calling a method in the system process without a qualified user: android.app.ContextImpl.startService:1656 android.content.ContextWrapper.startService:644 android.content.ContextWrapper.startService:644 com.android.settings.wifi.AccessPointConnectedReceiver.onReceive:28 android.app.ActivityThread.handleReceiver:3804 
02-04 19:16:50.430 I/chatty  ( 1090): uid=1000 system_server expire 6 lines
02-04 19:16:50.537 W/ContextImpl(10539): Calling a method in the system process without a qualified user: android.app.ContextImpl.startService:1656 android.content.ContextWrapper.startService:644 android.content.ContextWrapper.startService:644 com.android.settings.wifi.AccessPointConnectedReceiver.onReceive:28 android.app.ActivityThread.handleReceiver:3804 
02-04 19:16:50.691 W/SocketListener(  447): sending broadcast to Pid = 1090, Uid = 1000 
02-04 19:16:50.703 E/wificond(  651): Failed to get NL80211_RATE_INFO_NOISE
02-04 19:16:50.703 E/wificond(  651): Failed to get NL80211_RATE_INFO_SNR
02-04 19:16:50.703 E/wificond(  651): Failed to get NL80211_STA_INFO_CNAHLOAD
02-04 19:16:50.735 W/ContextImpl(10539): Calling a method in the system process without a qualified user: android.app.ContextImpl.startService:1656 android.content.ContextWrapper.startService:644 android.content.ContextWrapper.startService:644 com.android.settings.wifi.AccessPointConnectedReceiver.onReceive:28 android.app.ActivityThread.handleReceiver:3804 
02-04 19:16:50.743 E/wificond(  651): Failed to get NL80211_RATE_INFO_NOISE
02-04 19:16:50.743 E/wificond(  651): Failed to get NL80211_RATE_INFO_SNR
02-04 19:16:50.743 E/wificond(  651): Failed to get NL80211_STA_INFO_CNAHLOAD
02-04 19:16:50.799 W/ContextImpl(10539): Calling a method in the system process without a qualified user: android.app.ContextImpl.startService:1656 android.content.ContextWrapper.startService:644 android.content.ContextWrapper.startService:644 com.android.settings.wifi.AccessPointConnectedReceiver.onReceive:28 android.app.ActivityThread.handleReceiver:3804 
02-04 19:16:50.909 I/chatty  ( 1090): uid=1000 system_server expire 2 lines
02-04 19:16:50.924 D/ConnectivityService( 1090): notifyType PRECHECK for NetworkAgentInfo [WIFI () - 191]
02-04 19:16:50.925 D/HwConnectivityService( 1090): hintUserSwitchToMobileWhileWifiDisconnected, state=CONNECTED  type =1
02-04 19:16:50.925 D/ConnectivityService( 1090): NetworkAgentInfo [WIFI () - 191] validation passed
02-04 19:16:50.925 D/ConnectivityService( 1090): notifyType CAP_CHANGED for NetworkAgentInfo [WIFI () - 191]
02-04 19:16:50.932 V/BroadcastQueue( 1090): Finished with ordered broadcast BroadcastRecord{9bd35dd u-1 android.net.conn.CONNECTIVITY_CHANGE}
02-04 19:16:50.932 D/HwNetworkStatsService( 1090): hwMaybeUidAndProcPersistLocked currentTime = 1580811410933
02-04 19:16:50.939 W/ContextImpl( 1698): Calling a method in the system process without a qualified user: android.app.ContextImpl.startService:1656 android.content.ContextWrapper.startService:644 com.huawei.systemmanager.rainbow.client.background.service.CloudBroadcastHandlerService$1.onReceive:69 android.app.LoadedApk$ReceiverDispatcher$Args.lambda$-android_app_LoadedApk$ReceiverDispatcher$Args_58300:1435 android.app.-$Lambda$FilBqgnXJrN9Mgyks1XHeAxzSTk.$m$0:4 
02-04 19:16:50.950 D/NetdConnector( 1090): SND -> {2811 bandwidth setglobalalert 2097152}
02-04 19:16:50.952 W/ContextImpl( 1698): Calling a method in the system process without a qualified user: android.app.ContextImpl.sendBroadcast:1095 android.content.ContextWrapper.sendBroadcast:436 com.huawei.systemmanager.service.InitValueService$ConnectivityBroadcastReceiver.onReceive:88 android.app.LoadedApk$ReceiverDispatcher$Args.lambda$-android_app_LoadedApk$ReceiverDispatcher$Args_58300:1435 android.app.-$Lambda$FilBqgnXJrN9Mgyks1XHeAxzSTk.$m$0:4 
