02-04 19:16:50.956 W/ContextImpl( 1698): Calling a method in the system process without a qualified user: android.app.ContextImpl.startService:1656 android.content.ContextWrapper.startService:644 com.huawei.systemmanager.service.InitValueService$ConnectivityBroadcastReceiver.onReceive:99 android.app.LoadedApk$ReceiverDispatcher$Args.lambda$-android_app_LoadedApk$ReceiverDispatcher$Args_58300:1435 android.app.-$Lambda$FilBqgnXJrN9Mgyks1XHeAxzSTk.$m$0:4 
02-04 19:16:50.958 D/NetdConnector( 1090): RCV <- {200 2811 Bandwidth command succeeeded}
02-04 19:16:50.959 D/NetdConnector( 1090): RCV <- {200 2811 Bandwidth command succeeeded}
02-04 19:16:50.971 I/GcmHeartBeatFixer( 1090): scheduleHeartbeatRequest, fromNetworkStateChange: true
02-04 19:16:50.971 I/GcmHeartBeatFixer( 1090): currentTime: 1580811410971 elapsedTime:20587365 t_elapsedTime:20700000 triggerAtMillis:1580811523606 diff:112635
02-04 19:16:50.971 I/GcmHeartBeatFixer( 1090): setNextHeartbeatRequest at: 2020-02-04 07:18:43
02-04 19:16:50.993 D/ConnectivityService( 1090): sendStickyBroadcast: action=android.net.conn.INET_CONDITION_ACTION
02-04 19:16:51.006 V/BroadcastQueue( 1090): Finished with ordered broadcast BroadcastRecord{4b82023 u0 com.huawei.harassmentinterception.update.ALARM_TASK}
02-04 19:16:51.014 D/HwMultiNlpPolicy( 1090): receive broadcast intent, action: android.net.conn.CONNECTIVITY_CHANGE
02-04 19:16:51.014 D/HwMultiNlpPolicy( 1090): isWifiNetworkConnected: true
02-04 19:16:51.018 V/BroadcastQueue( 1090): Finished with ordered broadcast BroadcastRecord{f05caa u0 com.android.xtra.download}
02-04 19:16:51.019 W/ContextImpl( 1090): Calling a method in the system process without a qualified user: android.app.ContextImpl.startService:1656 com.android.server.security.trustcircle.lifecycle.LifeCycleProcessor.startTcisService:613 com.android.server.security.trustcircle.lifecycle.NetworkChangeReceiver.onReceive:45 android.app.LoadedApk$ReceiverDispatcher$Args.lambda$-android_app_LoadedApk$ReceiverDispatcher$Args_58300:1435 android.app.-$Lambda$FilBqgnXJrN9Mgyks1XHeAxzSTk.$m$0:4 
02-04 19:16:51.022 W/ActivityManager( 1090): Unable to start service Intent { cmp=com.huawei.trustcircle/.tcis.TCUpdateService (has extras) } U=0: not found
02-04 19:16:51.040 I/HwAlarmManagerService( 1090): hwSetAlarm listenerTag: WriteBufferAlarm
02-04 19:16:51.048 E/wificond(  651): Failed to get NL80211_RATE_INFO_NOISE
02-04 19:16:51.048 E/wificond(  651): Failed to get NL80211_RATE_INFO_SNR
02-04 19:16:51.048 E/wificond(  651): Failed to get NL80211_STA_INFO_CNAHLOAD
02-04 19:16:51.049 E/wificond(  651): Failed to get NL80211_RATE_INFO_NOISE
02-04 19:16:51.049 E/wificond(  651): Failed to get NL80211_RATE_INFO_SNR
02-04 19:16:51.049 E/wificond(  651): Failed to get NL80211_STA_INFO_CNAHLOAD
02-04 19:16:51.332 W/SocketListener(  447): sending broadcast to Pid = 1090, Uid = 1000 
02-04 19:16:51.334 D/NetdConnector( 1090): RCV <- {614 Address updated ****************28f4/64 wlan0 128 253}
02-04 19:16:51.335 D/NetdConnector( 1090): RCV <- {614 Address updated ****************28f4/64 wlan0 128 253}
02-04 19:16:51.336 D/NetdConnector( 1090): RCV unsolicited event from native daemon, event = 614
02-04 19:16:51.440 W/Watchdog( 1090): hungtask: writing kick
02-04 19:16:51.919 D/ConnectivityService( 1090): NetTransition Wakelock (NetworkAgentInfo [WIFI () - 190] cleared because we found a replacement network
02-04 19:16:53.238 I/HwAlarmManagerService( 1090): hwSetAlarm listenerTag: DhcpClient.wlan0.KICK
02-04 19:16:53.245 I/HwAlarmManagerService( 1090): hwSetAlarm listenerTag: DhcpClient.wlan0.RENEW
02-04 19:16:53.246 I/HwAlarmManagerService( 1090): hwSetAlarm listenerTag: DhcpClient.wlan0.REBIND
02-04 19:16:53.247 I/HwAlarmManagerService( 1090): hwSetAlarm listenerTag: DhcpClient.wlan0.EXPIRY
02-04 19:16:53.319 E/wificond(  651): Failed to get NL80211_RATE_INFO_NOISE
02-04 19:16:53.321 E/wificond(  651): Failed to get NL80211_RATE_INFO_SNR
02-04 19:16:53.321 E/wificond(  651): Failed to get NL80211_STA_INFO_CNAHLOAD
02-04 19:16:55.220 D/HwGameAssistantController( 1090): Keycontrol mode is 1 for user 0
02-04 19:16:55.220 D/HwGameAssistantController( 1090): isGameForeground? false
02-04 19:16:55.280 D/HwGameAssistantController( 1090): Keycontrol mode is 1 for user 0
02-04 19:16:55.280 D/HwGameAssistantController( 1090): isGameForeground? false
02-04 19:16:55.296 V/WindowManager( 1090): No longer Stopped: AppWindowToken{d128c04 token=Token{2349017 ActivityRecord{e189c96 u0 com.jam.dentsu.noupathyproto/.MainActivity t476}}}
02-04 19:16:55.296 I/HwWindowManagerService( 1090): setFocusedApp token: Token{2349017 ActivityRecord{e189c96 u0 com.jam.dentsu.noupathyproto/.MainActivity t476}} requestedOrientation: 0
02-04 19:16:55.303 V/WindowManager( 1090): notifyAppResumed: wasStopped=true AppWindowToken{d128c04 token=Token{2349017 ActivityRecord{e189c96 u0 com.jam.dentsu.noupathyproto/.MainActivity t476}}}
02-04 19:16:55.308 V/WindowManager( 1090): Checking 1 opening apps (frozen=false timeout=false)...
02-04 19:16:55.308 V/WindowManager( 1090): Check opening app=AppWindowToken{d128c04 token=Token{2349017 ActivityRecord{e189c96 u0 com.jam.dentsu.noupathyproto/.MainActivity t476}}}: allDrawn=false startingDisplayed=false startingMoved=false isRelaunching()=false
02-04 19:16:55.333 W/WindowManager( 1090): EGLdebug Created surface WindowStateAnimator{d83c959 com.jam.dentsu.noupathyproto/com.jam.dentsu.noupathyproto.MainActivity}
02-04 19:16:55.338 V/WindowManager( 1090): Checking 1 opening apps (frozen=false timeout=false)...
02-04 19:16:55.338 V/WindowManager( 1090): Check opening app=AppWindowToken{d128c04 token=Token{2349017 ActivityRecord{e189c96 u0 com.jam.dentsu.noupathyproto/.MainActivity t476}}}: allDrawn=false startingDisplayed=false startingMoved=false isRelaunching()=false
02-04 19:16:55.389 D/WindowManager( 1090): finishDrawingWindow: Window{a9bc9a0 u0 com.jam.dentsu.noupathyproto/com.jam.dentsu.noupathyproto.MainActivity} mDrawState=DRAW_PENDING
02-04 19:16:55.392 V/WindowManager( 1090): Checking 1 opening apps (frozen=false timeout=false)...
02-04 19:16:55.392 V/WindowManager( 1090): Check opening app=AppWindowToken{d128c04 token=Token{2349017 ActivityRecord{e189c96 u0 com.jam.dentsu.noupathyproto/.MainActivity t476}}}: allDrawn=true startingDisplayed=false startingMoved=false isRelaunching()=false
02-04 19:16:55.412 D/ActivityManager( 1090): Skipping intent:flg=0x10804000 cmp=com.android.systemui/.recents.RecentsActivity bnds=[456,719][1464,1388]
02-04 19:16:55.412 D/ActivityManager( 1090): Skipping, home or recents stack task: TaskRecord{39f2db8 #1 A=com.huawei.android.launcher U=0 StackId=0 sz=1}
02-04 19:16:55.412 D/ActivityManager( 1090): Skipping intent:act=android.intent.action.DELETE dat=package:com.jam.dentsu.noupathyproto flg=0x10800000 cmp=com.google.android.packageinstaller/com.android.packageinstaller.UninstallerActivity
02-04 19:16:55.527 V/WindowManager( 1090): Exit animation finished in Window{10eea93 u0 com.jam.dentsu.noupathyproto/com.jam.dentsu.noupathyproto.RecordActivity EXITING}: remove=false
02-04 19:16:55.528 V/HwWindowManagerService( 1090): current window do not support force rotation mAppToken:null
02-04 19:16:55.529 I/chatty  ( 1090): uid=1000(system) android.anim identical 5 lines
02-04 19:16:55.529 V/HwWindowManagerService( 1090): current window do not support force rotation mAppToken:null
02-04 19:16:55.529 V/HwWindowManagerService( 1090): current window do not support force rotation mAppToken:AppWindowToken{d128c04 token=Token{2349017 ActivityRecord{e189c96 u0 com.jam.dentsu.noupathyproto/.MainActivity t476}}}
02-04 19:16:55.533 V/HwWindowManagerService( 1090): current window do not support force rotation mAppToken:null
02-04 19:16:55.533 I/chatty  ( 1090): uid=1000(system) android.anim identical 5 lines
02-04 19:16:55.533 V/HwWindowManagerService( 1090): current window do not support force rotation mAppToken:null
02-04 19:16:55.533 V/HwWindowManagerService( 1090): current window do not support force rotation mAppToken:AppWindowToken{d128c04 token=Token{2349017 ActivityRecord{e189c96 u0 com.jam.dentsu.noupathyproto/.MainActivity t476}}}
02-04 19:16:55.540 D/ActivityThread(12918): Remove activity client record, r= ActivityRecord{17b057a token=android.os.BinderProxy@8ecc84a {com.jam.dentsu.noupathyproto/com.jam.dentsu.noupathyproto.RecordActivity}} token= android.os.BinderProxy@8ecc84a
02-04 19:16:55.547 V/WindowManager( 1090): removeIfPossible: Window{10eea93 u0 com.jam.dentsu.noupathyproto/com.jam.dentsu.noupathyproto.RecordActivity} callers=com.android.server.wm.WindowState.removeIfPossible:1914 com.android.server.wm.WindowManagerService.removeWindow:2045 com.android.server.wm.Session.remove:218 android.view.IWindowSession$Stub.onTransact:242 com.android.server.wm.Session.onTransact:161 
02-04 19:16:55.547 I/WindowManager( 1090): Destroying surface Surface(name=com.jam.dentsu.noupathyproto/com.jam.dentsu.noupathyproto.RecordActivity) called by com.android.server.wm.WindowStateAnimator.destroySurface:2092 com.android.server.wm.WindowStateAnimator.destroySurfaceLocked:899 com.android.server.wm.HwWindowStateAnimator.destroySurfaceLocked:1006 com.android.server.wm.WindowState.removeImmediately:1899 com.android.server.wm.WindowState.removeIfPossible:2051 com.android.server.wm.WindowState.removeIfPossible:1914 com.android.server.wm.WindowManagerService.removeWindow:2045 com.android.server.wm.Session.remove:218 
02-04 19:16:55.548 V/WindowManager( 1090): postWindowRemoveCleanupLocked: Window{10eea93 u0 com.jam.dentsu.noupathyproto/com.jam.dentsu.noupathyproto.RecordActivity}
02-04 19:16:55.548 V/WindowManager( 1090): Removing Window{10eea93 u0 com.jam.dentsu.noupathyproto/com.jam.dentsu.noupathyproto.RecordActivity} from AppWindowToken{ef52cb8 token=Token{437331b ActivityRecord{aab992a u0 com.jam.dentsu.noupathyproto/.RecordActivity t476}}}
02-04 19:16:55.553 V/WindowManager( 1090): removeAppToken: AppWindowToken{ef52cb8 token=Token{437331b ActivityRecord{aab992a u0 com.jam.dentsu.noupathyproto/.RecordActivity t476}}} delayed=false Callers=com.android.server.wm.DisplayContent.removeAppToken:994 com.android.server.wm.AppWindowContainerController.removeContainer:352 com.android.server.am.ActivityRecord.removeWindowContainer:1045 com.android.server.am.ActivityStack.removeActivityFromHistoryLocked:4489 
02-04 19:16:55.837 I/ActivityManager( 1090): START u0 {cmp=com.jam.dentsu.noupathyproto/.PlayActivity} from uid 10129
02-04 19:16:55.839 I/ActivityManager( 1090): ActivityRecord info: ActivityInfo{34563d9 com.jam.dentsu.noupathyproto.PlayActivity}
02-04 19:16:55.842 V/WindowManager( 1090): addAppToken: AppWindowToken{431445a token=Token{eb03c05 ActivityRecord{4b4eb7c u0 com.jam.dentsu.noupathyproto/.PlayActivity t476}}} controller={TaskWindowContainerController taskId=476} at 2147483647
02-04 19:16:55.858 V/WindowManager( 1090): No longer Stopped: AppWindowToken{431445a token=Token{eb03c05 ActivityRecord{4b4eb7c u0 com.jam.dentsu.noupathyproto/.PlayActivity t476}}}
02-04 19:16:55.859 V/WindowManager( 1090): No longer Stopped: AppWindowToken{431445a token=Token{eb03c05 ActivityRecord{4b4eb7c u0 com.jam.dentsu.noupathyproto/.PlayActivity t476}}}
02-04 19:16:55.862 I/HwWindowManagerService( 1090): setFocusedApp token: Token{eb03c05 ActivityRecord{4b4eb7c u0 com.jam.dentsu.noupathyproto/.PlayActivity t476}} requestedOrientation: 0
02-04 19:16:55.869 V/WindowManager( 1090): Checking 1 opening apps (frozen=false timeout=false)...
02-04 19:16:55.869 V/WindowManager( 1090): Check opening app=AppWindowToken{431445a token=Token{eb03c05 ActivityRecord{4b4eb7c u0 com.jam.dentsu.noupathyproto/.PlayActivity t476}}}: allDrawn=false startingDisplayed=false startingMoved=false isRelaunching()=false
02-04 19:16:55.881 V/ActivityThread(12918): ActivityThread,callActivityOnCreate
02-04 19:16:55.969 D/ActivityManager( 1090): Skipping intent:flg=0x10804000 cmp=com.android.systemui/.recents.RecentsActivity bnds=[456,719][1464,1388]
02-04 19:16:55.969 D/ActivityManager( 1090): Skipping, home or recents stack task: TaskRecord{39f2db8 #1 A=com.huawei.android.launcher U=0 StackId=0 sz=1}
02-04 19:16:55.970 D/ActivityManager( 1090): Skipping intent:act=android.intent.action.DELETE dat=package:com.jam.dentsu.noupathyproto flg=0x10800000 cmp=com.google.android.packageinstaller/com.android.packageinstaller.UninstallerActivity
02-04 19:16:56.300 E/AndroidRuntime(12918): FATAL EXCEPTION: main
02-04 19:16:56.300 E/AndroidRuntime(12918): Process: com.jam.dentsu.noupathyproto, PID: 12918
02-04 19:16:56.300 E/AndroidRuntime(12918): java.lang.RuntimeException: Unable to start activity ComponentInfo{com.jam.dentsu.noupathyproto/com.jam.dentsu.noupathyproto.PlayActivity}: org.json.JSONException: No value for center_vmax_Ch1
02-04 19:16:56.300 E/AndroidRuntime(12918): 	at android.app.ActivityThread.performLaunchActivity(ActivityThread.java:3303)
02-04 19:16:56.300 E/AndroidRuntime(12918): 	at android.app.ActivityThread.handleLaunchActivity(ActivityThread.java:3411)
02-04 19:16:56.300 E/AndroidRuntime(12918): 	at android.app.ActivityThread.-wrap12(Unknown Source:0)
02-04 19:16:56.300 E/AndroidRuntime(12918): 	at android.app.ActivityThread$H.handleMessage(ActivityThread.java:1994)
02-04 19:16:56.300 E/AndroidRuntime(12918): 	at android.os.Handler.dispatchMessage(Handler.java:108)
02-04 19:16:56.300 E/AndroidRuntime(12918): 	at android.os.Looper.loop(Looper.java:166)
02-04 19:16:56.300 E/AndroidRuntime(12918): 	at android.app.ActivityThread.main(ActivityThread.java:7529)
02-04 19:16:56.300 E/AndroidRuntime(12918): 	at java.lang.reflect.Method.invoke(Native Method)
02-04 19:16:56.300 E/AndroidRuntime(12918): 	at com.android.internal.os.Zygote$MethodAndArgsCaller.run(Zygote.java:245)
02-04 19:16:56.300 E/AndroidRuntime(12918): 	at com.android.internal.os.ZygoteInit.main(ZygoteInit.java:921)
02-04 19:16:56.300 E/AndroidRuntime(12918): Caused by: org.json.JSONException: No value for center_vmax_Ch1
02-04 19:16:56.300 E/AndroidRuntime(12918): 	at org.json.JSONObject.get(JSONObject.java:392)
02-04 19:16:56.300 E/AndroidRuntime(12918): 	at org.json.JSONObject.getString(JSONObject.java:553)
02-04 19:16:56.300 E/AndroidRuntime(12918): 	at com.jam.dentsu.noupathyproto.APIUtilKt.getP300Voltage(APIUtil.kt:95)
02-04 19:16:56.300 E/AndroidRuntime(12918): 	at com.jam.dentsu.noupathyproto.PlayActivity.setClassLimit(PlayActivity.kt:804)
02-04 19:16:56.300 E/AndroidRuntime(12918): 	at com.jam.dentsu.noupathyproto.PlayActivity.onCreate(PlayActivity.kt:106)
02-04 19:16:56.300 E/AndroidRuntime(12918): 	at android.app.Activity.performCreate(Activity.java:7383)
02-04 19:16:56.300 E/AndroidRuntime(12918): 	at android.app.Instrumentation.callActivityOnCreate(Instrumentation.java:1218)
02-04 19:16:56.300 E/AndroidRuntime(12918): 	at android.app.ActivityThread.performLaunchActivity(ActivityThread.java:3256)
02-04 19:16:56.300 E/AndroidRuntime(12918): 	... 9 more
02-04 19:16:56.304 W/ActivityManager( 1090):   Force finishing activity com.jam.dentsu.noupathyproto/.PlayActivity
02-04 19:16:56.309 W/ActivityManager( 1090):   Force finishing activity com.jam.dentsu.noupathyproto/.MainActivity
02-04 19:16:56.330 E/wificond(  651): Failed to get NL80211_RATE_INFO_NOISE
02-04 19:16:56.330 E/wificond(  651): Failed to get NL80211_RATE_INFO_SNR
02-04 19:16:56.330 E/wificond(  651): Failed to get NL80211_STA_INFO_CNAHLOAD
02-04 19:16:56.355 D/HwGameAssistantController( 1090): pid=1652, uid=10068, foreground=true
02-04 19:16:56.368 I/HwAudioService( 1090): now type = -1,reportForegroundAppType = 255,systemload = -1
02-04 19:16:56.369 I/HwNetworkPolicy( 1090): onTransact, code = 203
02-04 19:16:56.369 V/BroadcastQueue( 1090): Finished with ordered broadcast BroadcastRecord{369b68b u0 android.intent.action.DROPBOX_ENTRY_ADDED}
02-04 19:16:56.369 I/HwNetworkPolicyManager( 1698): getHwUidPolicy uid = 10068 policy = 0
02-04 19:16:56.371 D/HwAudioService( 1090): support voip optinization during game mode.
02-04 19:16:56.371 D/HwAudioService( 1090): game mode turn off.
02-04 19:16:56.415 D/ActivityManager( 1090): Skipping intent:flg=0x10804000 cmp=com.android.systemui/.recents.RecentsActivity bnds=[456,719][1464,1388]
02-04 19:16:56.415 D/ActivityManager( 1090): Skipping, home or recents stack task: TaskRecord{39f2db8 #1 A=com.huawei.android.launcher U=0 StackId=0 sz=1}
02-04 19:16:56.417 D/ActivityManager( 1090): Skipping intent:act=android.intent.action.DELETE dat=package:com.jam.dentsu.noupathyproto flg=0x10800000 cmp=com.google.android.packageinstaller/com.android.packageinstaller.UninstallerActivity
02-04 19:16:56.478 I/WindowManager( 1090): WIN DEATH: Window{a9bc9a0 u0 com.jam.dentsu.noupathyproto/com.jam.dentsu.noupathyproto.MainActivity}
02-04 19:16:56.478 V/WindowManager( 1090): removeIfPossible: Window{a9bc9a0 u0 com.jam.dentsu.noupathyproto/com.jam.dentsu.noupathyproto.MainActivity} callers=com.android.server.wm.WindowState.-wrap1:0 com.android.server.wm.WindowState$DeathRecipient.binderDied:2481 android.os.BinderProxy.sendDeathNotice:842 <bottom of call stack> <bottom of call stack> 
02-04 19:16:56.479 I/ActivityManager( 1090): Process com.jam.dentsu.noupathyproto (pid 12918) has died: vis  +99TOP 
02-04 19:16:56.479 I/WindowManager( 1090): Destroying surface Surface(name=com.jam.dentsu.noupathyproto/com.jam.dentsu.noupathyproto.MainActivity) called by com.android.server.wm.WindowStateAnimator.destroySurface:2092 com.android.server.wm.WindowStateAnimator.destroySurfaceLocked:899 com.android.server.wm.HwWindowStateAnimator.destroySurfaceLocked:1006 com.android.server.wm.WindowState.removeImmediately:1899 com.android.server.wm.WindowState.removeIfPossible:2051 com.android.server.wm.WindowState.-wrap1:0 com.android.server.wm.WindowState$DeathRecipient.binderDied:2481 android.os.BinderProxy.sendDeathNotice:842 
02-04 19:16:56.479 D/ActivityManager( 1090): cleanUpApplicationRecord app: ProcessRecord{ba0dd7a 12918:com.jam.dentsu.noupathyproto/u0a129}, app.bad: false, restarting: false, allowRestart: true
02-04 19:16:56.480 W/WindowManager( 1090): Exception thrown when updateSurfaceStatusWindowStateAnimator{d83c959 com.jam.dentsu.noupathyproto/com.jam.dentsu.noupathyproto.MainActivity}: android.os.DeadObjectException
02-04 19:16:56.480 V/WindowManager( 1090): postWindowRemoveCleanupLocked: Window{a9bc9a0 u0 com.jam.dentsu.noupathyproto/com.jam.dentsu.noupathyproto.MainActivity}
02-04 19:16:56.480 V/WindowManager( 1090): Removing Window{a9bc9a0 u0 com.jam.dentsu.noupathyproto/com.jam.dentsu.noupathyproto.MainActivity} from AppWindowToken{d128c04 token=Token{2349017 ActivityRecord{e189c96 u0 com.jam.dentsu.noupathyproto/.MainActivity t476}}}
02-04 19:16:56.486 V/WindowManager( 1090): removeAppToken: AppWindowToken{431445a token=Token{eb03c05 ActivityRecord{4b4eb7c u0 com.jam.dentsu.noupathyproto/.PlayActivity t476}}} delayed=true Callers=com.android.server.wm.DisplayContent.removeAppToken:994 com.android.server.wm.AppWindowContainerController.removeContainer:352 com.android.server.am.ActivityRecord.removeWindowContainer:1045 com.android.server.am.ActivityStack.removeActivityFromHistoryLocked:4489 
02-04 19:16:56.487 V/WindowManager( 1090): removeAppToken: AppWindowToken{d128c04 token=Token{2349017 ActivityRecord{e189c96 u0 com.jam.dentsu.noupathyproto/.MainActivity t476}}} delayed=true Callers=com.android.server.wm.DisplayContent.removeAppToken:994 com.android.server.wm.AppWindowContainerController.removeContainer:352 com.android.server.am.ActivityRecord.removeWindowContainer:1045 com.android.server.am.ActivityStack.removeActivityFromHistoryLocked:4489 
02-04 19:16:56.490 V/WindowManager( 1090): No longer Stopped: AppWindowToken{b69a840 token=Token{d9c7c3 ActivityRecord{2ae7772 u0 com.huawei.android.launcher/.unihome.UniHomeLauncher t1}}}
02-04 19:16:56.490 W/HwActivityManagerServiceEx( 1090): appSwitch from: com.jam.dentsu.noupathyproto to: com.huawei.android.launcher
02-04 19:16:56.493 I/HwForceRotationService( 1090): isAppSupportForceRotation-f,pn = com.huawei.android.launcher
02-04 19:16:56.493 I/WindowManager( 1090): rotationForOrientationLw(orient=-1, last=1); user=1 USER_ROTATION_LOCKED
02-04 19:16:56.493 D/HwPhoneWindowManager( 1090): face_rotation: not enabled,use sensor real
02-04 19:16:56.494 D/HwPhoneWindowManager( 1090): face_rotation:real sensor rotation = -1
02-04 19:16:56.494 D/HwPhoneWindowManager( 1090): face_rotation: rotation = 1
02-04 19:16:56.494 I/WindowManager( 1090): Selected orientation -1, got rotation 1 which has compatible metrics
02-04 19:16:56.496 V/HwWindowManagerService( 1090): current window do not support force rotation mAppToken:null
02-04 19:16:56.497 I/chatty  ( 1090): uid=1000(system) Binder:1090_F identical 5 lines
02-04 19:16:56.497 V/HwWindowManagerService( 1090): current window do not support force rotation mAppToken:null
02-04 19:16:56.497 V/HwWindowManagerService( 1090): current window do not support force rotation mAppToken:AppWindowToken{b69a840 token=Token{d9c7c3 ActivityRecord{2ae7772 u0 com.huawei.android.launcher/.unihome.UniHomeLauncher t1}}}
02-04 19:16:56.497 V/HwWindowManagerService( 1090): current window do not support force rotation mAppToken:AppWindowToken{b69a840 token=Token{d9c7c3 ActivityRecord{2ae7772 u0 com.huawei.android.launcher/.unihome.UniHomeLauncher t1}}}
02-04 19:16:56.508 W/WindowManager( 1090): EGLdebug Created surface WindowStateAnimator{a8d3bd7 com.huawei.android.launcher/com.huawei.android.launcher.unihome.UniHomeLauncher}
02-04 19:16:56.514 V/WindowManager( 1090): notifyAppResumed: wasStopped=true AppWindowToken{b69a840 token=Token{d9c7c3 ActivityRecord{2ae7772 u0 com.huawei.android.launcher/.unihome.UniHomeLauncher t1}}}
02-04 19:16:56.519 V/WindowManager( 1090): Checking 1 opening apps (frozen=false timeout=false)...
02-04 19:16:56.519 V/WindowManager( 1090): Check opening app=AppWindowToken{b69a840 token=Token{d9c7c3 ActivityRecord{2ae7772 u0 com.huawei.android.launcher/.unihome.UniHomeLauncher t1}}}: allDrawn=false startingDisplayed=false startingMoved=false isRelaunching()=false
02-04 19:16:56.522 W/ActivityManager( 1090): setHasOverlayUi called on unknown pid: 12918
02-04 19:16:56.539 D/WindowManager( 1090): finishDrawingWindow: Window{7d93128 u0 com.huawei.android.launcher/com.huawei.android.launcher.unihome.UniHomeLauncher} mDrawState=DRAW_PENDING
02-04 19:16:56.541 V/WindowManager( 1090): Checking 1 opening apps (frozen=false timeout=false)...
02-04 19:16:56.542 V/WindowManager( 1090): Check opening app=AppWindowToken{b69a840 token=Token{d9c7c3 ActivityRecord{2ae7772 u0 com.huawei.android.launcher/.unihome.UniHomeLauncher t1}}}: allDrawn=false startingDisplayed=false startingMoved=false isRelaunching()=false
02-04 19:16:56.554 W/WindowManager( 1090): EGLdebug Created surface WindowStateAnimator{9c4f378 com.huawei.android.launcher/com.huawei.android.launcher.unihome.UniHomeLauncher}
02-04 19:16:56.554 V/HwPhoneWindowManager( 1090): updateSystemUiColorLw window=Window{17421c9 u0 com.huawei.android.launcher/com.huawei.android.launcher.unihome.UniHomeLauncher},EmuiStyle=-1,StatusBarColor=0xfffcfcfc,NavigationBarColor=0x0, mLastIsEmuiLightStyle=-1, mForceNotchStatusBar=false
02-04 19:16:56.555 I/CommandQueue( 1366): updateBarBgColor
02-04 19:16:56.555 D/CommandQueue( 1366): CommandQueue, setBarBackgroundColor
02-04 19:16:56.556 V/HwWindowManagerService( 1090): current window do not support force rotation mAppToken:null
02-04 19:16:56.556 I/chatty  ( 1090): uid=1000(system) Binder:1090_A identical 5 lines
02-04 19:16:56.556 V/HwWindowManagerService( 1090): current window do not support force rotation mAppToken:null
02-04 19:16:56.556 V/HwWindowManagerService( 1090): current window do not support force rotation mAppToken:AppWindowToken{b69a840 token=Token{d9c7c3 ActivityRecord{2ae7772 u0 com.huawei.android.launcher/.unihome.UniHomeLauncher t1}}}
02-04 19:16:56.556 V/HwWindowManagerService( 1090): current window do not support force rotation mAppToken:AppWindowToken{b69a840 token=Token{d9c7c3 ActivityRecord{2ae7772 u0 com.huawei.android.launcher/.unihome.UniHomeLauncher t1}}}
02-04 19:16:56.559 V/WindowManager( 1090): Checking 1 opening apps (frozen=false timeout=false)...
02-04 19:16:56.560 V/WindowManager( 1090): Check opening app=AppWindowToken{b69a840 token=Token{d9c7c3 ActivityRecord{2ae7772 u0 com.huawei.android.launcher/.unihome.UniHomeLauncher t1}}}: allDrawn=false startingDisplayed=false startingMoved=false isRelaunching()=false
02-04 19:16:56.608 D/WindowManager( 1090): finishDrawingWindow: Window{17421c9 u0 com.huawei.android.launcher/com.huawei.android.launcher.unihome.UniHomeLauncher} mDrawState=DRAW_PENDING
02-04 19:16:56.608 V/HwWindowManagerService( 1090): current window do not support force rotation mAppToken:null
02-04 19:16:56.608 I/chatty  ( 1090): uid=1000(system) android.anim identical 5 lines
02-04 19:16:56.608 V/HwWindowManagerService( 1090): current window do not support force rotation mAppToken:null
02-04 19:16:56.609 V/HwWindowManagerService( 1090): current window do not support force rotation mAppToken:AppWindowToken{b69a840 token=Token{d9c7c3 ActivityRecord{2ae7772 u0 com.huawei.android.launcher/.unihome.UniHomeLauncher t1}}}
02-04 19:16:56.609 V/HwWindowManagerService( 1090): current window do not support force rotation mAppToken:AppWindowToken{b69a840 token=Token{d9c7c3 ActivityRecord{2ae7772 u0 com.huawei.android.launcher/.unihome.UniHomeLauncher t1}}}
02-04 19:16:56.614 V/WindowManager( 1090): Checking 1 opening apps (frozen=false timeout=false)...
02-04 19:16:56.614 V/WindowManager( 1090): Check opening app=AppWindowToken{b69a840 token=Token{d9c7c3 ActivityRecord{2ae7772 u0 com.huawei.android.launcher/.unihome.UniHomeLauncher t1}}}: allDrawn=true startingDisplayed=false startingMoved=false isRelaunching()=false
02-04 19:16:56.614 V/HwWindowManagerService( 1090): current window do not support force rotation mAppToken:null
02-04 19:16:56.615 I/chatty  ( 1090): uid=1000(system) android.anim identical 5 lines
02-04 19:16:56.615 V/HwWindowManagerService( 1090): current window do not support force rotation mAppToken:null
02-04 19:16:56.615 V/HwWindowManagerService( 1090): current window do not support force rotation mAppToken:AppWindowToken{b69a840 token=Token{d9c7c3 ActivityRecord{2ae7772 u0 com.huawei.android.launcher/.unihome.UniHomeLauncher t1}}}
02-04 19:16:56.615 V/HwWindowManagerService( 1090): current window do not support force rotation mAppToken:AppWindowToken{b69a840 token=Token{d9c7c3 ActivityRecord{2ae7772 u0 com.huawei.android.launcher/.unihome.UniHomeLauncher t1}}}
02-04 19:16:56.635 V/HwWindowManagerService( 1090): current window do not support force rotation mAppToken:null
02-04 19:16:56.635 I/chatty  ( 1090): uid=1000(system) android.anim identical 5 lines
02-04 19:16:56.635 V/HwWindowManagerService( 1090): current window do not support force rotation mAppToken:null
02-04 19:16:56.636 V/HwWindowManagerService( 1090): current window do not support force rotation mAppToken:AppWindowToken{b69a840 token=Token{d9c7c3 ActivityRecord{2ae7772 u0 com.huawei.android.launcher/.unihome.UniHomeLauncher t1}}}
02-04 19:16:56.636 V/HwWindowManagerService( 1090): current window do not support force rotation mAppToken:AppWindowToken{b69a840 token=Token{d9c7c3 ActivityRecord{2ae7772 u0 com.huawei.android.launcher/.unihome.UniHomeLauncher t1}}}
02-04 19:16:56.727 V/HwWindowManagerService( 1090): current window do not support force rotation mAppToken:null
02-04 19:16:56.728 I/chatty  ( 1090): uid=1000(system) android.anim identical 5 lines
02-04 19:16:56.728 V/HwWindowManagerService( 1090): current window do not support force rotation mAppToken:null
02-04 19:16:56.728 V/HwWindowManagerService( 1090): current window do not support force rotation mAppToken:AppWindowToken{b69a840 token=Token{d9c7c3 ActivityRecord{2ae7772 u0 com.huawei.android.launcher/.unihome.UniHomeLauncher t1}}}
02-04 19:16:56.728 V/HwWindowManagerService( 1090): current window do not support force rotation mAppToken:AppWindowToken{b69a840 token=Token{d9c7c3 ActivityRecord{2ae7772 u0 com.huawei.android.launcher/.unihome.UniHomeLauncher t1}}}
02-04 19:16:56.731 V/HwWindowManagerService( 1090): current window do not support force rotation mAppToken:null
02-04 19:16:56.731 I/chatty  ( 1090): uid=1000(system) android.anim identical 5 lines
02-04 19:16:56.731 V/HwWindowManagerService( 1090): current window do not support force rotation mAppToken:null
02-04 19:16:56.731 V/HwWindowManagerService( 1090): current window do not support force rotation mAppToken:AppWindowToken{b69a840 token=Token{d9c7c3 ActivityRecord{2ae7772 u0 com.huawei.android.launcher/.unihome.UniHomeLauncher t1}}}
02-04 19:16:56.731 V/HwWindowManagerService( 1090): current window do not support force rotation mAppToken:AppWindowToken{b69a840 token=Token{d9c7c3 ActivityRecord{2ae7772 u0 com.huawei.android.launcher/.unihome.UniHomeLauncher t1}}}
02-04 19:16:56.751 I/HwNetworkPolicy( 1090): onTransact, code = 15
02-04 19:16:56.761 I/HwNetworkPolicy( 1090): onTransact, code = 15
02-04 19:16:56.775 D/SoundTriggerHelper( 1090): startKeyphraseRecognition for keyphraseId=100 soundModel=KeyphraseSoundModel [keyphrases=[Keyphrase [id=100, recognitionModes=1, locale=ja-JP, text=Ok Google, users=[0]]], uuid=9eca97d8-47aa-4163-bbd1-34385e9ff5d0, vendorUuid=7038ddc8-30f2-11e6-b0ac-40a8f03d3f15, type=0, data=44836], callback=android.os.BinderProxy@db655e0, recognitionConfig=RecognitionConfig [captureRequested=true, allowMultipleTriggers=false, keyphrases=[KeyphraseRecognitionExtra [id=100, recognitionModes=1, coarseConfidenceLevel=0, confidenceLevels=[]]], data=null]
02-04 19:16:56.775 D/SoundTriggerHelper( 1090): moduleProperties=ModuleProperties [id=1, implementor=The Android Open Source Project, description=Volantis OK Google , uuid=e780f240-f034-11e3-b79a-0002a5d5c51b, version=1, maxSoundModels=4, maxKeyphrases=1, maxUsers=1, recognitionModes=1, supportsCaptureTransition=true, maxBufferMs=0, supportsConcurrentCapture=false, powerConsumptionMw=0, returnsTriggerInEvent=false]
02-04 19:16:56.775 I/SoundTriggerHelper( 1090): Model :Handle: 1
02-04 19:16:56.775 I/SoundTriggerHelper( 1090): ModelState: LOADED
02-04 19:16:56.775 I/SoundTriggerHelper( 1090): Requested: No
02-04 19:16:56.775 I/SoundTriggerHelper( 1090): Callback: null
02-04 19:16:56.775 I/SoundTriggerHelper( 1090): UUID: 9eca97d8-47aa-4163-bbd1-34385e9ff5d0
02-04 19:16:56.775 I/SoundTriggerHelper( 1090): Model type: Keyphrase
02-04 19:16:56.777 D/SoundTriggerHelper( 1090): onCallStateChanged: 0
02-04 19:16:56.896 I/SoundTriggerHelper( 1090): startRecognition successful.
02-04 19:16:56.896 D/SoundTriggerHelper( 1090): Model being started :Handle: 1
02-04 19:16:56.896 D/SoundTriggerHelper( 1090): ModelState: STARTED
02-04 19:16:56.896 D/SoundTriggerHelper( 1090): Requested: Yes
02-04 19:16:56.896 D/SoundTriggerHelper( 1090): Callback: android.os.BinderProxy@db655e0
02-04 19:16:56.896 D/SoundTriggerHelper( 1090): UUID: 9eca97d8-47aa-4163-bbd1-34385e9ff5d0
02-04 19:16:56.896 D/SoundTriggerHelper( 1090): Model type: Keyphrase
02-04 19:16:56.980 I/HwAudioService( 1090): check HiRes Icon false
02-04 19:16:56.981 I/HwAudioService( 1090): broadcastHiresIntent : false
02-04 19:16:57.685 I/ActivityManager( 1090): START u0 {act=android.intent.action.MAIN cat=[android.intent.category.LAUNCHER] flg=0x10200000 cmp=com.jam.dentsu.noupathyproto/.MainActivity bnds=[389,57][674,268]} from uid 10068
02-04 19:16:57.686 I/ActivityManager( 1090): ActivityRecord info: ActivityInfo{da54163 com.jam.dentsu.noupathyproto.MainActivity}
02-04 19:16:57.692 V/WindowManager( 1090): addAppToken: AppWindowToken{8cd00f8 token=Token{874b05b ActivityRecord{c27c36a u0 com.jam.dentsu.noupathyproto/.MainActivity t477}}} controller={TaskWindowContainerController taskId=477} at 2147483647
02-04 19:16:57.704 V/ActivityManager( 1090): startProcess: name=com.jam.dentsu.noupathyproto app=null knownToBeDead=true thread=null pid=-1
02-04 19:16:57.713 V/WindowManager( 1090): Adding Window{a80743c u0 Splash Screen com.jam.dentsu.noupathyproto} to AppWindowToken{8cd00f8 token=Token{874b05b ActivityRecord{c27c36a u0 com.jam.dentsu.noupathyproto/.MainActivity t477}}}
02-04 19:16:57.714 V/WindowManager( 1090): addWindow: New client android.view.ViewRootImpl$W@334962f: window=Window{a80743c u0 Splash Screen com.jam.dentsu.noupathyproto} Callers=com.android.server.wm.HwWindowManagerService.addWindow:585 com.android.server.wm.Session.addToDisplay:199 android.view.ViewRootImpl.setView:852 android.view.WindowManagerGlobal.addView:372 android.view.WindowManagerImpl.addView:128 
02-04 19:16:57.717 I/ActivityManager( 1090): Start proc 13441:com.jam.dentsu.noupathyproto/u0a129 for activity com.jam.dentsu.noupathyproto/.MainActivity
02-04 19:16:57.718 V/WindowManager( 1090): No longer Stopped: AppWindowToken{8cd00f8 token=Token{874b05b ActivityRecord{c27c36a u0 com.jam.dentsu.noupathyproto/.MainActivity t477}}}
02-04 19:16:57.719 V/ActivityManager( 1090): startProcess: name=com.jam.dentsu.noupathyproto app=ProcessRecord{5c3f737 13441:com.jam.dentsu.noupathyproto/u0a129} knownToBeDead=true thread=null pid=13441
02-04 19:16:57.719 V/HwWindowManagerService( 1090): current window do not support force rotation mAppToken:null
02-04 19:16:57.719 I/chatty  ( 1090): uid=1000(system) Binder:1090_F identical 5 lines
02-04 19:16:57.719 V/HwWindowManagerService( 1090): current window do not support force rotation mAppToken:null
02-04 19:16:57.720 V/HwWindowManagerService( 1090): current window do not support force rotation mAppToken:AppWindowToken{8cd00f8 token=Token{874b05b ActivityRecord{c27c36a u0 com.jam.dentsu.noupathyproto/.MainActivity t477}}}
02-04 19:16:57.720 V/HwWindowManagerService( 1090): current window do not support force rotation mAppToken:AppWindowToken{b69a840 token=Token{d9c7c3 ActivityRecord{2ae7772 u0 com.huawei.android.launcher/.unihome.UniHomeLauncher t1}}}
02-04 19:16:57.720 V/HwWindowManagerService( 1090): current window do not support force rotation mAppToken:AppWindowToken{b69a840 token=Token{d9c7c3 ActivityRecord{2ae7772 u0 com.huawei.android.launcher/.unihome.UniHomeLauncher t1}}}
02-04 19:16:57.723 W/ActivityManager( 1090): Unable to start service Intent { act=com.huawei.launcher.action.LAUNCHER_APP_STARTUP pkg=com.huawei.trustspace (has extras) } U=0: not found
02-04 19:16:57.734 W/WindowManager( 1090): EGLdebug Created surface WindowStateAnimator{e83f5c5 Splash Screen com.jam.dentsu.noupathyproto}
02-04 19:16:57.736 I/HwForceRotationService( 1090): isAppSupportForceRotation-f,pn = com.jam.dentsu.noupathyproto
02-04 19:16:57.736 I/WindowManager( 1090): rotationForOrientationLw(orient=0, last=1); user=1 USER_ROTATION_LOCKED
02-04 19:16:57.736 D/HwPhoneWindowManager( 1090): face_rotation: not enabled,use sensor real
02-04 19:16:57.736 D/HwPhoneWindowManager( 1090): face_rotation:real sensor rotation = -1
02-04 19:16:57.736 D/HwPhoneWindowManager( 1090): face_rotation: rotation = 1
02-04 19:16:57.736 I/WindowManager( 1090): Selected orientation 0, got rotation 1 which has compatible metrics
02-04 19:16:57.765 D/ActivityThread(13441): ActivityThread,attachApplication
02-04 19:16:57.767 D/ActivityManager( 1090): ActivityManagerService,attachApplication,callingPid = 13441
02-04 19:16:57.769 D/WindowManager( 1090): finishDrawingWindow: Window{a80743c u0 Splash Screen com.jam.dentsu.noupathyproto} mDrawState=DRAW_PENDING
02-04 19:16:57.771 V/WindowManager( 1090): No longer Stopped: AppWindowToken{8cd00f8 token=Token{874b05b ActivityRecord{c27c36a u0 com.jam.dentsu.noupathyproto/.MainActivity t477}}}
02-04 19:16:57.785 W/HwActivityManagerServiceEx( 1090): appSwitch from: com.huawei.android.launcher to: com.jam.dentsu.noupathyproto
02-04 19:16:57.786 I/HwWindowManagerService( 1090): setFocusedApp token: Token{874b05b ActivityRecord{c27c36a u0 com.jam.dentsu.noupathyproto/.MainActivity t477}} requestedOrientation: 0
02-04 19:16:57.790 V/WindowManager( 1090): Checking 1 opening apps (frozen=false timeout=false)...
02-04 19:16:57.790 V/WindowManager( 1090): Check opening app=AppWindowToken{8cd00f8 token=Token{874b05b ActivityRecord{c27c36a u0 com.jam.dentsu.noupathyproto/.MainActivity t477}}}: allDrawn=false startingDisplayed=true startingMoved=false isRelaunching()=false
02-04 19:16:57.800 D/HwGameAssistantController( 1090): pid=13441, uid=10129, foreground=true
02-04 19:16:57.805 I/HwNetworkPolicy( 1090): onTransact, code = 203
02-04 19:16:57.807 I/HwNetworkPolicyManager( 1698): getHwUidPolicy uid = 10129 policy = 0
02-04 19:16:57.807 I/HwAudioService( 1090): now type = 255,reportForegroundAppType = -1,systemload = 255
02-04 19:16:57.810 D/HwAudioService( 1090): support voip optinization during game mode.
02-04 19:16:57.811 D/HwAudioService( 1090): game mode turn off.
02-04 19:16:57.828 V/HwWindowManagerService( 1090): current window do not support force rotation mAppToken:null
02-04 19:16:57.829 I/chatty  ( 1090): uid=1000(system) Binder:1090_3 identical 5 lines
02-04 19:16:57.829 V/HwWindowManagerService( 1090): current window do not support force rotation mAppToken:null
02-04 19:16:57.829 V/HwWindowManagerService( 1090): current window do not support force rotation mAppToken:AppWindowToken{8cd00f8 token=Token{874b05b ActivityRecord{c27c36a u0 com.jam.dentsu.noupathyproto/.MainActivity t477}}}
02-04 19:16:57.829 V/HwWindowManagerService( 1090): current window do not support force rotation mAppToken:AppWindowToken{b69a840 token=Token{d9c7c3 ActivityRecord{2ae7772 u0 com.huawei.android.launcher/.unihome.UniHomeLauncher t1}}}
02-04 19:16:57.830 V/HwWindowManagerService( 1090): current window do not support force rotation mAppToken:AppWindowToken{b69a840 token=Token{d9c7c3 ActivityRecord{2ae7772 u0 com.huawei.android.launcher/.unihome.UniHomeLauncher t1}}}
02-04 19:16:57.838 D/ActivityManager( 1090): Skipping, home or recents stack task: TaskRecord{39f2db8 #1 A=com.huawei.android.launcher U=0 StackId=0 sz=1}
02-04 19:16:57.838 D/ActivityManager( 1090): Skipping intent:flg=0x10804000 cmp=com.android.systemui/.recents.RecentsActivity bnds=[456,719][1464,1388]
02-04 19:16:57.841 D/ActivityManager( 1090): Skipping intent:act=android.intent.action.DELETE dat=package:com.jam.dentsu.noupathyproto flg=0x10800000 cmp=com.google.android.packageinstaller/com.android.packageinstaller.UninstallerActivity
02-04 19:16:57.854 D/SoundTriggerHelper( 1090): stopRecognition for keyphraseId=100, callback =android.os.BinderProxy@db655e0
02-04 19:16:57.854 D/SoundTriggerHelper( 1090): current callback=android.os.BinderProxy@db655e0
02-04 19:16:57.867 D/SoundTriggerHelper( 1090): Model being stopped :Handle: 1
02-04 19:16:57.867 D/SoundTriggerHelper( 1090): ModelState: LOADED
02-04 19:16:57.867 D/SoundTriggerHelper( 1090): Requested: No
02-04 19:16:57.867 D/SoundTriggerHelper( 1090): Callback: android.os.BinderProxy@db655e0
02-04 19:16:57.867 D/SoundTriggerHelper( 1090): UUID: 9eca97d8-47aa-4163-bbd1-34385e9ff5d0
02-04 19:16:57.867 D/SoundTriggerHelper( 1090): Model type: Keyphrase
02-04 19:16:57.908 V/ActivityThread(13441): ActivityThread,callActivityOnCreate
02-04 19:16:57.925 V/WindowManager( 1090): Exit animation finished in Window{17421c9 u0 com.huawei.android.launcher/com.huawei.android.launcher.unihome.UniHomeLauncher EXITING}: remove=false
02-04 19:16:57.925 V/WindowManager( 1090): Exit animation finished in Window{7d93128 u0 com.huawei.android.launcher/com.huawei.android.launcher.unihome.UniHomeLauncher EXITING}: remove=false
02-04 19:16:57.927 V/HwWindowManagerService( 1090): current window do not support force rotation mAppToken:null
02-04 19:16:57.927 I/chatty  ( 1090): uid=1000(system) android.anim identical 5 lines
02-04 19:16:57.927 V/HwWindowManagerService( 1090): current window do not support force rotation mAppToken:null
02-04 19:16:57.927 V/HwWindowManagerService( 1090): current window do not support force rotation mAppToken:AppWindowToken{8cd00f8 token=Token{874b05b ActivityRecord{c27c36a u0 com.jam.dentsu.noupathyproto/.MainActivity t477}}}
02-04 19:16:57.931 V/HwWindowManagerService( 1090): current window do not support force rotation mAppToken:null
02-04 19:16:57.932 I/chatty  ( 1090): uid=1000(system) android.anim identical 5 lines
02-04 19:16:57.932 V/HwWindowManagerService( 1090): current window do not support force rotation mAppToken:null
02-04 19:16:57.932 V/HwWindowManagerService( 1090): current window do not support force rotation mAppToken:AppWindowToken{8cd00f8 token=Token{874b05b ActivityRecord{c27c36a u0 com.jam.dentsu.noupathyproto/.MainActivity t477}}}
02-04 19:16:57.942 D/HwNetworkManagementService( 1090): code == CODE_GET_AD_KEY_LIST
02-04 19:16:57.942 D/HwNetworkManagementService( 1090): appName = com.jam.dentsu.noupathyproto  is not in the mAdViewMap! reply none
02-04 19:16:57.942 D/HwNetworkManagementService( 1090): appName = com.jam.dentsu.noupathyproto  is not in the mAdIdMap! reply none
02-04 19:16:58.256 D/ActivityThread(13441): add activity client record, r= ActivityRecord{e8a41eb token=android.os.BinderProxy@24e9310 {com.jam.dentsu.noupathyproto/com.jam.dentsu.noupathyproto.MainActivity}} token= android.os.BinderProxy@24e9310
02-04 19:16:58.281 V/WindowManager( 1090): Adding Window{4d6b372 u0 com.jam.dentsu.noupathyproto/com.jam.dentsu.noupathyproto.MainActivity} to AppWindowToken{8cd00f8 token=Token{874b05b ActivityRecord{c27c36a u0 com.jam.dentsu.noupathyproto/.MainActivity t477}}}
02-04 19:16:58.282 V/WindowManager( 1090): addWindow: New client android.os.BinderProxy@548187d: window=Window{4d6b372 u0 com.jam.dentsu.noupathyproto/com.jam.dentsu.noupathyproto.MainActivity} Callers=com.android.server.wm.HwWindowManagerService.addWindow:585 com.android.server.wm.Session.addToDisplay:199 android.view.IWindowSession$Stub.onTransact:124 com.android.server.wm.Session.onTransact:161 android.os.Binder.execTransact:675 
02-04 19:16:58.338 I/WindowManager( 1090): relayoutVisibleWindow: set isFormatChanged
02-04 19:16:58.341 W/WindowManager( 1090): EGLdebug Created surface WindowStateAnimator{64353c3 com.jam.dentsu.noupathyproto/com.jam.dentsu.noupathyproto.MainActivity}
02-04 19:16:58.342 V/HwPhoneWindowManager( 1090): updateSystemUiColorLw window=Window{4d6b372 u0 com.jam.dentsu.noupathyproto/com.jam.dentsu.noupathyproto.MainActivity},EmuiStyle=0,StatusBarColor=0xff000000,NavigationBarColor=0xff000000, mLastIsEmuiLightStyle=-1, mForceNotchStatusBar=false
02-04 19:16:58.342 I/CommandQueue( 1366): updateBarBgColor
02-04 19:16:58.342 D/CommandQueue( 1366): CommandQueue, setBarBackgroundColor
02-04 19:16:58.420 D/WindowManager( 1090): finishDrawingWindow: Window{4d6b372 u0 com.jam.dentsu.noupathyproto/com.jam.dentsu.noupathyproto.MainActivity} mDrawState=DRAW_PENDING
02-04 19:16:58.431 V/WindowManager( 1090): removeIfPossible: Window{a80743c u0 Splash Screen com.jam.dentsu.noupathyproto} callers=com.android.server.wm.WindowState.removeIfPossible:1914 com.android.server.wm.WindowManagerService.removeWindow:2045 com.android.server.wm.Session.remove:218 android.view.ViewRootImpl.dispatchDetachedFromWindow:3774 android.view.ViewRootImpl.doDie:6861 
02-04 19:16:58.432 V/WindowManager( 1090): Not removing Window{a80743c u0 Splash Screen com.jam.dentsu.noupathyproto EXITING} due to exit animation 
02-04 19:16:58.441 D/WindowManager( 1090): finishDrawingWindow: Window{4d6b372 u0 com.jam.dentsu.noupathyproto/com.jam.dentsu.noupathyproto.MainActivity} mDrawState=HAS_DRAWN
02-04 19:16:58.492 V/WindowManager( 1090): notifyAppStopped: AppWindowToken{b69a840 token=Token{d9c7c3 ActivityRecord{2ae7772 u0 com.huawei.android.launcher/.unihome.UniHomeLauncher t1}}}
02-04 19:16:58.492 E/WindowManager( 1090): win=Window{7d93128 u0 com.huawei.android.launcher/com.huawei.android.launcher.unihome.UniHomeLauncher} destroySurfaces: appStopped=true win.mWindowRemovalAllowed=false win.mRemoveOnExit=false
02-04 19:16:58.493 I/WindowManager( 1090): Destroying surface Surface(name=com.huawei.android.launcher/com.huawei.android.launcher.unihome.UniHomeLauncher) called by com.android.server.wm.WindowStateAnimator.destroySurface:2092 com.android.server.wm.WindowStateAnimator.destroySurfaceLocked:899 com.android.server.wm.HwWindowStateAnimator.destroySurfaceLocked:1006 com.android.server.wm.WindowState.destroyOrSaveSurfaceUnchecked:2998 com.android.server.wm.WindowState.destroySurface:2951 com.android.server.wm.AppWindowToken.destroySurfaces:671 com.android.server.wm.AppWindowToken.destroySurfaces:655 com.android.server.wm.AppWindowToken.notifyAppStopped:699 
02-04 19:16:58.493 E/WindowManager( 1090): win=Window{17421c9 u0 com.huawei.android.launcher/com.huawei.android.launcher.unihome.UniHomeLauncher} destroySurfaces: appStopped=true win.mWindowRemovalAllowed=false win.mRemoveOnExit=false
02-04 19:16:58.494 I/WindowManager( 1090): Destroying surface Surface(name=com.huawei.android.launcher/com.huawei.android.launcher.unihome.UniHomeLauncher) called by com.android.server.wm.WindowStateAnimator.destroySurface:2092 com.android.server.wm.WindowStateAnimator.destroySurfaceLocked:899 com.android.server.wm.HwWindowStateAnimator.destroySurfaceLocked:1006 com.android.server.wm.WindowState.destroyOrSaveSurfaceUnchecked:2998 com.android.server.wm.WindowState.destroySurface:2951 com.android.server.wm.AppWindowToken.destroySurfaces:671 com.android.server.wm.AppWindowToken.destroySurfaces:655 com.android.server.wm.AppWindowToken.notifyAppStopped:699 
02-04 19:16:58.498 D/HwGameAssistantController( 1090): pid=1652, uid=10068, foreground=false
02-04 19:16:58.508 I/HwNetworkPolicy( 1090): onTransact, code = 15
02-04 19:16:58.541 V/WindowManager( 1090): Exit animation finished in Window{a80743c u0 Splash Screen com.jam.dentsu.noupathyproto EXITING}: remove=true
02-04 19:16:58.541 E/WindowManager( 1090): win=Window{a80743c u0 Splash Screen com.jam.dentsu.noupathyproto EXITING} destroySurfaces: appStopped=false win.mWindowRemovalAllowed=true win.mRemoveOnExit=true
02-04 19:16:58.542 I/WindowManager( 1090): Destroying surface Surface(name=Splash Screen com.jam.dentsu.noupathyproto) called by com.android.server.wm.WindowStateAnimator.destroySurface:2092 com.android.server.wm.WindowStateAnimator.destroySurfaceLocked:899 com.android.server.wm.HwWindowStateAnimator.destroySurfaceLocked:1006 com.android.server.wm.WindowState.destroyOrSaveSurfaceUnchecked:2998 com.android.server.wm.WindowState.destroySurface:2951 com.android.server.wm.AppWindowToken.destroySurfaces:671 com.android.server.wm.AppWindowToken.destroySurfaces:655 com.android.server.wm.WindowState.onExitAnimationDone:4424 
02-04 19:16:58.542 V/WindowManager( 1090): postWindowRemoveCleanupLocked: Window{a80743c u0 Splash Screen com.jam.dentsu.noupathyproto}
02-04 19:16:58.542 V/WindowManager( 1090): Removing Window{a80743c u0 Splash Screen com.jam.dentsu.noupathyproto} from AppWindowToken{8cd00f8 token=Token{874b05b ActivityRecord{c27c36a u0 com.jam.dentsu.noupathyproto/.MainActivity t477}}}
02-04 19:16:59.051 E/wificond(  651): Failed to get NL80211_RATE_INFO_NOISE
02-04 19:16:59.051 E/wificond(  651): Failed to get NL80211_RATE_INFO_SNR
02-04 19:16:59.051 E/wificond(  651): Failed to get NL80211_STA_INFO_CNAHLOAD
02-04 19:16:59.052 E/wificond(  651): Failed to get NL80211_RATE_INFO_NOISE
02-04 19:16:59.052 E/wificond(  651): Failed to get NL80211_RATE_INFO_SNR
02-04 19:16:59.052 E/wificond(  651): Failed to get NL80211_STA_INFO_CNAHLOAD
02-04 19:16:59.334 E/wificond(  651): Failed to get NL80211_RATE_INFO_NOISE
02-04 19:16:59.334 E/wificond(  651): Failed to get NL80211_RATE_INFO_SNR
02-04 19:16:59.334 E/wificond(  651): Failed to get NL80211_STA_INFO_CNAHLOAD
02-04 19:17:00.002 V/AlarmManager( 1090): Received TIME_TICK alarm; rescheduling
02-04 19:17:00.003 I/HwAlarmManagerService( 1090): hwSetAlarm listenerTag: time_tick
02-04 19:17:00.153 V/BroadcastQueue( 1090): Finished with ordered broadcast BroadcastRecord{e19783b u-1 android.intent.action.TIME_TICK}
02-04 19:17:00.157 V/BroadcastQueue( 1090): Finished with ordered broadcast BroadcastRecord{c1c5b58 u0 com.microsoft.office.outlook.action.AGENDA_APPWIDGET_UPDATE}
02-04 19:17:00.385 V/BroadcastQueue( 1090): Finished with ordered broadcast BroadcastRecord{8207d96 u0 com.huawei.action.CONNECT_PUSHSRV}
02-04 19:17:01.311 W/ContextImpl( 4643): Calling a method in the system process without a qualified user: android.app.ContextImpl.sendBroadcast:1074 android.content.ContextWrapper.sendBroadcast:431 com.huawei.android.pushagent.model.channel.entity.a.c.sd:472 com.huawei.android.pushagent.model.channel.entity.a.c.rp:438 com.huawei.android.pushagent.model.channel.entity.a.sh:50 
02-04 19:17:02.349 E/wificond(  651): Failed to get NL80211_RATE_INFO_NOISE
02-04 19:17:02.350 E/wificond(  651): Failed to get NL80211_RATE_INFO_SNR
02-04 19:17:02.350 E/wificond(  651): Failed to get NL80211_STA_INFO_CNAHLOAD
02-04 19:17:04.397 W/SocketListener(  447): sending broadcast to Pid = 1090, Uid = 1000 
02-04 19:17:04.400 W/SocketListener(  447): sending broadcast to Pid = 1090, Uid = 1000 
02-04 19:17:04.402 D/NetdConnector( 1090): RCV <- {661 ReportType 0 0 0 0 0 0 0 0 0 0 0 0 0 0 0 0 0 0 0 0 0 0 0 0 0 0 0 0 0 0 0 0 0 0 0 0 0 0 0 0 0 0 0 0 0 0 0 0 0 0 0 0 0 0 0 0 0 0 0 0 0 0 0 0 0 0 0 0 0 0 0 0 0 0 0 0 0 0 0 0 0 0 0 0 0 0 0 0 0 0 0 0 0 0 0 0 0 0 0 0 0 0 0 0 0 0 0 0 0 0 0 0 0 0 0 0 0 0 0 0 0 0 0 0 0 0 0 0 0 0 0 0 0 0 0 0 0 0 0 0 0 0 0 0 0 0 0 0 0 0 0 0 0 0 0 0 0 0 0 0 0 0 0 0 0 0 0 0 0 0 0 0 0 0 0 0 0 0 0 0 0 0 0 0 0 0 0 0 0 0 0 0 0 0 0 0 0 0 0 0 0 0 0 0 0 0 0 0 0 0 0 0 ReportType 0 289 10 1 0 0 1 3 1 0 0 0 0 0 2 0 0 0 1 1 0 0 0 0 0 0 0 0 0 0 0 0 0 0 0 0 0 0 0 0 0 0 0 0 0 0 0 0 0 0 0 0 0 0 0 0 0 0 0 0 0 0 0 0 0 0 0 0 0 0 0 0 0 0 0 0 0 0 0 0 0 0 0 0 0 0 0 0 0 0 0 0 0 0 0 0 0 0 0 0 0 0 0 0 0 0 0 0 0 0 0 0 0 0 0 0 0 0 0 0 0 0 0 0 0 0 0 0 0 0 0 0 0 0 0 0 0 0 0 0 0 0 0 0 0 0 0 0 0 0 0 0 0 0 0 0 0 0 0 0 0 0 0 0 0 0 0 0 0 0 0 0 0 0 0 0 0 0 0 0 0 0 0 0 0 0 0 0 0 0 0 0 0 0 0 0 0 0 0 0 0 0 0 0 0 0 0 0 0 0 0 0}
02-04 19:17:04.404 W/SocketListener(  447): sending broadcast to Pid = 1090, Uid = 1000 
